Archive member included because of file (symbol)

/opt/gcc-arm-none-eabi-4_9-2015q3/bin/../lib/gcc/arm-none-eabi/4.9.3/armv7-m/libgcc.a(_arm_addsubdf3.o)
                              ./src/UART_freertos.o (__aeabi_dsub)
/opt/gcc-arm-none-eabi-4_9-2015q3/bin/../lib/gcc/arm-none-eabi/4.9.3/armv7-m/libgcc.a(_arm_muldivdf3.o)
                              ./src/UART_freertos.o (__aeabi_dmul)
/opt/gcc-arm-none-eabi-4_9-2015q3/bin/../lib/gcc/arm-none-eabi/4.9.3/armv7-m/libgcc.a(_arm_cmpdf2.o)
                              ./src/UART_freertos.o (__aeabi_dcmplt)
/opt/gcc-arm-none-eabi-4_9-2015q3/bin/../lib/gcc/arm-none-eabi/4.9.3/armv7-m/libgcc.a(_arm_fixdfsi.o)
                              ./src/UART_freertos.o (__aeabi_d2iz)
/opt/gcc-arm-none-eabi-4_9-2015q3/bin/../lib/gcc/arm-none-eabi/4.9.3/../../../../arm-none-eabi/lib/armv7-m/libg_nano.a(lib_a-atoi.o)
                              ./src/main.o (atoi)
/opt/gcc-arm-none-eabi-4_9-2015q3/bin/../lib/gcc/arm-none-eabi/4.9.3/../../../../arm-none-eabi/lib/armv7-m/libg_nano.a(lib_a-errno.o)
                              ./system/src/newlib/_sbrk.o (__errno)
/opt/gcc-arm-none-eabi-4_9-2015q3/bin/../lib/gcc/arm-none-eabi/4.9.3/../../../../arm-none-eabi/lib/armv7-m/libg_nano.a(lib_a-impure.o)
                              /opt/gcc-arm-none-eabi-4_9-2015q3/bin/../lib/gcc/arm-none-eabi/4.9.3/../../../../arm-none-eabi/lib/armv7-m/libg_nano.a(lib_a-errno.o) (_impure_ptr)
/opt/gcc-arm-none-eabi-4_9-2015q3/bin/../lib/gcc/arm-none-eabi/4.9.3/../../../../arm-none-eabi/lib/armv7-m/libg_nano.a(lib_a-itoa.o)
                              ./src/main.o (itoa)
/opt/gcc-arm-none-eabi-4_9-2015q3/bin/../lib/gcc/arm-none-eabi/4.9.3/../../../../arm-none-eabi/lib/armv7-m/libg_nano.a(lib_a-malloc.o)
                              ./src/heap_3.o (malloc)
/opt/gcc-arm-none-eabi-4_9-2015q3/bin/../lib/gcc/arm-none-eabi/4.9.3/../../../../arm-none-eabi/lib/armv7-m/libg_nano.a(lib_a-memcpy.o)
                              ./src/queue.o (memcpy)
/opt/gcc-arm-none-eabi-4_9-2015q3/bin/../lib/gcc/arm-none-eabi/4.9.3/../../../../arm-none-eabi/lib/armv7-m/libg_nano.a(lib_a-memset.o)
                              ./src/main.o (memset)
/opt/gcc-arm-none-eabi-4_9-2015q3/bin/../lib/gcc/arm-none-eabi/4.9.3/../../../../arm-none-eabi/lib/armv7-m/libg_nano.a(lib_a-nano-freer.o)
                              /opt/gcc-arm-none-eabi-4_9-2015q3/bin/../lib/gcc/arm-none-eabi/4.9.3/../../../../arm-none-eabi/lib/armv7-m/libg_nano.a(lib_a-malloc.o) (_free_r)
/opt/gcc-arm-none-eabi-4_9-2015q3/bin/../lib/gcc/arm-none-eabi/4.9.3/../../../../arm-none-eabi/lib/armv7-m/libg_nano.a(lib_a-nano-mallocr.o)
                              /opt/gcc-arm-none-eabi-4_9-2015q3/bin/../lib/gcc/arm-none-eabi/4.9.3/../../../../arm-none-eabi/lib/armv7-m/libg_nano.a(lib_a-malloc.o) (_malloc_r)
/opt/gcc-arm-none-eabi-4_9-2015q3/bin/../lib/gcc/arm-none-eabi/4.9.3/../../../../arm-none-eabi/lib/armv7-m/libg_nano.a(lib_a-sbrkr.o)
                              /opt/gcc-arm-none-eabi-4_9-2015q3/bin/../lib/gcc/arm-none-eabi/4.9.3/../../../../arm-none-eabi/lib/armv7-m/libg_nano.a(lib_a-nano-mallocr.o) (_sbrk_r)
/opt/gcc-arm-none-eabi-4_9-2015q3/bin/../lib/gcc/arm-none-eabi/4.9.3/../../../../arm-none-eabi/lib/armv7-m/libg_nano.a(lib_a-sprintf.o)
                              ./src/main.o (sprintf)
/opt/gcc-arm-none-eabi-4_9-2015q3/bin/../lib/gcc/arm-none-eabi/4.9.3/../../../../arm-none-eabi/lib/armv7-m/libg_nano.a(lib_a-strcpy.o)
                              ./src/main.o (strcpy)
/opt/gcc-arm-none-eabi-4_9-2015q3/bin/../lib/gcc/arm-none-eabi/4.9.3/../../../../arm-none-eabi/lib/armv7-m/libg_nano.a(lib_a-strlen.o)
                              ./system/src/diag/Trace.o (strlen)
/opt/gcc-arm-none-eabi-4_9-2015q3/bin/../lib/gcc/arm-none-eabi/4.9.3/../../../../arm-none-eabi/lib/armv7-m/libg_nano.a(lib_a-strstr.o)
                              ./src/main.o (strstr)
/opt/gcc-arm-none-eabi-4_9-2015q3/bin/../lib/gcc/arm-none-eabi/4.9.3/../../../../arm-none-eabi/lib/armv7-m/libg_nano.a(lib_a-strtol.o)
                              /opt/gcc-arm-none-eabi-4_9-2015q3/bin/../lib/gcc/arm-none-eabi/4.9.3/../../../../arm-none-eabi/lib/armv7-m/libg_nano.a(lib_a-atoi.o) (_strtol_r)
/opt/gcc-arm-none-eabi-4_9-2015q3/bin/../lib/gcc/arm-none-eabi/4.9.3/../../../../arm-none-eabi/lib/armv7-m/libg_nano.a(lib_a-utoa.o)
                              /opt/gcc-arm-none-eabi-4_9-2015q3/bin/../lib/gcc/arm-none-eabi/4.9.3/../../../../arm-none-eabi/lib/armv7-m/libg_nano.a(lib_a-itoa.o) (__utoa)
/opt/gcc-arm-none-eabi-4_9-2015q3/bin/../lib/gcc/arm-none-eabi/4.9.3/../../../../arm-none-eabi/lib/armv7-m/libg_nano.a(lib_a-vsnprintf.o)
                              ./system/src/diag/Trace.o (vsnprintf)
/opt/gcc-arm-none-eabi-4_9-2015q3/bin/../lib/gcc/arm-none-eabi/4.9.3/../../../../arm-none-eabi/lib/armv7-m/libg_nano.a(lib_a-ctype_.o)
[...]
Memory Configuration

Name             Origin             Length             Attributes
RAM              0x20000000         0x00005000         xrw
CCMRAM           0x00000000         0x00000000         xrw
FLASH            0x08000000         0x00020000         xr
FLASHB1          0x00000000         0x00000000         xr
EXTMEMB0         0x00000000         0x00000000         xr
EXTMEMB1         0x00000000         0x00000000         xr
EXTMEMB2         0x00000000         0x00000000         xr
EXTMEMB3         0x00000000         0x00000000         xr
MEMORY_ARRAY     0x00000000         0x00000000         xrw
*default*        0x00000000         0xffffffff

Linker script and memory map

LOAD ./system/src/stm32f1-stdperiph/misc.o
LOAD ./system/src/stm32f1-stdperiph/stm32f10x_adc.o
LOAD ./system/src/stm32f1-stdperiph/stm32f10x_bkp.o
LOAD ./system/src/stm32f1-stdperiph/stm32f10x_can.o
LOAD ./system/src/stm32f1-stdperiph/stm32f10x_cec.o
LOAD ./system/src/stm32f1-stdperiph/stm32f10x_crc.o
LOAD ./system/src/stm32f1-stdperiph/stm32f10x_dac.o
LOAD ./system/src/stm32f1-stdperiph/stm32f10x_dbgmcu.o
LOAD ./system/src/stm32f1-stdperiph/stm32f10x_dma.o
LOAD ./system/src/stm32f1-stdperiph/stm32f10x_exti.o
LOAD ./system/src/stm32f1-stdperiph/stm32f10x_flash.o
LOAD ./system/src/stm32f1-stdperiph/stm32f10x_fsmc.o
LOAD ./system/src/stm32f1-stdperiph/stm32f10x_gpio.o
LOAD ./system/src/stm32f1-stdperiph/stm32f10x_i2c.o
LOAD ./system/src/stm32f1-stdperiph/stm32f10x_iwdg.o
LOAD ./system/src/stm32f1-stdperiph/stm32f10x_pwr.o
LOAD ./system/src/stm32f1-stdperiph/stm32f10x_rcc.o
LOAD ./system/src/stm32f1-stdperiph/stm32f10x_rtc.o
LOAD ./system/src/stm32f1-stdperiph/stm32f10x_sdio.o
LOAD ./system/src/stm32f1-stdperiph/stm32f10x_spi.o
LOAD ./system/src/stm32f1-stdperiph/stm32f10x_tim.o
LOAD ./system/src/stm32f1-stdperiph/stm32f10x_usart.o
LOAD ./system/src/stm32f1-stdperiph/stm32f10x_wwdg.o
LOAD ./system/src/newlib/_cxx.o
LOAD ./system/src/newlib/_exit.o
LOAD ./system/src/newlib/_sbrk.o
LOAD ./system/src/newlib/_startup.o
LOAD ./system/src/newlib/_syscalls.o
LOAD ./system/src/newlib/assert.o
LOAD ./system/src/diag/Trace.o
LOAD ./system/src/diag/trace_impl.o
LOAD ./system/src/cortexm/_initialize_hardware.o
LOAD ./system/src/cortexm/_reset_hardware.o
LOAD ./system/src/cortexm/exception_handlers.o
LOAD ./system/src/cmsis/system_stm32f10x.o
LOAD ./system/src/cmsis/vectors_stm32f10x.o
LOAD ./src/UART_freertos.o
LOAD ./src/_write.o
LOAD ./src/croutine.o
LOAD ./src/event_groups.o
LOAD ./src/fonts.o
LOAD ./src/heap_3.o
LOAD ./src/list.o
LOAD ./src/main.o
LOAD ./src/port.o
LOAD ./src/queue.o
LOAD ./src/ssd1306.o
LOAD ./src/ssd1306_i2c.o
LOAD ./src/tasks.o
LOAD ./src/timers.o
LOAD /opt/gcc-arm-none-eabi-4_9-2015q3/bin/../lib/gcc/arm-none-eabi/4.9.3/../../../../arm-none-eabi/lib/armv7-m/libstdc++_nano.a
LOAD /opt/gcc-arm-none-eabi-4_9-2015q3/bin/../lib/gcc/arm-none-eabi/4.9.3/../../../../arm-none-eabi/lib/armv7-m/libm.a
START GROUP
LOAD /opt/gcc-arm-none-eabi-4_9-2015q3/bin/../lib/gcc/arm-none-eabi/4.9.3/armv7-m/libgcc.a
LOAD /opt/gcc-arm-none-eabi-4_9-2015q3/bin/../lib/gcc/arm-none-eabi/4.9.3/../../../../arm-none-eabi/lib/armv7-m/libg_nano.a
LOAD /opt/gcc-arm-none-eabi-4_9-2015q3/bin/../lib/gcc/arm-none-eabi/4.9.3/../../../../arm-none-eabi/lib/armv7-m/libc_nano.a
END GROUP
START GROUP
LOAD /opt/gcc-arm-none-eabi-4_9-2015q3/bin/../lib/gcc/arm-none-eabi/4.9.3/armv7-m/libgcc.a
LOAD /opt/gcc-arm-none-eabi-4_9-2015q3/bin/../lib/gcc/arm-none-eabi/4.9.3/../../../../arm-none-eabi/lib/armv7-m/libc_nano.a
END GROUP
                0x20005000                __stack = (ORIGIN (RAM) + 0x5000)
                0x20005000                _estack = __stack
                0x00000400                __Main_Stack_Size = 0x400
                0x00000400                PROVIDE (_Main_Stack_Size, __Main_Stack_Size)
                0x20004c00                __Main_Stack_Limit = (__stack - __Main_Stack_Size)
                0x20004c00                PROVIDE (_Main_Stack_Limit, __Main_Stack_Limit)
                0x00000100                _Minimum_Stack_Size = 0x100
                0x20000774                PROVIDE (_Heap_Begin, _end_noinit)
                0x20004c00                PROVIDE (_Heap_Limit, (__stack - __Main_Stack_Size))

.isr_vector     0x08000000      0x354
 FILL mask 0xff
                0x08000000                __vectors_start = ABSOLUTE (.)
                0x08000000                __vectors_start__ = ABSOLUTE (.)
 *(.isr_vector)
 .isr_vector    0x08000000      0x10c ./system/src/cmsis/vectors_stm32f10x.o
                0x08000000                __isr_vectors
 *(.cfmconfig)
 *(.after_vectors .after_vectors.*)
 .after_vectors
                0x0800010c      0x114 ./system/src/newlib/_startup.o
                0x0800010c                _start
 .after_vectors
                0x08000220      0x130 ./system/src/cortexm/exception_handlers.o
                0x08000220                Reset_Handler
                0x08000228                NMI_Handler
                0x0800022c                HardFault_Handler
                0x08000240                HardFault_Handler_C
                0x080002a0                MemManage_Handler
                0x080002a4                BusFault_Handler
                0x080002b8                BusFault_Handler_C
                0x080002ec                UsageFault_Handler
                0x08000300                UsageFault_Handler_C
                0x08000338                DebugMon_Handler
 .after_vectors
                0x08000350        0x4 ./system/src/cmsis/vectors_stm32f10x.o
                0x08000350                EXTI2_IRQHandler
                0x08000350                TIM8_TRG_COM_IRQHandler
                0x08000350                TIM8_CC_IRQHandler
                0x08000350                TIM1_CC_IRQHandler
                0x08000350                TIM6_IRQHandler
                0x08000350                PVD_IRQHandler
                0x08000350                SDIO_IRQHandler
                0x08000350                CAN2_RX1_IRQHandler
                0x08000350                EXTI3_IRQHandler
                0x08000350                TIM8_TRG_COM_TIM14_IRQHandler
                0x08000350                TIM1_UP_TIM10_IRQHandler
                0x08000350                TIM8_UP_TIM13_IRQHandler
                0x08000350                EXTI0_IRQHandler
                0x08000350                I2C2_EV_IRQHandler
                0x08000350                CAN1_RX0_IRQHandler
                0x08000350                TIM1_UP_TIM16_IRQHandler
                0x08000350                CAN2_SCE_IRQHandler
                0x08000350                ADC1_2_IRQHandler
                0x08000350                SPI1_IRQHandler
                0x08000350                TAMPER_IRQHandler
                0x08000350                TIM6_DAC_IRQHandler
                0x08000350                TIM1_BRK_TIM9_IRQHandler
                0x08000350                CAN2_RX0_IRQHandler
                0x08000350                TIM8_UP_IRQHandler
                0x08000350                DMA2_Channel2_IRQHandler
                0x08000350                DMA1_Channel4_IRQHandler
                0x08000350                USART3_IRQHandler
                0x08000350                RTC_IRQHandler
                0x08000350                DMA1_Channel7_IRQHandler
                0x08000350                CAN1_RX1_IRQHandler
                0x08000350                UART5_IRQHandler
                0x08000350                ADC3_IRQHandler
                0x08000350                TIM4_IRQHandler
                0x08000350                DMA2_Channel1_IRQHandler
                0x08000350                I2C1_EV_IRQHandler
                0x08000350                DMA1_Channel6_IRQHandler
                0x08000350                UART4_IRQHandler
                0x08000350                DMA2_Channel4_IRQHandler
                0x08000350                TIM3_IRQHandler
                0x08000350                RCC_IRQHandler
                0x08000350                TIM8_BRK_TIM12_IRQHandler
                0x08000350                TIM1_TRG_COM_IRQHandler
                0x08000350                DMA1_Channel1_IRQHandler
                0x08000350                Default_Handler
                0x08000350                CEC_IRQHandler
                0x08000350                EXTI15_10_IRQHandler
                0x08000350                TIM14_IRQHandler
                0x08000350                TIM13_IRQHandler
                0x08000350                TIM12_IRQHandler
                0x08000350                TIM7_IRQHandler
                0x08000350                CAN2_TX_IRQHandler
                0x08000350                TIM5_IRQHandler
                0x08000350                EXTI9_5_IRQHandler
                0x08000350                ETH_WKUP_IRQHandler
                0x08000350                SPI2_IRQHandler
                0x08000350                CAN1_TX_IRQHandler
                0x08000350                DMA2_Channel5_IRQHandler
                0x08000350                DMA1_Channel5_IRQHandler
                0x08000350                EXTI4_IRQHandler
                0x08000350                USB_LP_CAN1_RX0_IRQHandler
                0x08000350                TIM1_TRG_COM_TIM17_IRQHandler
                0x08000350                USB_HP_CAN1_TX_IRQHandler
                0x08000350                DMA1_Channel3_IRQHandler
                0x08000350                FSMC_IRQHandler
                0x08000350                ETH_IRQHandler
                0x08000350                TIM1_UP_IRQHandler
                0x08000350                WWDG_IRQHandler
                0x08000350                TIM2_IRQHandler
                0x08000350                OTG_FS_WKUP_IRQHandler
                0x08000350                TIM1_TRG_COM_TIM11_IRQHandler
                0x08000350                TIM1_BRK_IRQHandler
                0x08000350                EXTI1_IRQHandler
                0x08000350                RTCAlarm_IRQHandler
                0x08000350                DMA2_Channel4_5_IRQHandler
                0x08000350                I2C2_ER_IRQHandler
                0x08000350                DMA1_Channel2_IRQHandler
                0x08000350                TIM8_BRK_IRQHandler
                0x08000350                CAN1_SCE_IRQHandler
                0x08000350                FLASH_IRQHandler
                0x08000350                OTG_FS_IRQHandler
                0x08000350                SPI3_IRQHandler
                0x08000350                I2C1_ER_IRQHandler
                0x08000350                USBWakeUp_IRQHandler
                0x08000350                DMA2_Channel3_IRQHandler
                0x08000350                TIM1_BRK_TIM15_IRQHandler

.inits          0x08000354       0x28
                0x08000354                __data_regions_array_start = .
                0x08000354        0x4 LONG 0x8005524 LOADADDR (.data)
                0x08000358        0x4 LONG 0x20000000 ADDR (.data)
                0x0800035c        0x4 LONG 0x200000a8 (ADDR (.data) + SIZEOF (.data))
                0x08000360        0x4 LONG 0x8005524 LOADADDR (.data_CCMRAM)
                0x08000364        0x4 LONG 0x0 ADDR (.data_CCMRAM)
                0x08000368        0x4 LONG 0x0 (ADDR (.data_CCMRAM) + SIZEOF (.data_CCMRAM))
                0x0800036c                __data_regions_array_end = .
                0x0800036c                __bss_regions_array_start = .
                0x0800036c        0x4 LONG 0x200000a8 ADDR (.bss)
                0x08000370        0x4 LONG 0x20000774 (ADDR (.bss) + SIZEOF (.bss))
                0x08000374        0x4 LONG 0x0 ADDR (.bss_CCMRAM)
                0x08000378        0x4 LONG 0x0 (ADDR (.bss_CCMRAM) + SIZEOF (.bss_CCMRAM))
                0x0800037c                __bss_regions_array_end = .
 *(.init)
 *(.fini)
                0x0800037c                . = ALIGN (0x4)
                0x0800037c                PROVIDE (__preinit_array_start, .)
 *(.preinit_array_sysinit .preinit_array_sysinit.*)
 *(.preinit_array_platform .preinit_array_platform.*)
 *(.preinit_array .preinit_array.*)
                0x0800037c                PROVIDE (__preinit_array_end, .)
                0x0800037c                . = ALIGN (0x4)
                0x0800037c                PROVIDE (__init_array_start, .)
 *(SORT(.init_array.*))
 *(.init_array)
                0x0800037c                PROVIDE (__init_array_end, .)
                0x0800037c                . = ALIGN (0x4)
                0x0800037c                PROVIDE (__fini_array_start, .)
 *(SORT(.fini_array.*))
 *(.fini_array)
                0x0800037c                PROVIDE (__fini_array_end, .)

.flashtext
 *(.flashtext .flashtext.*)

.text           0x08000380     0x51a2
 *(.text .text.*)
 .text.NVIC_PriorityGroupConfig
                0x08000380       0x40 ./system/src/stm32f1-stdperiph/misc.o
                0x08000380                NVIC_PriorityGroupConfig
 .text.NVIC_Init
                0x080003c0       0x98 ./system/src/stm32f1-stdperiph/misc.o
                0x080003c0                NVIC_Init
 .text.GPIO_Init
                0x08000458      0x12c ./system/src/stm32f1-stdperiph/stm32f10x_gpio.o
                0x08000458                GPIO_Init
 .text.GPIO_StructInit
                0x08000584       0x10 ./system/src/stm32f1-stdperiph/stm32f10x_gpio.o
                0x08000584                GPIO_StructInit
 .text.GPIO_ReadInputDataBit
                0x08000594       0xb8 ./system/src/stm32f1-stdperiph/stm32f10x_gpio.o
                0x08000594                GPIO_ReadInputDataBit
 .text.GPIO_ReadOutputDataBit
                0x0800064c       0xb8 ./system/src/stm32f1-stdperiph/stm32f10x_gpio.o
                0x0800064c                GPIO_ReadOutputDataBit
 .text.GPIO_SetBits
                0x08000704       0x60 ./system/src/stm32f1-stdperiph/stm32f10x_gpio.o
                0x08000704                GPIO_SetBits
 .text.GPIO_ResetBits
                0x08000764       0x60 ./system/src/stm32f1-stdperiph/stm32f10x_gpio.o
                0x08000764                GPIO_ResetBits
 .text.GPIO_PinRemapConfig
                0x080007c4      0x1d0 ./system/src/stm32f1-stdperiph/stm32f10x_gpio.o
                0x080007c4                GPIO_PinRemapConfig
 .text.I2C_Init
                0x08000994      0x174 ./system/src/stm32f1-stdperiph/stm32f10x_i2c.o
                0x08000994                I2C_Init
 .text.I2C_Cmd  0x08000b08       0x50 ./system/src/stm32f1-stdperiph/stm32f10x_i2c.o
                0x08000b08                I2C_Cmd
 .text.I2C_CheckEvent
                0x08000b58       0xf0 ./system/src/stm32f1-stdperiph/stm32f10x_i2c.o
                0x08000b58                I2C_CheckEvent
 .text.RCC_DeInit
                0x08000c48       0x40 ./system/src/stm32f1-stdperiph/stm32f10x_rcc.o
                0x08000c48                RCC_DeInit
 .text.RCC_HSEConfig
                0x08000c88       0x5c ./system/src/stm32f1-stdperiph/stm32f10x_rcc.o
                0x08000c88                RCC_HSEConfig
 .text.RCC_PLLConfig
                0x08000ce4       0x98 ./system/src/stm32f1-stdperiph/stm32f10x_rcc.o
                0x08000ce4                RCC_PLLConfig
 .text.RCC_PLLCmd
                0x08000d7c       0x20 ./system/src/stm32f1-stdperiph/stm32f10x_rcc.o
                0x08000d7c                RCC_PLLCmd
 .text.RCC_SYSCLKConfig
                0x08000d9c       0x28 ./system/src/stm32f1-stdperiph/stm32f10x_rcc.o
                0x08000d9c                RCC_SYSCLKConfig
 .text.RCC_GetSYSCLKSource
                0x08000dc4       0x10 ./system/src/stm32f1-stdperiph/stm32f10x_rcc.o
                0x08000dc4                RCC_GetSYSCLKSource
 .text.RCC_HCLKConfig
                0x08000dd4       0x48 ./system/src/stm32f1-stdperiph/stm32f10x_rcc.o
                0x08000dd4                RCC_HCLKConfig
 .text.RCC_PCLK1Config
                0x08000e1c       0x40 ./system/src/stm32f1-stdperiph/stm32f10x_rcc.o
                0x08000e1c                RCC_PCLK1Config
 .text.RCC_PCLK2Config
                0x08000e5c       0x40 ./system/src/stm32f1-stdperiph/stm32f10x_rcc.o
                0x08000e5c                RCC_PCLK2Config
 .text.RCC_GetClocksFreq
                0x08000e9c       0xbc ./system/src/stm32f1-stdperiph/stm32f10x_rcc.o
                0x08000e9c                RCC_GetClocksFreq
 .text.RCC_APB2PeriphClockCmd
                0x08000f58       0x4c ./system/src/stm32f1-stdperiph/stm32f10x_rcc.o
                0x08000f58                RCC_APB2PeriphClockCmd
 .text.RCC_APB1PeriphClockCmd
                0x08000fa4       0x4c ./system/src/stm32f1-stdperiph/stm32f10x_rcc.o
                0x08000fa4                RCC_APB1PeriphClockCmd
 .text.RCC_GetFlagStatus
                0x08000ff0       0x70 ./system/src/stm32f1-stdperiph/stm32f10x_rcc.o
                0x08000ff0                RCC_GetFlagStatus
 .text.RCC_WaitForHSEStartUp
                0x08001060       0x34 ./system/src/stm32f1-stdperiph/stm32f10x_rcc.o
                0x08001060                RCC_WaitForHSEStartUp
 .text.USART_Init
                0x08001094      0x1b0 ./system/src/stm32f1-stdperiph/stm32f10x_usart.o
                0x08001094                USART_Init
 .text.USART_Cmd
                0x08001244       0x68 ./system/src/stm32f1-stdperiph/stm32f10x_usart.o
                0x08001244                USART_Cmd
 .text.USART_ITConfig
                0x080012ac       0xec ./system/src/stm32f1-stdperiph/stm32f10x_usart.o
                0x080012ac                USART_ITConfig
 .text.USART_ReceiveData
                0x08001398       0x44 ./system/src/stm32f1-stdperiph/stm32f10x_usart.o
                0x08001398                USART_ReceiveData
 .text.USART_GetITStatus
                0x080013dc       0xfc ./system/src/stm32f1-stdperiph/stm32f10x_usart.o
                0x080013dc                USART_GetITStatus
 .text.USART_ClearITPendingBit
                0x080014d8       0xa0 ./system/src/stm32f1-stdperiph/stm32f10x_usart.o
                0x080014d8                USART_ClearITPendingBit
 .text._exit    0x08001578        0x4 ./system/src/newlib/_exit.o
                0x08001578                _exit
 .text.abort    0x0800157c       0x14 ./system/src/newlib/_exit.o
                0x0800157c                abort
 .text._sbrk    0x08001590       0x44 ./system/src/newlib/_sbrk.o
                0x08001590                _sbrk
 .text.__initialize_args
                0x080015d4       0x10 ./system/src/newlib/_syscalls.o
                0x080015d4                __initialize_args
 .text.assert_failed
                0x080015e4       0x18 ./system/src/newlib/assert.o
                0x080015e4                assert_failed
 .text.trace_printf
                0x080015fc       0x34 ./system/src/diag/Trace.o
                0x080015fc                trace_printf
 .text.trace_puts
                0x08001630       0x20 ./system/src/diag/Trace.o
                0x08001630                trace_puts
 .text._trace_write_semihosting_debug
                0x08001650       0x64 ./system/src/diag/trace_impl.o
 .text.trace_write
                0x080016b4        0x8 ./system/src/diag/trace_impl.o
                0x080016b4                trace_write
 .text.__initialize_hardware_early
                0x080016bc       0x18 ./system/src/cortexm/_initialize_hardware.o
                0x080016bc                __initialize_hardware_early
 .text.__initialize_hardware
                0x080016d4        0x8 ./system/src/cortexm/_initialize_hardware.o
                0x080016d4                __initialize_hardware
 .text.dumpExceptionStack
                0x080016dc       0xf0 ./system/src/cortexm/exception_handlers.o
                0x080016dc                dumpExceptionStack
 .text.isSemihosting
                0x080017cc       0x20 ./system/src/cortexm/exception_handlers.o
                0x080017cc                isSemihosting
 .text.SetSysClockTo72
                0x080017ec       0xc4 ./system/src/cmsis/system_stm32f10x.o
 .text.SetSysClock
                0x080018b0        0x8 ./system/src/cmsis/system_stm32f10x.o
 .text.SystemInit
                0x080018b8       0x50 ./system/src/cmsis/system_stm32f10x.o
                0x080018b8                SystemInit
 .text.SystemCoreClockUpdate
                0x08001908       0x94 ./system/src/cmsis/system_stm32f10x.o
                0x08001908                SystemCoreClockUpdate
 .text.uart_send_byte
                0x0800199c       0x20 ./src/UART_freertos.o
                0x0800199c                uart_send_byte
 .text.uart_send_str
                0x080019bc       0x18 ./src/UART_freertos.o
                0x080019bc                uart_send_str
 .text.uart_send_str_ln
                0x080019d4       0x1c ./src/UART_freertos.o
                0x080019d4                uart_send_str_ln
 .text.uart_send_num
                0x080019f0       0x4c ./src/UART_freertos.o
                0x080019f0                uart_send_num
 .text.pvPortMalloc
                0x08001a3c       0x18 ./src/heap_3.o
                0x08001a3c                pvPortMalloc
 .text.vPortFree
                0x08001a54       0x18 ./src/heap_3.o
                0x08001a54                vPortFree
 .text.vListInitialise
                0x08001a6c       0x18 ./src/list.o
                0x08001a6c                vListInitialise
 .text.vListInitialiseItem
                0x08001a84        0x8 ./src/list.o
                0x08001a84                vListInitialiseItem
 .text.vListInsertEnd
                0x08001a8c       0x18 ./src/list.o
                0x08001a8c                vListInsertEnd
 .text.vListInsert
                0x08001aa4       0x34 ./src/list.o
                0x08001aa4                vListInsert
 .text.uxListRemove
                0x08001ad8       0x24 ./src/list.o
                0x08001ad8                uxListRemove
 .text.vLCD_Update
                0x08001afc       0xbc ./src/main.o
                0x08001afc                vLCD_Update
 .text.led_indicator_init
                0x08001bb8       0x90 ./src/main.o
                0x08001bb8                led_indicator_init
 .text.set_led_status
                0x08001c48       0xf0 ./src/main.o
                0x08001c48                set_led_status
 .text.esp8266ClearBuffer
                0x08001d38       0x1c ./src/main.o
                0x08001d38                esp8266ClearBuffer
 .text.esp8266RxBufferAvailable
                0x08001d54       0x10 ./src/main.o
                0x08001d54                esp8266RxBufferAvailable
 .text.esp8266SendCommand
                0x08001d64       0x60 ./src/main.o
                0x08001d64                esp8266SendCommand
 .text.esp8266SearchBuffer
                0x08001dc4       0x28 ./src/main.o
                0x08001dc4                esp8266SearchBuffer
 .text.esp8266ReadForResponse
                0x08001dec       0x34 ./src/main.o
                0x08001dec                esp8266ReadForResponse
 .text.esp8266ReadForResponses
                0x08001e20       0x4c ./src/main.o
                0x08001e20                esp8266ReadForResponses
 .text.esp8266SetMux
                0x08001e6c       0x38 ./src/main.o
                0x08001e6c                esp8266SetMux
 .text.tcp_getdata
                0x08001ea4       0x38 ./src/main.o
                0x08001ea4                tcp_getdata
 .text.esp8266SetMode
                0x08001edc       0x40 ./src/main.o
                0x08001edc                esp8266SetMode
 .text.esp8266TcpSend
                0x08001f1c       0x70 ./src/main.o
                0x08001f1c                esp8266TcpSend
 .text.esp8266ReadTcpData
                0x08001f8c       0x5c ./src/main.o
                0x08001f8c                esp8266ReadTcpData
 .text.esp8266ServerCreate
                0x08001fe8       0x44 ./src/main.o
                0x08001fe8                esp8266ServerCreate
 .text.USART2_IRQHandler
                0x0800202c       0x6c ./src/main.o
                0x0800202c                USART2_IRQHandler
 .text.led_ppmm
                0x08002098       0x40 ./src/main.o
                0x08002098                led_ppmm
 .text.vEspMain
                0x080020d8      0x12c ./src/main.o
                0x080020d8                vEspMain
 .text.led_toggle
                0x08002204       0x2c ./src/main.o
                0x08002204                led_toggle
 .text.vBlinker
                0x08002230       0x10 ./src/main.o
                0x08002230                vBlinker
 .text.buttonPressedHandle
                0x08002240       0x20 ./src/main.o
                0x08002240                buttonPressedHandle
 .text.vButtonCheck
                0x08002260       0x4c ./src/main.o
                0x08002260                vButtonCheck
 .text.main     0x080022ac      0x2c8 ./src/main.o
                0x080022ac                main
 .text.vApplicationIdleHook
                0x08002574        0x4 ./src/main.o
                0x08002574                vApplicationIdleHook
 .text.USART1_IRQHandler
                0x08002578       0x78 ./src/main.o
                0x08002578                USART1_IRQHandler
 .text.prvTaskExitError
                0x080025f0       0x14 ./src/port.o
 .text.prvPortStartFirstTask
                0x08002604       0x20 ./src/port.o
 .text.pxPortInitialiseStack
                0x08002624       0x24 ./src/port.o
                0x08002624                pxPortInitialiseStack
 *fill*         0x08002648        0x8 
 .text.SVC_Handler
                0x08002650       0x24 ./src/port.o
                0x08002650                SVC_Handler
 .text.vPortEnterCritical
                0x08002674       0x20 ./src/port.o
                0x08002674                vPortEnterCritical
 .text.vPortExitCritical
                0x08002694       0x14 ./src/port.o
                0x08002694                vPortExitCritical
 *fill*         0x080026a8        0x8 
 .text.PendSV_Handler
                0x080026b0       0x44 ./src/port.o
                0x080026b0                PendSV_Handler
 .text.SysTick_Handler
                0x080026f4       0x2c ./src/port.o
                0x080026f4                SysTick_Handler
 .text.vPortSetupTimerInterrupt
                0x08002720       0x18 ./src/port.o
                0x08002720                vPortSetupTimerInterrupt
 .text.xPortStartScheduler
                0x08002738       0x30 ./src/port.o
                0x08002738                xPortStartScheduler
 .text.prvIsQueueFull
                0x08002768       0x20 ./src/queue.o
 .text.prvIsQueueEmpty
                0x08002788       0x1c ./src/queue.o
 .text.prvCopyDataToQueue
                0x080027a4       0x78 ./src/queue.o
 .text.prvCopyDataFromQueue
                0x0800281c       0x24 ./src/queue.o
 .text.prvUnlockQueue
                0x08002840       0x6c ./src/queue.o
 .text.xQueueGenericReset
                0x080028ac       0x6c ./src/queue.o
                0x080028ac                xQueueGenericReset
 .text.prvInitialiseNewQueue
                0x08002918       0x1c ./src/queue.o
 .text.xQueueGenericCreate
                0x08002934       0x34 ./src/queue.o
                0x08002934                xQueueGenericCreate
 .text.xQueueGenericSend
                0x08002968      0x108 ./src/queue.o
                0x08002968                xQueueGenericSend
 .text.xQueueGiveFromISR
                0x08002a70       0x64 ./src/queue.o
                0x08002a70                xQueueGiveFromISR
 .text.xQueueGenericReceive
                0x08002ad4      0x140 ./src/queue.o
                0x08002ad4                xQueueGenericReceive
 .text.SSD1306_UpdateScreen
                0x08002c14       0x5c ./src/ssd1306.o
                0x08002c14                SSD1306_UpdateScreen
 .text.SSD1306_Fill
                0x08002c70       0x1c ./src/ssd1306.o
                0x08002c70                SSD1306_Fill
 .text.SSD1306_Init
                0x08002c8c      0x198 ./src/ssd1306.o
                0x08002c8c                SSD1306_Init
 .text.SSD1306_DrawPixel
                0x08002e24       0x54 ./src/ssd1306.o
                0x08002e24                SSD1306_DrawPixel
 .text.SSD1306_GotoXY
                0x08002e78        0xc ./src/ssd1306.o
                0x08002e78                SSD1306_GotoXY
 .text.SSD1306_Putc
                0x08002e84       0xa0 ./src/ssd1306.o
                0x08002e84                SSD1306_Putc
 .text.SSD1306_Puts
                0x08002f24       0x30 ./src/ssd1306.o
                0x08002f24                SSD1306_Puts
 .text.ssd1306_I2C_Init
                0x08002f54       0x78 ./src/ssd1306_i2c.o
                0x08002f54                ssd1306_I2C_Init
 .text.ssd1306_I2C_Start
                0x08002fcc       0xa4 ./src/ssd1306_i2c.o
                0x08002fcc                ssd1306_I2C_Start
 .text.ssd1306_I2C_WriteData
                0x08003070       0x2c ./src/ssd1306_i2c.o
                0x08003070                ssd1306_I2C_WriteData
 .text.ssd1306_I2C_Stop
                0x0800309c       0x44 ./src/ssd1306_i2c.o
                0x0800309c                ssd1306_I2C_Stop
 .text.ssd1306_I2C_WriteMulti
                0x080030e0       0x3c ./src/ssd1306_i2c.o
                0x080030e0                ssd1306_I2C_WriteMulti
 .text.ssd1306_I2C_Write
                0x0800311c       0x28 ./src/ssd1306_i2c.o
                0x0800311c                ssd1306_I2C_Write
 .text.ssd1306_I2C_IsDeviceConnected
                0x08003144       0x20 ./src/ssd1306_i2c.o
                0x08003144                ssd1306_I2C_IsDeviceConnected
 .text.prvResetNextTaskUnblockTime
                0x08003164       0x34 ./src/tasks.o
 .text.prvInitialiseNewTask
                0x08003198       0x80 ./src/tasks.o
 .text.prvInitialiseTaskLists
                0x08003218       0x5c ./src/tasks.o
 .text.prvAddNewTaskToReadyList
                0x08003274       0xa8 ./src/tasks.o
 .text.prvAddCurrentTaskToDelayedList
                0x0800331c       0x7c ./src/tasks.o
 .text.prvIdleTask
                0x08003398       0x28 ./src/tasks.o
 .text.xTaskCreate
                0x080033c0       0x64 ./src/tasks.o
                0x080033c0                xTaskCreate
 .text.vTaskStartScheduler
                0x08003424       0x60 ./src/tasks.o
                0x08003424                vTaskStartScheduler
 .text.vTaskSuspendAll
                0x08003484       0x10 ./src/tasks.o
                0x08003484                vTaskSuspendAll
 .text.xTaskGetTickCount
                0x08003494        0xc ./src/tasks.o
                0x08003494                xTaskGetTickCount
 .text.xTaskIncrementTick
                0x080034a0       0xf0 ./src/tasks.o
                0x080034a0                xTaskIncrementTick
 .text.xTaskResumeAll
                0x08003590       0xe0 ./src/tasks.o
                0x08003590                xTaskResumeAll
 .text.vTaskDelayUntil
                0x08003670       0x68 ./src/tasks.o
                0x08003670                vTaskDelayUntil
 .text.vTaskDelay
                0x080036d8       0x34 ./src/tasks.o
                0x080036d8                vTaskDelay
 .text.vTaskSwitchContext
                0x0800370c       0x84 ./src/tasks.o
                0x0800370c                vTaskSwitchContext
 .text.vTaskPlaceOnEventList
                0x08003790       0x1c ./src/tasks.o
                0x08003790                vTaskPlaceOnEventList
 .text.xTaskRemoveFromEventList
                0x080037ac       0x78 ./src/tasks.o
                0x080037ac                xTaskRemoveFromEventList
 .text.vTaskSetTimeOutState
                0x08003824       0x18 ./src/tasks.o
                0x08003824                vTaskSetTimeOutState
 .text.xTaskCheckForTimeOut
                0x0800383c       0x58 ./src/tasks.o
                0x0800383c                xTaskCheckForTimeOut
 .text.vTaskMissedYield
                0x08003894        0xc ./src/tasks.o
                0x08003894                vTaskMissedYield
 .text.vTaskPriorityInherit
                0x080038a0       0x88 ./src/tasks.o
                0x080038a0                vTaskPriorityInherit
 .text.xTaskPriorityDisinherit
                0x08003928       0x60 ./src/tasks.o
                0x08003928                xTaskPriorityDisinherit
 .text.pvTaskIncrementMutexHeldCount
                0x08003988       0x1c ./src/tasks.o
                0x08003988                pvTaskIncrementMutexHeldCount
 .text.__errno  0x080039a4        0xc /opt/gcc-arm-none-eabi-4_9-2015q3/bin/../lib/gcc/arm-none-eabi/4.9.3/../../../../arm-none-eabi/lib/armv7-m/libg_nano.a(lib_a-errno.o)
                0x080039a4                __errno
 .text.__itoa   0x080039b0       0x2e /opt/gcc-arm-none-eabi-4_9-2015q3/bin/../lib/gcc/arm-none-eabi/4.9.3/../../../../arm-none-eabi/lib/armv7-m/libg_nano.a(lib_a-itoa.o)
                0x080039b0                __itoa
 .text.itoa     0x080039de        0x4 /opt/gcc-arm-none-eabi-4_9-2015q3/bin/../lib/gcc/arm-none-eabi/4.9.3/../../../../arm-none-eabi/lib/armv7-m/libg_nano.a(lib_a-itoa.o)
                0x080039de                itoa
 *fill*         0x080039e2        0x2 
 .text.malloc   0x080039e4       0x10 /opt/gcc-arm-none-eabi-4_9-2015q3/bin/../lib/gcc/arm-none-eabi/4.9.3/../../../../arm-none-eabi/lib/armv7-m/libg_nano.a(lib_a-malloc.o)
                0x080039e4                malloc
 .text.free     0x080039f4       0x10 /opt/gcc-arm-none-eabi-4_9-2015q3/bin/../lib/gcc/arm-none-eabi/4.9.3/../../../../arm-none-eabi/lib/armv7-m/libg_nano.a(lib_a-malloc.o)
                0x080039f4                free
 .text.memcpy   0x08003a04       0x16 /opt/gcc-arm-none-eabi-4_9-2015q3/bin/../lib/gcc/arm-none-eabi/4.9.3/../../../../arm-none-eabi/lib/armv7-m/libg_nano.a(lib_a-memcpy.o)
                0x08003a04                memcpy
 .text.memset   0x08003a1a       0x10 /opt/gcc-arm-none-eabi-4_9-2015q3/bin/../lib/gcc/arm-none-eabi/4.9.3/../../../../arm-none-eabi/lib/armv7-m/libg_nano.a(lib_a-memset.o)
                0x08003a1a                memset
 *fill*         0x08003a2a        0x2 
 .text._free_r  0x08003a2c       0x88 /opt/gcc-arm-none-eabi-4_9-2015q3/bin/../lib/gcc/arm-none-eabi/4.9.3/../../../../arm-none-eabi/lib/armv7-m/libg_nano.a(lib_a-nano-freer.o)
                0x08003a2c                _free_r
 .text._malloc_r
                0x08003ab4       0xac /opt/gcc-arm-none-eabi-4_9-2015q3/bin/../lib/gcc/arm-none-eabi/4.9.3/../../../../arm-none-eabi/lib/armv7-m/libg_nano.a(lib_a-nano-mallocr.o)
                0x08003ab4                _malloc_r
 .text._sbrk_r  0x08003b60       0x20 /opt/gcc-arm-none-eabi-4_9-2015q3/bin/../lib/gcc/arm-none-eabi/4.9.3/../../../../arm-none-eabi/lib/armv7-m/libg_nano.a(lib_a-sbrkr.o)
                0x08003b60                _sbrk_r
 .text.sprintf  0x08003b80       0x48 /opt/gcc-arm-none-eabi-4_9-2015q3/bin/../lib/gcc/arm-none-eabi/4.9.3/../../../../arm-none-eabi/lib/armv7-m/libg_nano.a(lib_a-sprintf.o)
                0x08003b80                sprintf
                0x08003b80                siprintf
 .text.strcpy   0x08003bc8       0x10 /opt/gcc-arm-none-eabi-4_9-2015q3/bin/../lib/gcc/arm-none-eabi/4.9.3/../../../../arm-none-eabi/lib/armv7-m/libg_nano.a(lib_a-strcpy.o)
                0x08003bc8                strcpy
 .text.strlen   0x08003bd8       0x10 /opt/gcc-arm-none-eabi-4_9-2015q3/bin/../lib/gcc/arm-none-eabi/4.9.3/../../../../arm-none-eabi/lib/armv7-m/libg_nano.a(lib_a-strlen.o)
                0x08003bd8                strlen
 .text.strstr   0x08003be8       0x30 /opt/gcc-arm-none-eabi-4_9-2015q3/bin/../lib/gcc/arm-none-eabi/4.9.3/../../../../arm-none-eabi/lib/armv7-m/libg_nano.a(lib_a-strstr.o)
                0x08003be8                strstr
 .text.__utoa   0x08003c18       0x78 /opt/gcc-arm-none-eabi-4_9-2015q3/bin/../lib/gcc/arm-none-eabi/4.9.3/../../../../arm-none-eabi/lib/armv7-m/libg_nano.a(lib_a-utoa.o)
                0x08003c18                __utoa
 .text._vsnprintf_r
                0x08003c90       0x52 /opt/gcc-arm-none-eabi-4_9-2015q3/bin/../lib/gcc/arm-none-eabi/4.9.3/../../../../arm-none-eabi/lib/armv7-m/libg_nano.a(lib_a-vsnprintf.o)
                0x08003c90                _vsnprintf_r
                0x08003c90                _vsniprintf_r
 *fill*         0x08003ce2        0x2 
 .text.vsnprintf
                0x08003ce4       0x20 /opt/gcc-arm-none-eabi-4_9-2015q3/bin/../lib/gcc/arm-none-eabi/4.9.3/../../../../arm-none-eabi/lib/armv7-m/libg_nano.a(lib_a-vsnprintf.o)
                0x08003ce4                vsnprintf
                0x08003ce4                vsniprintf
 .text.__ssputs_r
                0x08003d04       0xb2 /opt/gcc-arm-none-eabi-4_9-2015q3/bin/../lib/gcc/arm-none-eabi/4.9.3/../../../../arm-none-eabi/lib/armv7-m/libg_nano.a(lib_a-nano-svfprintf.o)
                0x08003d04                __ssputs_r
 *fill*         0x08003db6        0x2 
 .text._svfprintf_r
                0x08003db8      0x1e4 /opt/gcc-arm-none-eabi-4_9-2015q3/bin/../lib/gcc/arm-none-eabi/4.9.3/../../../../arm-none-eabi/lib/armv7-m/libg_nano.a(lib_a-nano-svfprintf.o)
                0x08003db8                _svfprintf_r
                0x08003db8                _svfiprintf_r
 .text._printf_common
                0x08003f9c       0xea /opt/gcc-arm-none-eabi-4_9-2015q3/bin/../lib/gcc/arm-none-eabi/4.9.3/../../../../arm-none-eabi/lib/armv7-m/libg_nano.a(lib_a-nano-vfprintf_i.o)
                0x08003f9c                _printf_common
 *fill*         0x08004086        0x2 
 .text._printf_i
                0x08004088      0x240 /opt/gcc-arm-none-eabi-4_9-2015q3/bin/../lib/gcc/arm-none-eabi/4.9.3/../../../../arm-none-eabi/lib/armv7-m/libg_nano.a(lib_a-nano-vfprintf_i.o)
                0x08004088                _printf_i
 .text.memchr   0x080042c8       0x1c /opt/gcc-arm-none-eabi-4_9-2015q3/bin/../lib/gcc/arm-none-eabi/4.9.3/../../../../arm-none-eabi/lib/armv7-m/libg_nano.a(lib_a-memchr.o)
                0x080042c8                memchr
 .text.memmove  0x080042e4       0x36 /opt/gcc-arm-none-eabi-4_9-2015q3/bin/../lib/gcc/arm-none-eabi/4.9.3/../../../../arm-none-eabi/lib/armv7-m/libg_nano.a(lib_a-memmove.o)
                0x080042e4                memmove
 .text._realloc_r
                0x0800431a       0x4c /opt/gcc-arm-none-eabi-4_9-2015q3/bin/../lib/gcc/arm-none-eabi/4.9.3/../../../../arm-none-eabi/lib/armv7-m/libg_nano.a(lib_a-nano-reallocr.o)
                0x0800431a                _realloc_r
 .text._malloc_usable_size_r
                0x08004366       0x14 /opt/gcc-arm-none-eabi-4_9-2015q3/bin/../lib/gcc/arm-none-eabi/4.9.3/../../../../arm-none-eabi/lib/armv7-m/libg_nano.a(lib_a-nano-msizer.o)
                0x08004366                _malloc_usable_size_r
 *(.rodata .rodata.* .constdata .constdata.*)
 *fill*         0x0800437a        0x2 
 .rodata.str1.4
                0x0800437c       0x27 ./system/src/stm32f1-stdperiph/misc.o
 *fill*         0x080043a3        0x1 
 .rodata.str1.4
                0x080043a4       0x31 ./system/src/stm32f1-stdperiph/stm32f10x_gpio.o
 *fill*         0x080043d5        0x3 
 .rodata.str1.4
                0x080043d8       0x30 ./system/src/stm32f1-stdperiph/stm32f10x_i2c.o
 .rodata.str1.4
                0x08004408       0x30 ./system/src/stm32f1-stdperiph/stm32f10x_rcc.o
 .rodata.str1.4
                0x08004438       0x32 ./system/src/stm32f1-stdperiph/stm32f10x_usart.o
 *fill*         0x0800446a        0x2 
 .rodata.str1.4
                0x0800446c       0x14 ./system/src/newlib/_exit.o
 .rodata.str1.4
                0x08004480       0x6b ./system/src/newlib/assert.o
                                 0x6f (size before relaxing)
 *fill*         0x080044eb        0x1 
 .rodata.str1.4
                0x080044ec       0x29 ./system/src/diag/Trace.o
                                 0x2d (size before relaxing)
 *fill*         0x08004515        0x3 
 .rodata.str1.4
                0x08004518      0x146 ./system/src/cortexm/exception_handlers.o
 *fill*         0x0800465e        0x2 
 .rodata.Font11x18
                0x08004660      0xd5c ./src/fonts.o
 .rodata.ESP8266_SERVER_CONFIG
                0x080053bc        0xb ./src/main.o
 *fill*         0x080053c7        0x1 
 .rodata.ESP8266_WIFI_MODE
                0x080053c8        0x8 ./src/main.o
 .rodata.RESPONSE_OK
                0x080053d0        0x5 ./src/main.o
 *fill*         0x080053d5        0x3 
 .rodata.RESPONSE_RECEIVED
                0x080053d8        0x6 ./src/main.o
 *fill*         0x080053de        0x2 
 .rodata.ESP8266_TCP_MULTIPLE
                0x080053e0        0x8 ./src/main.o
 .rodata.str1.4
                0x080053e8       0xc4 ./src/main.o
                                 0xd0 (size before relaxing)
 .rodata.RESPONSE_ERROR
                0x080054ac        0x8 ./src/main.o
 .rodata.ESP8266_TCP_SEND
                0x080054b4        0x9 ./src/main.o
 *fill*         0x080054bd        0x3 
 .rodata.str1.4
                0x080054c0        0x8 ./src/tasks.o
                                  0x5 (size before relaxing)
 .rodata.str1.1
                0x080054c8        0x2 /opt/gcc-arm-none-eabi-4_9-2015q3/bin/../lib/gcc/arm-none-eabi/4.9.3/../../../../arm-none-eabi/lib/armv7-m/libg_nano.a(lib_a-impure.o)
 .rodata.str1.1
                0x080054ca       0x25 /opt/gcc-arm-none-eabi-4_9-2015q3/bin/../lib/gcc/arm-none-eabi/4.9.3/../../../../arm-none-eabi/lib/armv7-m/libg_nano.a(lib_a-utoa.o)
 .rodata.str1.1
                0x080054ef       0x11 /opt/gcc-arm-none-eabi-4_9-2015q3/bin/../lib/gcc/arm-none-eabi/4.9.3/../../../../arm-none-eabi/lib/armv7-m/libg_nano.a(lib_a-nano-svfprintf.o)
 .rodata.str1.1
                0x08005500       0x22 /opt/gcc-arm-none-eabi-4_9-2015q3/bin/../lib/gcc/arm-none-eabi/4.9.3/../../../../arm-none-eabi/lib/armv7-m/libg_nano.a(lib_a-nano-vfprintf_i.o)
 *(vtable)
 *(.eh_frame*)
 *(.glue_7)
 .glue_7        0x00000000        0x0 linker stubs
 *(.glue_7t)
 .glue_7t       0x00000000        0x0 linker stubs

.vfp11_veneer   0x08005524        0x0
 .vfp11_veneer  0x00000000        0x0 linker stubs

.v4_bx          0x08005524        0x0
 .v4_bx         0x00000000        0x0 linker stubs

.iplt           0x08005524        0x0
 .iplt          0x00000000        0x0 ./system/src/stm32f1-stdperiph/misc.o

.rel.dyn        0x08005524        0x0
 .rel.iplt      0x00000000        0x0 ./system/src/stm32f1-stdperiph/misc.o

.ARM.extab
 *(.ARM.extab* .gnu.linkonce.armextab.*)
                0x08005524                . = ALIGN (0x4)
                0x08005524                __exidx_start = .

.ARM.exidx
 *(.ARM.exidx* .gnu.linkonce.armexidx.*)
                0x08005524                __exidx_end = .
                0x08005524                . = ALIGN (0x4)
                0x08005524                _etext = .
                0x08005524                __etext = .

.data_CCMRAM    0x00000000        0x0 load address 0x08005524
 FILL mask 0xff
 *(.data.CCMRAM .data.CCMRAM.*)
                0x00000000                . = ALIGN (0x4)
                0x08005524                _sidata = LOADADDR (.data)

.data           0x20000000       0xa8 load address 0x08005524
 FILL mask 0xff
                0x20000000                _sdata = .
                0x20000000                __data_start__ = .
 *(.data_begin .data_begin.*)
 .data_begin    0x20000000        0x4 ./system/src/newlib/_startup.o
 *(.data .data.*)
 .data.ADCPrescTable
                0x20000004        0x4 ./system/src/stm32f1-stdperiph/stm32f10x_rcc.o
 .data.APBAHBPrescTable
                0x20000008       0x10 ./system/src/stm32f1-stdperiph/stm32f10x_rcc.o
 .data.argv.4161
                0x20000018        0x8 ./system/src/newlib/_syscalls.o
 .data.AHBPrescTable
                0x20000020       0x10 ./system/src/cmsis/system_stm32f10x.o
                0x20000020                AHBPrescTable
 .data.SystemCoreClock
                0x20000030        0x4 ./system/src/cmsis/system_stm32f10x.o
                0x20000030                SystemCoreClock
 .data.Font_11x18
                0x20000034        0x8 ./src/fonts.o
                0x20000034                Font_11x18
 .data.uxCriticalNesting
                0x2000003c        0x4 ./src/port.o
 .data.impure_data
                0x20000040       0x60 /opt/gcc-arm-none-eabi-4_9-2015q3/bin/../lib/gcc/arm-none-eabi/4.9.3/../../../../arm-none-eabi/lib/armv7-m/libg_nano.a(lib_a-impure.o)
 .data._impure_ptr
                0x200000a0        0x4 /opt/gcc-arm-none-eabi-4_9-2015q3/bin/../lib/gcc/arm-none-eabi/4.9.3/../../../../arm-none-eabi/lib/armv7-m/libg_nano.a(lib_a-impure.o)
                0x200000a0                _impure_ptr
 *(.data_end .data_end.*)
 .data_end      0x200000a4        0x4 ./system/src/newlib/_startup.o
                0x200000a8                . = ALIGN (0x4)
                0x200000a8                _edata = .
                0x200000a8                __data_end__ = .

.igot.plt       0x200000a8        0x0 load address 0x080055cc
 .igot.plt      0x00000000        0x0 ./system/src/stm32f1-stdperiph/misc.o

.bss_CCMRAM     0x00000000        0x0
 *(.bss.CCMRAM .bss.CCMRAM.*)

.bss            0x200000a8      0x6cc
                0x200000a8                __bss_start__ = .
                0x200000a8                _sbss = .
 *(.bss_begin .bss_begin.*)
 .bss_begin     0x200000a8        0x4 ./system/src/newlib/_startup.o
 *(.bss .bss.*)
 .bss.current_heap_end.3862
                0x200000ac        0x4 ./system/src/newlib/_sbrk.o
 .bss.name.4160
                0x200000b0        0x1 ./system/src/newlib/_syscalls.o
 *fill*         0x200000b1        0x3 
 .bss.buf.4998  0x200000b4       0x80 ./system/src/diag/Trace.o
 .bss.transctions_count
                0x20000134        0x2 ./src/main.o
                0x20000134                transctions_count
 .bss.led_cnt   0x20000136        0x1 ./src/main.o
                0x20000136                led_cnt
 *fill*         0x20000137        0x1 
 .bss.SSD1306_Buffer
                0x20000138      0x400 ./src/ssd1306.o
 .bss.SSD1306   0x20000538        0x6 ./src/ssd1306.o
 *fill*         0x2000053e        0x2 
 .bss.ssd1306_I2C_Timeout
                0x20000540        0x4 ./src/ssd1306_i2c.o
 .bss.pxDelayedTaskList
                0x20000544        0x4 ./src/tasks.o
 .bss.xSchedulerRunning
                0x20000548        0x4 ./src/tasks.o
 .bss.xNumOfOverflows
                0x2000054c        0x4 ./src/tasks.o
 .bss.pxOverflowDelayedTaskList
                0x20000550        0x4 ./src/tasks.o
 .bss.uxPendedTicks
                0x20000554        0x4 ./src/tasks.o
 .bss.pxReadyTasksLists
                0x20000558       0x64 ./src/tasks.o
 .bss.uxSchedulerSuspended
                0x200005bc        0x4 ./src/tasks.o
 .bss.uxCurrentNumberOfTasks
                0x200005c0        0x4 ./src/tasks.o
 .bss.pxCurrentTCB
                0x200005c4        0x4 ./src/tasks.o
                0x200005c4                pxCurrentTCB
 .bss.xPendingReadyList
                0x200005c8       0x14 ./src/tasks.o
 .bss.xIdleTaskHandle
                0x200005dc        0x4 ./src/tasks.o
 .bss.xTickCount
                0x200005e0        0x4 ./src/tasks.o
 .bss.xNextTaskUnblockTime
                0x200005e4        0x4 ./src/tasks.o
 .bss.uxTaskNumber
                0x200005e8        0x4 ./src/tasks.o
 .bss.xDelayedTaskList1
                0x200005ec       0x14 ./src/tasks.o
 .bss.xDelayedTaskList2
                0x20000600       0x14 ./src/tasks.o
 .bss.xSuspendedTaskList
                0x20000614       0x14 ./src/tasks.o
 .bss.uxTopReadyPriority
                0x20000628        0x4 ./src/tasks.o
 .bss.xYieldPending
                0x2000062c        0x4 ./src/tasks.o
 .bss.__malloc_sbrk_start
                0x20000630        0x4 /opt/gcc-arm-none-eabi-4_9-2015q3/bin/../lib/gcc/arm-none-eabi/4.9.3/../../../../arm-none-eabi/lib/armv7-m/libg_nano.a(lib_a-nano-mallocr.o)
                0x20000630                __malloc_sbrk_start
 .bss.__malloc_free_list
                0x20000634        0x4 /opt/gcc-arm-none-eabi-4_9-2015q3/bin/../lib/gcc/arm-none-eabi/4.9.3/../../../../arm-none-eabi/lib/armv7-m/libg_nano.a(lib_a-nano-mallocr.o)
                0x20000634                __malloc_free_list
 *(COMMON)
 COMMON         0x20000638        0x4 ./system/src/newlib/_syscalls.o
                0x20000638                errno
 COMMON         0x2000063c      0x134 ./src/main.o
                0x2000063c                lcd_buff
                0x2000064c                blinkParam
                0x20000650                xUsartRxInterruptSemaphore_esp
                0x20000654                bufferHead
                0x20000658                lcdParam
                0x2000066c                tcpRxBuffer
                0x200006ec                esp8266RxBuffer
                0x2000076c                xUsart1RxInterruptSemaphore
 *(.bss_end .bss_end.*)
 .bss_end       0x20000770        0x4 ./system/src/newlib/_startup.o
                0x20000774                . = ALIGN (0x4)
                0x20000774                __bss_end__ = .
                0x20000774                _ebss = .

.noinit_CCMRAM
 *(.noinit.CCMRAM .noinit.CCMRAM.*)

.noinit         0x20000774        0x0
                0x20000774                _noinit = .
 *(.noinit .noinit.*)
                0x20000774                . = ALIGN (0x4)
                0x20000774                _end_noinit = .
                0x20000774                PROVIDE (end, _end_noinit)
                0x20000774                PROVIDE (_end, _end_noinit)
                0x20000774                PROVIDE (__end, _end_noinit)
                0x20000774                PROVIDE (__end__, _end_noinit)

._check_stack   0x20000774      0x100
                0x20000874                . = (. + _Minimum_Stack_Size)
 *fill*         0x20000774      0x100 

.b1text
 *(.b1text)
 *(.b1rodata)
 *(.b1rodata.*)

.eb0text
 *(.eb0text)
 *(.eb0rodata)
 *(.eb0rodata.*)

.eb1text
 *(.eb1text)
 *(.eb1rodata)
 *(.eb1rodata.*)

.eb2text
 *(.eb2text)
 *(.eb2rodata)
 *(.eb2rodata.*)

.eb3text
 *(.eb3text)
 *(.eb3rodata)
 *(.eb3rodata.*)

.stab
 *(.stab)

.stabstr
 *(.stabstr)

.stab.excl
 *(.stab.excl)

.stab.exclstr
 *(.stab.exclstr)

.stab.index
 *(.stab.index)

.stab.indexstr
 *(.stab.indexstr)

.comment        0x00000000       0x70
 *(.comment)
 .comment       0x00000000       0x70 ./system/src/stm32f1-stdperiph/misc.o
                                 0x71 (size before relaxing)
 .comment       0x00000000       0x71 ./system/src/stm32f1-stdperiph/stm32f10x_gpio.o
 .comment       0x00000000       0x71 ./system/src/stm32f1-stdperiph/stm32f10x_i2c.o
 .comment       0x00000000       0x71 ./system/src/stm32f1-stdperiph/stm32f10x_rcc.o
 .comment       0x00000000       0x71 ./system/src/stm32f1-stdperiph/stm32f10x_usart.o
 .comment       0x00000000       0x71 ./system/src/newlib/_exit.o
 .comment       0x00000000       0x71 ./system/src/newlib/_sbrk.o
 .comment       0x00000000       0x71 ./system/src/newlib/_startup.o
 .comment       0x00000000       0x71 ./system/src/newlib/_syscalls.o
 .comment       0x00000000       0x71 ./system/src/newlib/assert.o
 .comment       0x00000000       0x71 ./system/src/diag/Trace.o
 .comment       0x00000000       0x71 ./system/src/diag/trace_impl.o
 .comment       0x00000000       0x71 ./system/src/cortexm/_initialize_hardware.o
 .comment       0x00000000       0x71 ./system/src/cortexm/exception_handlers.o
 .comment       0x00000000       0x71 ./system/src/cmsis/system_stm32f10x.o
 .comment       0x00000000       0x71 ./system/src/cmsis/vectors_stm32f10x.o
 .comment       0x00000000       0x71 ./src/UART_freertos.o
 .comment       0x00000000       0x71 ./src/fonts.o
 .comment       0x00000000       0x71 ./src/heap_3.o
 .comment       0x00000000       0x71 ./src/list.o
 .comment       0x00000000       0x71 ./src/main.o
 .comment       0x00000000       0x71 ./src/port.o
 .comment       0x00000000       0x71 ./src/queue.o
 .comment       0x00000000       0x71 ./src/ssd1306.o
 .comment       0x00000000       0x71 ./src/ssd1306_i2c.o
 .comment       0x00000000       0x71 ./src/tasks.o

.ARM.attributes
                0x00000000       0x33
 .ARM.attributes
                0x00000000       0x33 ./system/src/stm32f1-stdperiph/misc.o
 .ARM.attributes
                0x00000033       0x33 ./system/src/stm32f1-stdperiph/stm32f10x_gpio.o
 .ARM.attributes
                0x00000066       0x33 ./system/src/stm32f1-stdperiph/stm32f10x_i2c.o
 .ARM.attributes
                0x00000099       0x33 ./system/src/stm32f1-stdperiph/stm32f10x_rcc.o
 .ARM.attributes
                0x000000cc       0x33 ./system/src/stm32f1-stdperiph/stm32f10x_usart.o
 .ARM.attributes
                0x000000ff       0x33 ./system/src/newlib/_exit.o
 .ARM.attributes
                0x00000132       0x33 ./system/src/newlib/_sbrk.o
 .ARM.attributes
                0x00000165       0x33 ./system/src/newlib/_startup.o
 .ARM.attributes
                0x00000198       0x33 ./system/src/newlib/_syscalls.o
 .ARM.attributes
                0x000001cb       0x33 ./system/src/newlib/assert.o
 .ARM.attributes
                0x000001fe       0x33 ./system/src/diag/Trace.o
 .ARM.attributes
                0x00000231       0x33 ./system/src/diag/trace_impl.o
 .ARM.attributes
                0x00000264       0x33 ./system/src/cortexm/_initialize_hardware.o
 .ARM.attributes
                0x00000297       0x33 ./system/src/cortexm/exception_handlers.o
 .ARM.attributes
                0x000002ca       0x33 ./system/src/cmsis/system_stm32f10x.o
 .ARM.attributes
                0x000002fd       0x33 ./system/src/cmsis/vectors_stm32f10x.o
 .ARM.attributes
                0x00000330       0x33 ./src/UART_freertos.o
 .ARM.attributes
                0x00000363       0x33 ./src/fonts.o
 .ARM.attributes
                0x00000396       0x33 ./src/heap_3.o
 .ARM.attributes
                0x000003c9       0x33 ./src/list.o
 .ARM.attributes
                0x000003fc       0x33 ./src/main.o
 .ARM.attributes
                0x0000042f       0x33 ./src/port.o
 .ARM.attributes
                0x00000462       0x33 ./src/queue.o
 .ARM.attributes
                0x00000495       0x33 ./src/ssd1306.o
 .ARM.attributes
                0x000004c8       0x33 ./src/ssd1306_i2c.o
 .ARM.attributes
                0x000004fb       0x33 ./src/tasks.o
 .ARM.attributes
                0x0000052e       0x2d /opt/gcc-arm-none-eabi-4_9-2015q3/bin/../lib/gcc/arm-none-eabi/4.9.3/../../../../arm-none-eabi/lib/armv7-m/libg_nano.a(lib_a-errno.o)
 .ARM.attributes
                0x0000055b       0x2d /opt/gcc-arm-none-eabi-4_9-2015q3/bin/../lib/gcc/arm-none-eabi/4.9.3/../../../../arm-none-eabi/lib/armv7-m/libg_nano.a(lib_a-impure.o)
 .ARM.attributes
                0x00000588       0x2d /opt/gcc-arm-none-eabi-4_9-2015q3/bin/../lib/gcc/arm-none-eabi/4.9.3/../../../../arm-none-eabi/lib/armv7-m/libg_nano.a(lib_a-itoa.o)
 .ARM.attributes
                0x000005b5       0x2d /opt/gcc-arm-none-eabi-4_9-2015q3/bin/../lib/gcc/arm-none-eabi/4.9.3/../../../../arm-none-eabi/lib/armv7-m/libg_nano.a(lib_a-malloc.o)
 .ARM.attributes
                0x000005e2       0x2d /opt/gcc-arm-none-eabi-4_9-2015q3/bin/../lib/gcc/arm-none-eabi/4.9.3/../../../../arm-none-eabi/lib/armv7-m/libg_nano.a(lib_a-memcpy.o)
 .ARM.attributes
                0x0000060f       0x2d /opt/gcc-arm-none-eabi-4_9-2015q3/bin/../lib/gcc/arm-none-eabi/4.9.3/../../../../arm-none-eabi/lib/armv7-m/libg_nano.a(lib_a-memset.o)
 .ARM.attributes
                0x0000063c       0x2d /opt/gcc-arm-none-eabi-4_9-2015q3/bin/../lib/gcc/arm-none-eabi/4.9.3/../../../../arm-none-eabi/lib/armv7-m/libg_nano.a(lib_a-nano-freer.o)
 .ARM.attributes
                0x00000669       0x2d /opt/gcc-arm-none-eabi-4_9-2015q3/bin/../lib/gcc/arm-none-eabi/4.9.3/../../../../arm-none-eabi/lib/armv7-m/libg_nano.a(lib_a-nano-mallocr.o)
 .ARM.attributes
                0x00000696       0x2d /opt/gcc-arm-none-eabi-4_9-2015q3/bin/../lib/gcc/arm-none-eabi/4.9.3/../../../../arm-none-eabi/lib/armv7-m/libg_nano.a(lib_a-sbrkr.o)
 .ARM.attributes
                0x000006c3       0x2d /opt/gcc-arm-none-eabi-4_9-2015q3/bin/../lib/gcc/arm-none-eabi/4.9.3/../../../../arm-none-eabi/lib/armv7-m/libg_nano.a(lib_a-sprintf.o)
 .ARM.attributes
                0x000006f0       0x2d /opt/gcc-arm-none-eabi-4_9-2015q3/bin/../lib/gcc/arm-none-eabi/4.9.3/../../../../arm-none-eabi/lib/armv7-m/libg_nano.a(lib_a-strcpy.o)
 .ARM.attributes
                0x0000071d       0x2d /opt/gcc-arm-none-eabi-4_9-2015q3/bin/../lib/gcc/arm-none-eabi/4.9.3/../../../../arm-none-eabi/lib/armv7-m/libg_nano.a(lib_a-strlen.o)
 .ARM.attributes
                0x0000074a       0x2d /opt/gcc-arm-none-eabi-4_9-2015q3/bin/../lib/gcc/arm-none-eabi/4.9.3/../../../../arm-none-eabi/lib/armv7-m/libg_nano.a(lib_a-strstr.o)
 .ARM.attributes
                0x00000777       0x2d /opt/gcc-arm-none-eabi-4_9-2015q3/bin/../lib/gcc/arm-none-eabi/4.9.3/../../../../arm-none-eabi/lib/armv7-m/libg_nano.a(lib_a-utoa.o)
 .ARM.attributes
                0x000007a4       0x2d /opt/gcc-arm-none-eabi-4_9-2015q3/bin/../lib/gcc/arm-none-eabi/4.9.3/../../../../arm-none-eabi/lib/armv7-m/libg_nano.a(lib_a-vsnprintf.o)
 .ARM.attributes
                0x000007d1       0x2d /opt/gcc-arm-none-eabi-4_9-2015q3/bin/../lib/gcc/arm-none-eabi/4.9.3/../../../../arm-none-eabi/lib/armv7-m/libg_nano.a(lib_a-nano-svfprintf.o)
 .ARM.attributes
                0x000007fe       0x2d /opt/gcc-arm-none-eabi-4_9-2015q3/bin/../lib/gcc/arm-none-eabi/4.9.3/../../../../arm-none-eabi/lib/armv7-m/libg_nano.a(lib_a-nano-vfprintf_i.o)
 .ARM.attributes
                0x0000082b       0x2d /opt/gcc-arm-none-eabi-4_9-2015q3/bin/../lib/gcc/arm-none-eabi/4.9.3/../../../../arm-none-eabi/lib/armv7-m/libg_nano.a(lib_a-memchr.o)
 .ARM.attributes
                0x00000858       0x2d /opt/gcc-arm-none-eabi-4_9-2015q3/bin/../lib/gcc/arm-none-eabi/4.9.3/../../../../arm-none-eabi/lib/armv7-m/libg_nano.a(lib_a-memmove.o)
 .ARM.attributes
                0x00000885       0x2d /opt/gcc-arm-none-eabi-4_9-2015q3/bin/../lib/gcc/arm-none-eabi/4.9.3/../../../../arm-none-eabi/lib/armv7-m/libg_nano.a(lib_a-nano-reallocr.o)
 .ARM.attributes
                0x000008b2       0x2d /opt/gcc-arm-none-eabi-4_9-2015q3/bin/../lib/gcc/arm-none-eabi/4.9.3/../../../../arm-none-eabi/lib/armv7-m/libg_nano.a(lib_a-nano-msizer.o)

.debug
 *(.debug)

.line
 *(.line)

.debug_srcinfo
 *(.debug_srcinfo)

.debug_sfnames
 *(.debug_sfnames)

.debug_aranges  0x00000000      0xc68
 *(.debug_aranges)
 .debug_aranges
                0x00000000       0x40 ./system/src/stm32f1-stdperiph/misc.o
 .debug_aranges
                0x00000040       0xa8 ./system/src/stm32f1-stdperiph/stm32f10x_gpio.o
 .debug_aranges
                0x000000e8      0x120 ./system/src/stm32f1-stdperiph/stm32f10x_i2c.o
 .debug_aranges
                0x00000208      0x118 ./system/src/stm32f1-stdperiph/stm32f10x_rcc.o
 .debug_aranges
                0x00000320      0x100 ./system/src/stm32f1-stdperiph/stm32f10x_usart.o
 .debug_aranges
                0x00000420       0x28 ./system/src/newlib/_exit.o
 .debug_aranges
                0x00000448       0x20 ./system/src/newlib/_sbrk.o
 .debug_aranges
                0x00000468       0x40 ./system/src/newlib/_startup.o
 .debug_aranges
                0x000004a8       0x30 ./system/src/newlib/_syscalls.o
 .debug_aranges
                0x000004d8       0x28 ./system/src/newlib/assert.o
 .debug_aranges
                0x00000500       0x38 ./system/src/diag/Trace.o
 .debug_aranges
                0x00000538       0x30 ./system/src/diag/trace_impl.o
 .debug_aranges
                0x00000568       0x28 ./system/src/cortexm/_initialize_hardware.o
 .debug_aranges
                0x00000590       0x90 ./system/src/cortexm/exception_handlers.o
 .debug_aranges
                0x00000620       0x38 ./system/src/cmsis/system_stm32f10x.o
 .debug_aranges
                0x00000658       0x20 ./system/src/cmsis/vectors_stm32f10x.o
 .debug_aranges
                0x00000678       0x50 ./src/UART_freertos.o
 .debug_aranges
                0x000006c8       0x20 ./src/fonts.o
 .debug_aranges
                0x000006e8       0x28 ./src/heap_3.o
 .debug_aranges
                0x00000710       0x40 ./src/list.o
 .debug_aranges
                0x00000750      0x140 ./src/main.o
 .debug_aranges
                0x00000890       0x70 ./src/port.o
 .debug_aranges
                0x00000900       0xf8 ./src/queue.o
 .debug_aranges
                0x000009f8       0xa0 ./src/ssd1306.o
 .debug_aranges
                0x00000a98       0x50 ./src/ssd1306_i2c.o
 .debug_aranges
                0x00000ae8      0x180 ./src/tasks.o

.debug_pubnames
 *(.debug_pubnames)

.debug_info     0x00000000     0xf1a6
 *(.debug_info .gnu.linkonce.wi.*)
 .debug_info    0x00000000      0x63b ./system/src/stm32f1-stdperiph/misc.o
 .debug_info    0x0000063b      0xbd4 ./system/src/stm32f1-stdperiph/stm32f10x_gpio.o
 .debug_info    0x0000120f     0x12e9 ./system/src/stm32f1-stdperiph/stm32f10x_i2c.o
 .debug_info    0x000024f8      0xc6b ./system/src/stm32f1-stdperiph/stm32f10x_rcc.o
 .debug_info    0x00003163     0x12ab ./system/src/stm32f1-stdperiph/stm32f10x_usart.o
 .debug_info    0x0000440e      0x100 ./system/src/newlib/_exit.o
 .debug_info    0x0000450e      0x125 ./system/src/newlib/_sbrk.o
 .debug_info    0x00004633      0x475 ./system/src/newlib/_startup.o
 .debug_info    0x00004aa8      0x1bc ./system/src/newlib/_syscalls.o
 .debug_info    0x00004c64      0x1b0 ./system/src/newlib/assert.o
 .debug_info    0x00004e14      0x32b ./system/src/diag/Trace.o
 .debug_info    0x0000513f      0x305 ./system/src/diag/trace_impl.o
 .debug_info    0x00005444      0x294 ./system/src/cortexm/_initialize_hardware.o
 .debug_info    0x000056d8      0x8d8 ./system/src/cortexm/exception_handlers.o
 .debug_info    0x00005fb0      0x474 ./system/src/cmsis/system_stm32f10x.o
 .debug_info    0x00006424       0xd1 ./system/src/cmsis/vectors_stm32f10x.o
 .debug_info    0x000064f5      0x47c ./src/UART_freertos.o
 .debug_info    0x00006971      0x265 ./src/fonts.o
 .debug_info    0x00006bd6      0x17b ./src/heap_3.o
 .debug_info    0x00006d51      0x29a ./src/list.o
 .debug_info    0x00006feb     0x312f ./src/main.o
 .debug_info    0x0000a11a      0x2ff ./src/port.o
 .debug_info    0x0000a419     0x153c ./src/queue.o
 .debug_info    0x0000b955     0x14dd ./src/ssd1306.o
 .debug_info    0x0000ce32      0x7a1 ./src/ssd1306_i2c.o
 .debug_info    0x0000d5d3     0x1bd3 ./src/tasks.o

.debug_abbrev   0x00000000     0x2c4d
 *(.debug_abbrev)
 .debug_abbrev  0x00000000      0x188 ./system/src/stm32f1-stdperiph/misc.o
 .debug_abbrev  0x00000188      0x1f9 ./system/src/stm32f1-stdperiph/stm32f10x_gpio.o
 .debug_abbrev  0x00000381      0x1e7 ./system/src/stm32f1-stdperiph/stm32f10x_i2c.o
 .debug_abbrev  0x00000568      0x1ff ./system/src/stm32f1-stdperiph/stm32f10x_rcc.o
 .debug_abbrev  0x00000767      0x1d6 ./system/src/stm32f1-stdperiph/stm32f10x_usart.o
 .debug_abbrev  0x0000093d       0xa4 ./system/src/newlib/_exit.o
 .debug_abbrev  0x000009e1       0xbb ./system/src/newlib/_sbrk.o
 .debug_abbrev  0x00000a9c      0x1e9 ./system/src/newlib/_startup.o
 .debug_abbrev  0x00000c85       0xee ./system/src/newlib/_syscalls.o
 .debug_abbrev  0x00000d73       0xc9 ./system/src/newlib/assert.o
 .debug_abbrev  0x00000e3c      0x178 ./system/src/diag/Trace.o
 .debug_abbrev  0x00000fb4      0x1bd ./system/src/diag/trace_impl.o
 .debug_abbrev  0x00001171       0xea ./system/src/cortexm/_initialize_hardware.o
 .debug_abbrev  0x0000125b      0x23e ./system/src/cortexm/exception_handlers.o
 .debug_abbrev  0x00001499      0x157 ./system/src/cmsis/system_stm32f10x.o
 .debug_abbrev  0x000015f0       0x9d ./system/src/cmsis/vectors_stm32f10x.o
 .debug_abbrev  0x0000168d      0x1a5 ./src/UART_freertos.o
 .debug_abbrev  0x00001832      0x11b ./src/fonts.o
 .debug_abbrev  0x0000194d      0x119 ./src/heap_3.o
 .debug_abbrev  0x00001a66       0xdf ./src/list.o
 .debug_abbrev  0x00001b45      0x479 ./src/main.o
 .debug_abbrev  0x00001fbe      0x1e2 ./src/port.o
 .debug_abbrev  0x000021a0      0x2ea ./src/queue.o
 .debug_abbrev  0x0000248a      0x28c ./src/ssd1306.o
 .debug_abbrev  0x00002716      0x1da ./src/ssd1306_i2c.o
 .debug_abbrev  0x000028f0      0x35d ./src/tasks.o

.debug_line     0x00000000     0x8635
 *(.debug_line)
 .debug_line    0x00000000      0x3f8 ./system/src/stm32f1-stdperiph/misc.o
 .debug_line    0x000003f8      0x8d5 ./system/src/stm32f1-stdperiph/stm32f10x_gpio.o
 .debug_line    0x00000ccd      0x9e2 ./system/src/stm32f1-stdperiph/stm32f10x_i2c.o
 .debug_line    0x000016af      0x81f ./system/src/stm32f1-stdperiph/stm32f10x_rcc.o
 .debug_line    0x00001ece      0xabc ./system/src/stm32f1-stdperiph/stm32f10x_usart.o
 .debug_line    0x0000298a      0x273 ./system/src/newlib/_exit.o
 .debug_line    0x00002bfd      0x220 ./system/src/newlib/_sbrk.o
 .debug_line    0x00002e1d      0x2de ./system/src/newlib/_startup.o
 .debug_line    0x000030fb      0x337 ./system/src/newlib/_syscalls.o
 .debug_line    0x00003432      0x2aa ./system/src/newlib/assert.o
 .debug_line    0x000036dc      0x2d0 ./system/src/diag/Trace.o
 .debug_line    0x000039ac      0x555 ./system/src/diag/trace_impl.o
 .debug_line    0x00003f01      0x35c ./system/src/cortexm/_initialize_hardware.o
 .debug_line    0x0000425d      0x60e ./system/src/cortexm/exception_handlers.o
 .debug_line    0x0000486b      0x3bc ./system/src/cmsis/system_stm32f10x.o
 .debug_line    0x00004c27       0xf1 ./system/src/cmsis/vectors_stm32f10x.o
 .debug_line    0x00004d18      0x408 ./src/UART_freertos.o
 .debug_line    0x00005120      0x489 ./src/fonts.o
 .debug_line    0x000055a9      0x2c4 ./src/heap_3.o
 .debug_line    0x0000586d      0x30a ./src/list.o
 .debug_line    0x00005b77      0xbe0 ./src/main.o
 .debug_line    0x00006757      0x234 ./src/port.o
 .debug_line    0x0000698b      0x6a7 ./src/queue.o
 .debug_line    0x00007032      0x7a4 ./src/ssd1306.o
 .debug_line    0x000077d6      0x3fc ./src/ssd1306_i2c.o
 .debug_line    0x00007bd2      0xa63 ./src/tasks.o

.debug_frame    0x00000000     0x25f4
 *(.debug_frame)
 .debug_frame   0x00000000       0x90 ./system/src/stm32f1-stdperiph/misc.o
 .debug_frame   0x00000090      0x1e8 ./system/src/stm32f1-stdperiph/stm32f10x_gpio.o
 .debug_frame   0x00000278      0x3a0 ./system/src/stm32f1-stdperiph/stm32f10x_i2c.o
 .debug_frame   0x00000618      0x31c ./system/src/stm32f1-stdperiph/stm32f10x_rcc.o
 .debug_frame   0x00000934      0x31c ./system/src/stm32f1-stdperiph/stm32f10x_usart.o
 .debug_frame   0x00000c50       0x38 ./system/src/newlib/_exit.o
 .debug_frame   0x00000c88       0x28 ./system/src/newlib/_sbrk.o
 .debug_frame   0x00000cb0       0x7c ./system/src/newlib/_startup.o
 .debug_frame   0x00000d2c       0x50 ./system/src/newlib/_syscalls.o
 .debug_frame   0x00000d7c       0x40 ./system/src/newlib/assert.o
 .debug_frame   0x00000dbc       0x94 ./system/src/diag/Trace.o
 .debug_frame   0x00000e50       0x60 ./system/src/diag/trace_impl.o
 .debug_frame   0x00000eb0       0x40 ./system/src/cortexm/_initialize_hardware.o
 .debug_frame   0x00000ef0      0x158 ./system/src/cortexm/exception_handlers.o
 .debug_frame   0x00001048       0x68 ./system/src/cmsis/system_stm32f10x.o
 .debug_frame   0x000010b0       0x20 ./system/src/cmsis/vectors_stm32f10x.o
 .debug_frame   0x000010d0       0xc8 ./src/UART_freertos.o
 .debug_frame   0x00001198       0x2c ./src/fonts.o
 .debug_frame   0x000011c4       0x44 ./src/heap_3.o
 .debug_frame   0x00001208       0x6c ./src/list.o
 .debug_frame   0x00001274      0x40c ./src/main.o
 .debug_frame   0x00001680       0xd0 ./src/port.o
 .debug_frame   0x00001750      0x2dc ./src/queue.o
 .debug_frame   0x00001a2c      0x22c ./src/ssd1306.o
 .debug_frame   0x00001c58       0xc4 ./src/ssd1306_i2c.o
 .debug_frame   0x00001d1c      0x484 ./src/tasks.o
 .debug_frame   0x000021a0       0x20 /opt/gcc-arm-none-eabi-4_9-2015q3/bin/../lib/gcc/arm-none-eabi/4.9.3/../../../../arm-none-eabi/lib/armv7-m/libg_nano.a(lib_a-errno.o)
 .debug_frame   0x000021c0       0x38 /opt/gcc-arm-none-eabi-4_9-2015q3/bin/../lib/gcc/arm-none-eabi/4.9.3/../../../../arm-none-eabi/lib/armv7-m/libg_nano.a(lib_a-itoa.o)
 .debug_frame   0x000021f8       0x30 /opt/gcc-arm-none-eabi-4_9-2015q3/bin/../lib/gcc/arm-none-eabi/4.9.3/../../../../arm-none-eabi/lib/armv7-m/libg_nano.a(lib_a-malloc.o)
 .debug_frame   0x00002228       0x28 /opt/gcc-arm-none-eabi-4_9-2015q3/bin/../lib/gcc/arm-none-eabi/4.9.3/../../../../arm-none-eabi/lib/armv7-m/libg_nano.a(lib_a-memcpy.o)
 .debug_frame   0x00002250       0x20 /opt/gcc-arm-none-eabi-4_9-2015q3/bin/../lib/gcc/arm-none-eabi/4.9.3/../../../../arm-none-eabi/lib/armv7-m/libg_nano.a(lib_a-memset.o)
 .debug_frame   0x00002270       0x2c /opt/gcc-arm-none-eabi-4_9-2015q3/bin/../lib/gcc/arm-none-eabi/4.9.3/../../../../arm-none-eabi/lib/armv7-m/libg_nano.a(lib_a-nano-freer.o)
 .debug_frame   0x0000229c       0x2c /opt/gcc-arm-none-eabi-4_9-2015q3/bin/../lib/gcc/arm-none-eabi/4.9.3/../../../../arm-none-eabi/lib/armv7-m/libg_nano.a(lib_a-nano-mallocr.o)
 .debug_frame   0x000022c8       0x2c /opt/gcc-arm-none-eabi-4_9-2015q3/bin/../lib/gcc/arm-none-eabi/4.9.3/../../../../arm-none-eabi/lib/armv7-m/libg_nano.a(lib_a-sbrkr.o)
 .debug_frame   0x000022f4       0x70 /opt/gcc-arm-none-eabi-4_9-2015q3/bin/../lib/gcc/arm-none-eabi/4.9.3/../../../../arm-none-eabi/lib/armv7-m/libg_nano.a(lib_a-sprintf.o)
 .debug_frame   0x00002364       0x20 /opt/gcc-arm-none-eabi-4_9-2015q3/bin/../lib/gcc/arm-none-eabi/4.9.3/../../../../arm-none-eabi/lib/armv7-m/libg_nano.a(lib_a-strcpy.o)
 .debug_frame   0x00002384       0x20 /opt/gcc-arm-none-eabi-4_9-2015q3/bin/../lib/gcc/arm-none-eabi/4.9.3/../../../../arm-none-eabi/lib/armv7-m/libg_nano.a(lib_a-strlen.o)
 .debug_frame   0x000023a4       0x2c /opt/gcc-arm-none-eabi-4_9-2015q3/bin/../lib/gcc/arm-none-eabi/4.9.3/../../../../arm-none-eabi/lib/armv7-m/libg_nano.a(lib_a-strstr.o)
 .debug_frame   0x000023d0       0x44 /opt/gcc-arm-none-eabi-4_9-2015q3/bin/../lib/gcc/arm-none-eabi/4.9.3/../../../../arm-none-eabi/lib/armv7-m/libg_nano.a(lib_a-utoa.o)
 .debug_frame   0x00002414       0x50 /opt/gcc-arm-none-eabi-4_9-2015q3/bin/../lib/gcc/arm-none-eabi/4.9.3/../../../../arm-none-eabi/lib/armv7-m/libg_nano.a(lib_a-vsnprintf.o)
 .debug_frame   0x00002464       0x8c /opt/gcc-arm-none-eabi-4_9-2015q3/bin/../lib/gcc/arm-none-eabi/4.9.3/../../../../arm-none-eabi/lib/armv7-m/libg_nano.a(lib_a-nano-svfprintf.o)
 .debug_frame   0x000024f0       0x58 /opt/gcc-arm-none-eabi-4_9-2015q3/bin/../lib/gcc/arm-none-eabi/4.9.3/../../../../arm-none-eabi/lib/armv7-m/libg_nano.a(lib_a-nano-vfprintf_i.o)
 .debug_frame   0x00002548       0x28 /opt/gcc-arm-none-eabi-4_9-2015q3/bin/../lib/gcc/arm-none-eabi/4.9.3/../../../../arm-none-eabi/lib/armv7-m/libg_nano.a(lib_a-memchr.o)
 .debug_frame   0x00002570       0x28 /opt/gcc-arm-none-eabi-4_9-2015q3/bin/../lib/gcc/arm-none-eabi/4.9.3/../../../../arm-none-eabi/lib/armv7-m/libg_nano.a(lib_a-memmove.o)
 .debug_frame   0x00002598       0x3c /opt/gcc-arm-none-eabi-4_9-2015q3/bin/../lib/gcc/arm-none-eabi/4.9.3/../../../../arm-none-eabi/lib/armv7-m/libg_nano.a(lib_a-nano-reallocr.o)
 .debug_frame   0x000025d4       0x20 /opt/gcc-arm-none-eabi-4_9-2015q3/bin/../lib/gcc/arm-none-eabi/4.9.3/../../../../arm-none-eabi/lib/armv7-m/libg_nano.a(lib_a-nano-msizer.o)

.debug_str      0x00000000    0x5e16a
 *(.debug_str)
 .debug_str     0x00000000    0x4e013 ./system/src/stm32f1-stdperiph/misc.o
                              0x4e1a6 (size before relaxing)
 .debug_str     0x0004e013      0x5d4 ./system/src/stm32f1-stdperiph/stm32f10x_gpio.o
                              0x4e524 (size before relaxing)
 .debug_str     0x0004e5e7      0x912 ./system/src/stm32f1-stdperiph/stm32f10x_i2c.o
                              0x4e8d8 (size before relaxing)
 .debug_str     0x0004eef9      0xaaa ./system/src/stm32f1-stdperiph/stm32f10x_rcc.o
                              0x4eaf3 (size before relaxing)
 .debug_str     0x0004f9a3      0x7f8 ./system/src/stm32f1-stdperiph/stm32f10x_usart.o
                              0x4e85d (size before relaxing)
 .debug_str     0x0005019b     0x398b ./system/src/newlib/_exit.o
                               0x5ffe (size before relaxing)
 .debug_str     0x00053b26      0x35e ./system/src/newlib/_sbrk.o
                               0x540f (size before relaxing)
 .debug_str     0x00053e84      0x26b ./system/src/newlib/_startup.o
                               0x4fe7 (size before relaxing)
 .debug_str     0x000540ef     0x11be ./system/src/newlib/_syscalls.o
                               0x660f (size before relaxing)
 .debug_str     0x000552ad       0xdf ./system/src/newlib/assert.o
                               0x6b07 (size before relaxing)
 .debug_str     0x0005538c      0x9bc ./system/src/diag/Trace.o
                               0x691f (size before relaxing)
 .debug_str     0x00055d48      0x378 ./system/src/diag/trace_impl.o
                              0x50fd1 (size before relaxing)
 .debug_str     0x000560c0       0x5e ./system/src/cortexm/_initialize_hardware.o
                              0x4e00e (size before relaxing)
 .debug_str     0x0005611e      0x17d ./system/src/cortexm/exception_handlers.o
                              0x51d6f (size before relaxing)
 .debug_str     0x0005629b       0xa6 ./system/src/cmsis/system_stm32f10x.o
                              0x4e0b8 (size before relaxing)
 .debug_str     0x00056341       0x57 ./system/src/cmsis/vectors_stm32f10x.o
                               0x305d (size before relaxing)
 .debug_str     0x00056398      0x21e ./src/UART_freertos.o
                              0x4e1ab (size before relaxing)
 .debug_str     0x000565b6       0xa8 ./src/fonts.o
                              0x50588 (size before relaxing)
 .debug_str     0x0005665e     0x3412 ./src/heap_3.o
                               0x8a7a (size before relaxing)
 .debug_str     0x00059a70      0x130 ./src/list.o
                               0x8562 (size before relaxing)
 .debug_str     0x00059ba0     0x1df8 ./src/main.o
                              0x57a3f (size before relaxing)
 .debug_str     0x0005b998      0x64b ./src/port.o
                               0x6d00 (size before relaxing)
 .debug_str     0x0005bfe3      0x78e ./src/queue.o
                               0x9bd1 (size before relaxing)
 .debug_str     0x0005c771      0x2c2 ./src/ssd1306.o
                              0x50a35 (size before relaxing)
 .debug_str     0x0005ca33       0xba ./src/ssd1306_i2c.o
                              0x4e307 (size before relaxing)
 .debug_str     0x0005caed     0x167d ./src/tasks.o
                               0xa50e (size before relaxing)

.debug_loc      0x00000000     0x76e0
 *(.debug_loc)
 .debug_loc     0x00000000      0x1cc ./system/src/stm32f1-stdperiph/misc.o
 .debug_loc     0x000001cc      0x773 ./system/src/stm32f1-stdperiph/stm32f10x_gpio.o
 .debug_loc     0x0000093f      0xd32 ./system/src/stm32f1-stdperiph/stm32f10x_i2c.o
 .debug_loc     0x00001671      0x98f ./system/src/stm32f1-stdperiph/stm32f10x_rcc.o
 .debug_loc     0x00002000      0xc43 ./system/src/stm32f1-stdperiph/stm32f10x_usart.o
 .debug_loc     0x00002c43       0x82 ./system/src/newlib/_sbrk.o
 .debug_loc     0x00002cc5      0x265 ./system/src/newlib/_startup.o
 .debug_loc     0x00002f2a       0x63 ./system/src/newlib/_syscalls.o
 .debug_loc     0x00002f8d       0xec ./system/src/newlib/assert.o
 .debug_loc     0x00003079       0xf7 ./system/src/diag/Trace.o
 .debug_loc     0x00003170      0x17c ./system/src/diag/trace_impl.o
 .debug_loc     0x000032ec      0x2a8 ./system/src/cortexm/exception_handlers.o
 .debug_loc     0x00003594       0xe4 ./system/src/cmsis/system_stm32f10x.o
 .debug_loc     0x00003678      0x4bc ./src/UART_freertos.o
 .debug_loc     0x00003b34       0x5d ./src/fonts.o
 .debug_loc     0x00003b91       0x73 ./src/heap_3.o
 .debug_loc     0x00003c04       0x65 ./src/list.o
 .debug_loc     0x00003c69      0x9a5 ./src/main.o
 .debug_loc     0x0000460e       0x94 ./src/port.o
 .debug_loc     0x000046a2     0x10af ./src/queue.o
 .debug_loc     0x00005751      0xba0 ./src/ssd1306.o
 .debug_loc     0x000062f1      0x2f9 ./src/ssd1306_i2c.o
 .debug_loc     0x000065ea     0x10f6 ./src/tasks.o

.debug_macinfo
 *(.debug_macinfo)

.debug_weaknames
 *(.debug_weaknames)

.debug_funcnames
 *(.debug_funcnames)

.debug_typenames
 *(.debug_typenames)

.debug_varnames
 *(.debug_varnames)
OUTPUT(stm32_esp_server.elf elf32-littlearm)

.debug_ranges   0x00000000      0xba8
 .debug_ranges  0x00000000       0x30 ./system/src/stm32f1-stdperiph/misc.o
 .debug_ranges  0x00000030       0x98 ./system/src/stm32f1-stdperiph/stm32f10x_gpio.o
 .debug_ranges  0x000000c8      0x110 ./system/src/stm32f1-stdperiph/stm32f10x_i2c.o
 .debug_ranges  0x000001d8      0x108 ./system/src/stm32f1-stdperiph/stm32f10x_rcc.o
 .debug_ranges  0x000002e0       0xf0 ./system/src/stm32f1-stdperiph/stm32f10x_usart.o
 .debug_ranges  0x000003d0       0x18 ./system/src/newlib/_exit.o
 .debug_ranges  0x000003e8       0x10 ./system/src/newlib/_sbrk.o
 .debug_ranges  0x000003f8       0x48 ./system/src/newlib/_startup.o
 .debug_ranges  0x00000440       0x20 ./system/src/newlib/_syscalls.o
 .debug_ranges  0x00000460       0x18 ./system/src/newlib/assert.o
 .debug_ranges  0x00000478       0x28 ./system/src/diag/Trace.o
 .debug_ranges  0x000004a0       0x38 ./system/src/diag/trace_impl.o
 .debug_ranges  0x000004d8       0x18 ./system/src/cortexm/_initialize_hardware.o
 .debug_ranges  0x000004f0       0x98 ./system/src/cortexm/exception_handlers.o
 .debug_ranges  0x00000588       0x28 ./system/src/cmsis/system_stm32f10x.o
 .debug_ranges  0x000005b0       0x10 ./system/src/cmsis/vectors_stm32f10x.o
 .debug_ranges  0x000005c0       0x40 ./src/UART_freertos.o
 .debug_ranges  0x00000600       0x10 ./src/fonts.o
 .debug_ranges  0x00000610       0x18 ./src/heap_3.o
 .debug_ranges  0x00000628       0x30 ./src/list.o
 .debug_ranges  0x00000658      0x130 ./src/main.o
 .debug_ranges  0x00000788       0x60 ./src/port.o
 .debug_ranges  0x000007e8      0x130 ./src/queue.o
 .debug_ranges  0x00000918       0x90 ./src/ssd1306.o
 .debug_ranges  0x000009a8       0x40 ./src/ssd1306_i2c.o
 .debug_ranges  0x000009e8      0x1c0 ./src/tasks.o

.debug_macro    0x00000000    0x113be
 .debug_macro   0x00000000      0x171 ./system/src/stm32f1-stdperiph/misc.o
 .debug_macro   0x00000171      0x88c ./system/src/stm32f1-stdperiph/misc.o
 .debug_macro   0x000009fd       0x50 ./system/src/stm32f1-stdperiph/misc.o
 .debug_macro   0x00000a4d      0x34e ./system/src/stm32f1-stdperiph/misc.o
 .debug_macro   0x00000d9b       0x35 ./system/src/stm32f1-stdperiph/misc.o
 .debug_macro   0x00000dd0       0x34 ./system/src/stm32f1-stdperiph/misc.o
 .debug_macro   0x00000e04      0xb8e ./system/src/stm32f1-stdperiph/misc.o
 .debug_macro   0x00001992     0x7dbe ./system/src/stm32f1-stdperiph/misc.o
 .debug_macro   0x00009750      0x2e4 ./system/src/stm32f1-stdperiph/misc.o
 .debug_macro   0x00009a34      0x144 ./system/src/stm32f1-stdperiph/misc.o
 .debug_macro   0x00009b78      0x3cf ./system/src/stm32f1-stdperiph/misc.o
 .debug_macro   0x00009f47       0xc8 ./system/src/stm32f1-stdperiph/misc.o
 .debug_macro   0x0000a00f      0x17a ./system/src/stm32f1-stdperiph/misc.o
 .debug_macro   0x0000a189       0xac ./system/src/stm32f1-stdperiph/misc.o
 .debug_macro   0x0000a235      0x3ad ./system/src/stm32f1-stdperiph/misc.o
 .debug_macro   0x0000a5e2       0x9d ./system/src/stm32f1-stdperiph/misc.o
 .debug_macro   0x0000a67f      0x2cf ./system/src/stm32f1-stdperiph/misc.o
 .debug_macro   0x0000a94e      0x279 ./system/src/stm32f1-stdperiph/misc.o
 .debug_macro   0x0000abc7      0x2ac ./system/src/stm32f1-stdperiph/misc.o
 .debug_macro   0x0000ae73      0x2b4 ./system/src/stm32f1-stdperiph/misc.o
 .debug_macro   0x0000b127       0x64 ./system/src/stm32f1-stdperiph/misc.o
 .debug_macro   0x0000b18b       0x82 ./system/src/stm32f1-stdperiph/misc.o
 .debug_macro   0x0000b20d      0x3e2 ./system/src/stm32f1-stdperiph/misc.o
 .debug_macro   0x0000b5ef       0x58 ./system/src/stm32f1-stdperiph/misc.o
 .debug_macro   0x0000b647      0x344 ./system/src/stm32f1-stdperiph/misc.o
 .debug_macro   0x0000b98b      0x2c4 ./system/src/stm32f1-stdperiph/misc.o
 .debug_macro   0x0000bc4f      0x711 ./system/src/stm32f1-stdperiph/misc.o
 .debug_macro   0x0000c360      0x222 ./system/src/stm32f1-stdperiph/misc.o
 .debug_macro   0x0000c582       0x34 ./system/src/stm32f1-stdperiph/misc.o
 .debug_macro   0x0000c5b6       0x35 ./system/src/stm32f1-stdperiph/misc.o
 .debug_macro   0x0000c5eb       0x85 ./system/src/stm32f1-stdperiph/misc.o
 .debug_macro   0x0000c670      0x1b9 ./system/src/stm32f1-stdperiph/stm32f10x_gpio.o
 .debug_macro   0x0000c829      0x2a6 ./system/src/stm32f1-stdperiph/stm32f10x_gpio.o
 .debug_macro   0x0000cacf      0x23d ./system/src/stm32f1-stdperiph/stm32f10x_i2c.o
 .debug_macro   0x0000cd0c      0x2ae ./system/src/stm32f1-stdperiph/stm32f10x_i2c.o
 .debug_macro   0x0000cfba      0x287 ./system/src/stm32f1-stdperiph/stm32f10x_rcc.o
 .debug_macro   0x0000d241      0x3dc ./system/src/stm32f1-stdperiph/stm32f10x_rcc.o
 .debug_macro   0x0000d61d      0x21f ./system/src/stm32f1-stdperiph/stm32f10x_usart.o
 .debug_macro   0x0000d83c      0x21c ./system/src/stm32f1-stdperiph/stm32f10x_usart.o
 .debug_macro   0x0000da58      0x131 ./system/src/newlib/_exit.o
 .debug_macro   0x0000db89       0x9c ./system/src/newlib/_exit.o
 .debug_macro   0x0000dc25      0x10e ./system/src/newlib/_exit.o
 .debug_macro   0x0000dd33       0x86 ./system/src/newlib/_exit.o
 .debug_macro   0x0000ddb9       0x43 ./system/src/newlib/_exit.o
 .debug_macro   0x0000ddfc      0x27a ./system/src/newlib/_exit.o
 .debug_macro   0x0000e076       0x35 ./system/src/newlib/_exit.o
 .debug_macro   0x0000e0ab       0xed ./system/src/newlib/_sbrk.o
 .debug_macro   0x0000e198      0x16d ./system/src/newlib/_sbrk.o
 .debug_macro   0x0000e305       0x10 ./system/src/newlib/_sbrk.o
 .debug_macro   0x0000e315      0x23b ./system/src/newlib/_sbrk.o
 .debug_macro   0x0000e550       0xf7 ./system/src/newlib/_startup.o
 .debug_macro   0x0000e647      0x1ad ./system/src/newlib/_syscalls.o
 .debug_macro   0x0000e7f4       0x1c ./system/src/newlib/_syscalls.o
 .debug_macro   0x0000e810       0x10 ./system/src/newlib/_syscalls.o
 .debug_macro   0x0000e820       0x10 ./system/src/newlib/_syscalls.o
 .debug_macro   0x0000e830       0x10 ./system/src/newlib/_syscalls.o
 .debug_macro   0x0000e840       0x10 ./system/src/newlib/_syscalls.o
 .debug_macro   0x0000e850       0x35 ./system/src/newlib/_syscalls.o
 .debug_macro   0x0000e885      0x122 ./system/src/newlib/_syscalls.o
 .debug_macro   0x0000e9a7       0x2e ./system/src/newlib/_syscalls.o
 .debug_macro   0x0000e9d5       0x82 ./system/src/newlib/_syscalls.o
 .debug_macro   0x0000ea57       0x2b ./system/src/newlib/_syscalls.o
 .debug_macro   0x0000ea82      0x118 ./system/src/newlib/_syscalls.o
 .debug_macro   0x0000eb9a      0x159 ./system/src/newlib/_syscalls.o
 .debug_macro   0x0000ecf3       0x16 ./system/src/newlib/_syscalls.o
 .debug_macro   0x0000ed09      0x14d ./system/src/newlib/assert.o
 .debug_macro   0x0000ee56       0x1c ./system/src/newlib/assert.o
 .debug_macro   0x0000ee72      0x15e ./system/src/diag/Trace.o
 .debug_macro   0x0000efd0       0x16 ./system/src/diag/Trace.o
 .debug_macro   0x0000efe6       0x97 ./system/src/diag/Trace.o
 .debug_macro   0x0000f07d       0xf6 ./system/src/diag/Trace.o
 .debug_macro   0x0000f173       0x10 ./system/src/diag/Trace.o
 .debug_macro   0x0000f183       0x16 ./system/src/diag/Trace.o
 .debug_macro   0x0000f199      0x197 ./system/src/diag/Trace.o
 .debug_macro   0x0000f330       0x52 ./system/src/diag/Trace.o
 .debug_macro   0x0000f382       0x16 ./system/src/diag/Trace.o
 .debug_macro   0x0000f398      0x25e ./system/src/diag/trace_impl.o
 .debug_macro   0x0000f5f6       0x10 ./system/src/diag/trace_impl.o
 .debug_macro   0x0000f606       0xc8 ./system/src/diag/trace_impl.o
 .debug_macro   0x0000f6ce       0x19 ./system/src/diag/trace_impl.o
 .debug_macro   0x0000f6e7       0xbe ./system/src/diag/trace_impl.o
 .debug_macro   0x0000f7a5       0x22 ./system/src/diag/trace_impl.o
 .debug_macro   0x0000f7c7      0x16b ./system/src/cortexm/_initialize_hardware.o
 .debug_macro   0x0000f932      0x294 ./system/src/cortexm/exception_handlers.o
 .debug_macro   0x0000fbc6       0x3b ./system/src/cortexm/exception_handlers.o
 .debug_macro   0x0000fc01       0x10 ./system/src/cortexm/exception_handlers.o
 .debug_macro   0x0000fc11      0x16e ./system/src/cmsis/system_stm32f10x.o
 .debug_macro   0x0000fd7f       0x34 ./system/src/cmsis/vectors_stm32f10x.o
 .debug_macro   0x0000fdb3      0x170 ./src/UART_freertos.o
 .debug_macro   0x0000ff23       0x76 ./src/UART_freertos.o
 .debug_macro   0x0000ff99      0x225 ./src/fonts.o
 .debug_macro   0x000101be      0x16a ./src/heap_3.o
 .debug_macro   0x00010328      0x14f ./src/list.o
 .debug_macro   0x00010477      0x3b5 ./src/main.o
 .debug_macro   0x0001082c       0x94 ./src/main.o
 .debug_macro   0x000108c0       0x78 ./src/main.o
 .debug_macro   0x00010938       0x7c ./src/main.o
 .debug_macro   0x000109b4       0x10 ./src/main.o
 .debug_macro   0x000109c4       0x1c ./src/main.o
 .debug_macro   0x000109e0       0x3a ./src/main.o
 .debug_macro   0x00010a1a       0x64 ./src/main.o
 .debug_macro   0x00010a7e      0x137 ./src/port.o
 .debug_macro   0x00010bb5      0x1c1 ./src/queue.o
 .debug_macro   0x00010d76      0x283 ./src/ssd1306.o
 .debug_macro   0x00010ff9      0x189 ./src/ssd1306_i2c.o
 .debug_macro   0x00011182      0x22b ./src/tasks.o
 .debug_macro   0x000113ad       0x11 ./src/tasks.o
