Archive member included because of file (symbol)

/opt/gcc-arm-none-eabi-4_9-2015q3/bin/../lib/gcc/arm-none-eabi/4.9.3/armv7-m/libgcc.a(_arm_addsubdf3.o)
                              ./src/UART_freertos.o (__aeabi_dsub)
/opt/gcc-arm-none-eabi-4_9-2015q3/bin/../lib/gcc/arm-none-eabi/4.9.3/armv7-m/libgcc.a(_arm_muldivdf3.o)
                              ./src/UART_freertos.o (__aeabi_dmul)
/opt/gcc-arm-none-eabi-4_9-2015q3/bin/../lib/gcc/arm-none-eabi/4.9.3/armv7-m/libgcc.a(_arm_cmpdf2.o)
                              ./src/UART_freertos.o (__aeabi_dcmplt)
/opt/gcc-arm-none-eabi-4_9-2015q3/bin/../lib/gcc/arm-none-eabi/4.9.3/armv7-m/libgcc.a(_arm_fixdfsi.o)
                              ./src/UART_freertos.o (__aeabi_d2iz)
/opt/gcc-arm-none-eabi-4_9-2015q3/bin/../lib/gcc/arm-none-eabi/4.9.3/../../../../arm-none-eabi/lib/armv7-m/libg_nano.a(lib_a-atoi.o)
                              ./src/main.o (atoi)
/opt/gcc-arm-none-eabi-4_9-2015q3/bin/../lib/gcc/arm-none-eabi/4.9.3/../../../../arm-none-eabi/lib/armv7-m/libg_nano.a(lib_a-errno.o)
                              ./system/src/newlib/_sbrk.o (__errno)
/opt/gcc-arm-none-eabi-4_9-2015q3/bin/../lib/gcc/arm-none-eabi/4.9.3/../../../../arm-none-eabi/lib/armv7-m/libg_nano.a(lib_a-impure.o)
                              /opt/gcc-arm-none-eabi-4_9-2015q3/bin/../lib/gcc/arm-none-eabi/4.9.3/../../../../arm-none-eabi/lib/armv7-m/libg_nano.a(lib_a-errno.o) (_impure_ptr)
/opt/gcc-arm-none-eabi-4_9-2015q3/bin/../lib/gcc/arm-none-eabi/4.9.3/../../../../arm-none-eabi/lib/armv7-m/libg_nano.a(lib_a-malloc.o)
                              ./src/heap_3.o (malloc)
/opt/gcc-arm-none-eabi-4_9-2015q3/bin/../lib/gcc/arm-none-eabi/4.9.3/../../../../arm-none-eabi/lib/armv7-m/libg_nano.a(lib_a-memcpy.o)
                              ./src/queue.o (memcpy)
/opt/gcc-arm-none-eabi-4_9-2015q3/bin/../lib/gcc/arm-none-eabi/4.9.3/../../../../arm-none-eabi/lib/armv7-m/libg_nano.a(lib_a-memset.o)
                              ./src/main.o (memset)
/opt/gcc-arm-none-eabi-4_9-2015q3/bin/../lib/gcc/arm-none-eabi/4.9.3/../../../../arm-none-eabi/lib/armv7-m/libg_nano.a(lib_a-nano-freer.o)
                              /opt/gcc-arm-none-eabi-4_9-2015q3/bin/../lib/gcc/arm-none-eabi/4.9.3/../../../../arm-none-eabi/lib/armv7-m/libg_nano.a(lib_a-malloc.o) (_free_r)
/opt/gcc-arm-none-eabi-4_9-2015q3/bin/../lib/gcc/arm-none-eabi/4.9.3/../../../../arm-none-eabi/lib/armv7-m/libg_nano.a(lib_a-nano-mallocr.o)
                              /opt/gcc-arm-none-eabi-4_9-2015q3/bin/../lib/gcc/arm-none-eabi/4.9.3/../../../../arm-none-eabi/lib/armv7-m/libg_nano.a(lib_a-malloc.o) (_malloc_r)
/opt/gcc-arm-none-eabi-4_9-2015q3/bin/../lib/gcc/arm-none-eabi/4.9.3/../../../../arm-none-eabi/lib/armv7-m/libg_nano.a(lib_a-sbrkr.o)
                              /opt/gcc-arm-none-eabi-4_9-2015q3/bin/../lib/gcc/arm-none-eabi/4.9.3/../../../../arm-none-eabi/lib/armv7-m/libg_nano.a(lib_a-nano-mallocr.o) (_sbrk_r)
/opt/gcc-arm-none-eabi-4_9-2015q3/bin/../lib/gcc/arm-none-eabi/4.9.3/../../../../arm-none-eabi/lib/armv7-m/libg_nano.a(lib_a-sprintf.o)
                              ./src/main.o (sprintf)
/opt/gcc-arm-none-eabi-4_9-2015q3/bin/../lib/gcc/arm-none-eabi/4.9.3/../../../../arm-none-eabi/lib/armv7-m/libg_nano.a(lib_a-strlen.o)
                              ./system/src/diag/Trace.o (strlen)
/opt/gcc-arm-none-eabi-4_9-2015q3/bin/../lib/gcc/arm-none-eabi/4.9.3/../../../../arm-none-eabi/lib/armv7-m/libg_nano.a(lib_a-strstr.o)
                              ./src/main.o (strstr)
/opt/gcc-arm-none-eabi-4_9-2015q3/bin/../lib/gcc/arm-none-eabi/4.9.3/../../../../arm-none-eabi/lib/armv7-m/libg_nano.a(lib_a-strtol.o)
                              /opt/gcc-arm-none-eabi-4_9-2015q3/bin/../lib/gcc/arm-none-eabi/4.9.3/../../../../arm-none-eabi/lib/armv7-m/libg_nano.a(lib_a-atoi.o) (_strtol_r)
/opt/gcc-arm-none-eabi-4_9-2015q3/bin/../lib/gcc/arm-none-eabi/4.9.3/../../../../arm-none-eabi/lib/armv7-m/libg_nano.a(lib_a-vsnprintf.o)
                              ./system/src/diag/Trace.o (vsnprintf)
/opt/gcc-arm-none-eabi-4_9-2015q3/bin/../lib/gcc/arm-none-eabi/4.9.3/../../../../arm-none-eabi/lib/armv7-m/libg_nano.a(lib_a-ctype_.o)
                              /opt/gcc-arm-none-eabi-4_9-2015q3/bin/../lib/gcc/arm-none-eabi/4.9.3/../../../../arm-none-eabi/lib/armv7-m/libg_nano.a(lib_a-strtol.o) (__ctype_ptr__)
/opt/gcc-arm-none-eabi-4_9-2015q3/bin/../lib/gcc/arm-none-eabi/4.9.3/../../../../arm-none-eabi/lib/armv7-m/libg_nano.a(lib_a-nano-svfprintf.o)
                              /opt/gcc-arm-none-eabi-4_9-2015q3/bin/../lib/gcc/arm-none-eabi/4.9.3/../../../../arm-none-eabi/lib/armv7-m/libg_nano.a(lib_a-sprintf.o) (_svfprintf_r)
/opt/gcc-arm-none-eabi-4_9-2015q3/bin/../lib/gcc/arm-none-eabi/4.9.3/../../../../arm-none-eabi/lib/armv7-m/libg_nano.a(lib_a-nano-vfprintf_i.o)
[...]
Memory Configuration

Name             Origin             Length             Attributes
RAM              0x20000000         0x00005000         xrw
CCMRAM           0x00000000         0x00000000         xrw
FLASH            0x08000000         0x00020000         xr
FLASHB1          0x00000000         0x00000000         xr
EXTMEMB0         0x00000000         0x00000000         xr
EXTMEMB1         0x00000000         0x00000000         xr
EXTMEMB2         0x00000000         0x00000000         xr
EXTMEMB3         0x00000000         0x00000000         xr
MEMORY_ARRAY     0x00000000         0x00000000         xrw
*default*        0x00000000         0xffffffff

Linker script and memory map

LOAD ./system/src/stm32f1-stdperiph/misc.o
LOAD ./system/src/stm32f1-stdperiph/stm32f10x_adc.o
LOAD ./system/src/stm32f1-stdperiph/stm32f10x_bkp.o
LOAD ./system/src/stm32f1-stdperiph/stm32f10x_can.o
LOAD ./system/src/stm32f1-stdperiph/stm32f10x_cec.o
LOAD ./system/src/stm32f1-stdperiph/stm32f10x_crc.o
LOAD ./system/src/stm32f1-stdperiph/stm32f10x_dac.o
LOAD ./system/src/stm32f1-stdperiph/stm32f10x_dbgmcu.o
LOAD ./system/src/stm32f1-stdperiph/stm32f10x_dma.o
LOAD ./system/src/stm32f1-stdperiph/stm32f10x_exti.o
LOAD ./system/src/stm32f1-stdperiph/stm32f10x_flash.o
LOAD ./system/src/stm32f1-stdperiph/stm32f10x_fsmc.o
LOAD ./system/src/stm32f1-stdperiph/stm32f10x_gpio.o
LOAD ./system/src/stm32f1-stdperiph/stm32f10x_i2c.o
LOAD ./system/src/stm32f1-stdperiph/stm32f10x_iwdg.o
LOAD ./system/src/stm32f1-stdperiph/stm32f10x_pwr.o
LOAD ./system/src/stm32f1-stdperiph/stm32f10x_rcc.o
LOAD ./system/src/stm32f1-stdperiph/stm32f10x_rtc.o
LOAD ./system/src/stm32f1-stdperiph/stm32f10x_sdio.o
LOAD ./system/src/stm32f1-stdperiph/stm32f10x_spi.o
LOAD ./system/src/stm32f1-stdperiph/stm32f10x_tim.o
LOAD ./system/src/stm32f1-stdperiph/stm32f10x_usart.o
LOAD ./system/src/stm32f1-stdperiph/stm32f10x_wwdg.o
LOAD ./system/src/newlib/_cxx.o
LOAD ./system/src/newlib/_exit.o
LOAD ./system/src/newlib/_sbrk.o
LOAD ./system/src/newlib/_startup.o
LOAD ./system/src/newlib/_syscalls.o
LOAD ./system/src/newlib/assert.o
LOAD ./system/src/diag/Trace.o
LOAD ./system/src/diag/trace_impl.o
LOAD ./system/src/cortexm/_initialize_hardware.o
LOAD ./system/src/cortexm/_reset_hardware.o
LOAD ./system/src/cortexm/exception_handlers.o
LOAD ./system/src/cmsis/system_stm32f10x.o
LOAD ./system/src/cmsis/vectors_stm32f10x.o
LOAD ./src/UART_freertos.o
LOAD ./src/_write.o
LOAD ./src/croutine.o
LOAD ./src/event_groups.o
LOAD ./src/fonts.o
LOAD ./src/heap_3.o
LOAD ./src/list.o
LOAD ./src/main.o
LOAD ./src/port.o
LOAD ./src/queue.o
LOAD ./src/ssd1306.o
LOAD ./src/ssd1306_i2c.o
LOAD ./src/tasks.o
LOAD ./src/timers.o
LOAD /opt/gcc-arm-none-eabi-4_9-2015q3/bin/../lib/gcc/arm-none-eabi/4.9.3/../../../../arm-none-eabi/lib/armv7-m/libstdc++_nano.a
LOAD /opt/gcc-arm-none-eabi-4_9-2015q3/bin/../lib/gcc/arm-none-eabi/4.9.3/../../../../arm-none-eabi/lib/armv7-m/libm.a
START GROUP
LOAD /opt/gcc-arm-none-eabi-4_9-2015q3/bin/../lib/gcc/arm-none-eabi/4.9.3/armv7-m/libgcc.a
LOAD /opt/gcc-arm-none-eabi-4_9-2015q3/bin/../lib/gcc/arm-none-eabi/4.9.3/../../../../arm-none-eabi/lib/armv7-m/libg_nano.a
LOAD /opt/gcc-arm-none-eabi-4_9-2015q3/bin/../lib/gcc/arm-none-eabi/4.9.3/../../../../arm-none-eabi/lib/armv7-m/libc_nano.a
END GROUP
START GROUP
LOAD /opt/gcc-arm-none-eabi-4_9-2015q3/bin/../lib/gcc/arm-none-eabi/4.9.3/armv7-m/libgcc.a
LOAD /opt/gcc-arm-none-eabi-4_9-2015q3/bin/../lib/gcc/arm-none-eabi/4.9.3/../../../../arm-none-eabi/lib/armv7-m/libc_nano.a
END GROUP
                0x20005000                __stack = (ORIGIN (RAM) + 0x5000)
                0x20005000                _estack = __stack
                0x00000400                __Main_Stack_Size = 0x400
                0x00000400                PROVIDE (_Main_Stack_Size, __Main_Stack_Size)
                0x20004c00                __Main_Stack_Limit = (__stack - __Main_Stack_Size)
                0x20004c00                PROVIDE (_Main_Stack_Limit, __Main_Stack_Limit)
                0x00000100                _Minimum_Stack_Size = 0x100
                0x2000033c                PROVIDE (_Heap_Begin, _end_noinit)
                0x20004c00                PROVIDE (_Heap_Limit, (__stack - __Main_Stack_Size))

.isr_vector     0x08000000      0x354
 FILL mask 0xff
                0x08000000                __vectors_start = ABSOLUTE (.)
                0x08000000                __vectors_start__ = ABSOLUTE (.)
 *(.isr_vector)
 .isr_vector    0x08000000      0x10c ./system/src/cmsis/vectors_stm32f10x.o
                0x08000000                __isr_vectors
 *(.cfmconfig)
 *(.after_vectors .after_vectors.*)
 .after_vectors
                0x0800010c      0x114 ./system/src/newlib/_startup.o
                0x0800010c                _start
 .after_vectors
                0x08000220      0x130 ./system/src/cortexm/exception_handlers.o
                0x08000220                Reset_Handler
                0x08000228                NMI_Handler
                0x0800022c                HardFault_Handler
                0x08000240                HardFault_Handler_C
                0x080002a0                MemManage_Handler
                0x080002a4                BusFault_Handler
                0x080002b8                BusFault_Handler_C
                0x080002ec                UsageFault_Handler
                0x08000300                UsageFault_Handler_C
                0x08000338                DebugMon_Handler
 .after_vectors
                0x08000350        0x4 ./system/src/cmsis/vectors_stm32f10x.o
                0x08000350                EXTI2_IRQHandler
                0x08000350                TIM8_TRG_COM_IRQHandler
                0x08000350                TIM8_CC_IRQHandler
                0x08000350                TIM1_CC_IRQHandler
                0x08000350                TIM6_IRQHandler
                0x08000350                PVD_IRQHandler
                0x08000350                SDIO_IRQHandler
                0x08000350                CAN2_RX1_IRQHandler
                0x08000350                EXTI3_IRQHandler
                0x08000350                TIM8_TRG_COM_TIM14_IRQHandler
                0x08000350                TIM1_UP_TIM10_IRQHandler
                0x08000350                TIM8_UP_TIM13_IRQHandler
                0x08000350                EXTI0_IRQHandler
                0x08000350                I2C2_EV_IRQHandler
                0x08000350                CAN1_RX0_IRQHandler
                0x08000350                TIM1_UP_TIM16_IRQHandler
                0x08000350                CAN2_SCE_IRQHandler
                0x08000350                ADC1_2_IRQHandler
                0x08000350                SPI1_IRQHandler
                0x08000350                TAMPER_IRQHandler
                0x08000350                TIM6_DAC_IRQHandler
                0x08000350                TIM1_BRK_TIM9_IRQHandler
                0x08000350                CAN2_RX0_IRQHandler
                0x08000350                TIM8_UP_IRQHandler
                0x08000350                DMA2_Channel2_IRQHandler
                0x08000350                DMA1_Channel4_IRQHandler
                0x08000350                USART3_IRQHandler
                0x08000350                RTC_IRQHandler
                0x08000350                DMA1_Channel7_IRQHandler
                0x08000350                CAN1_RX1_IRQHandler
                0x08000350                UART5_IRQHandler
                0x08000350                ADC3_IRQHandler
                0x08000350                TIM4_IRQHandler
                0x08000350                DMA2_Channel1_IRQHandler
                0x08000350                I2C1_EV_IRQHandler
                0x08000350                DMA1_Channel6_IRQHandler
                0x08000350                UART4_IRQHandler
                0x08000350                DMA2_Channel4_IRQHandler
                0x08000350                TIM3_IRQHandler
                0x08000350                RCC_IRQHandler
                0x08000350                TIM8_BRK_TIM12_IRQHandler
                0x08000350                TIM1_TRG_COM_IRQHandler
                0x08000350                DMA1_Channel1_IRQHandler
                0x08000350                Default_Handler
                0x08000350                CEC_IRQHandler
                0x08000350                EXTI15_10_IRQHandler
                0x08000350                TIM14_IRQHandler
                0x08000350                TIM13_IRQHandler
                0x08000350                TIM12_IRQHandler
                0x08000350                TIM7_IRQHandler
                0x08000350                CAN2_TX_IRQHandler
                0x08000350                TIM5_IRQHandler
                0x08000350                EXTI9_5_IRQHandler
                0x08000350                ETH_WKUP_IRQHandler
                0x08000350                SPI2_IRQHandler
                0x08000350                CAN1_TX_IRQHandler
                0x08000350                DMA2_Channel5_IRQHandler
                0x08000350                DMA1_Channel5_IRQHandler
                0x08000350                EXTI4_IRQHandler
                0x08000350                USB_LP_CAN1_RX0_IRQHandler
                0x08000350                TIM1_TRG_COM_TIM17_IRQHandler
                0x08000350                USB_HP_CAN1_TX_IRQHandler
                0x08000350                DMA1_Channel3_IRQHandler
                0x08000350                FSMC_IRQHandler
                0x08000350                ETH_IRQHandler
                0x08000350                TIM1_UP_IRQHandler
                0x08000350                WWDG_IRQHandler
                0x08000350                TIM2_IRQHandler
                0x08000350                OTG_FS_WKUP_IRQHandler
                0x08000350                TIM1_TRG_COM_TIM11_IRQHandler
                0x08000350                TIM1_BRK_IRQHandler
                0x08000350                EXTI1_IRQHandler
                0x08000350                RTCAlarm_IRQHandler
                0x08000350                DMA2_Channel4_5_IRQHandler
                0x08000350                I2C2_ER_IRQHandler
                0x08000350                DMA1_Channel2_IRQHandler
                0x08000350                TIM8_BRK_IRQHandler
                0x08000350                CAN1_SCE_IRQHandler
                0x08000350                FLASH_IRQHandler
                0x08000350                OTG_FS_IRQHandler
                0x08000350                SPI3_IRQHandler
                0x08000350                I2C1_ER_IRQHandler
                0x08000350                USBWakeUp_IRQHandler
                0x08000350                DMA2_Channel3_IRQHandler
                0x08000350                TIM1_BRK_TIM15_IRQHandler

.inits          0x08000354       0x28
                0x08000354                __data_regions_array_start = .
                0x08000354        0x4 LONG 0x8003f08 LOADADDR (.data)
                0x08000358        0x4 LONG 0x20000000 ADDR (.data)
                0x0800035c        0x4 LONG 0x200000a0 (ADDR (.data) + SIZEOF (.data))
                0x08000360        0x4 LONG 0x8003f08 LOADADDR (.data_CCMRAM)
                0x08000364        0x4 LONG 0x0 ADDR (.data_CCMRAM)
                0x08000368        0x4 LONG 0x0 (ADDR (.data_CCMRAM) + SIZEOF (.data_CCMRAM))
                0x0800036c                __data_regions_array_end = .
                0x0800036c                __bss_regions_array_start = .
                0x0800036c        0x4 LONG 0x200000a0 ADDR (.bss)
                0x08000370        0x4 LONG 0x2000033c (ADDR (.bss) + SIZEOF (.bss))
                0x08000374        0x4 LONG 0x0 ADDR (.bss_CCMRAM)
                0x08000378        0x4 LONG 0x0 (ADDR (.bss_CCMRAM) + SIZEOF (.bss_CCMRAM))
                0x0800037c                __bss_regions_array_end = .
 *(.init)
 *(.fini)
                0x0800037c                . = ALIGN (0x4)
                0x0800037c                PROVIDE (__preinit_array_start, .)
 *(.preinit_array_sysinit .preinit_array_sysinit.*)
 *(.preinit_array_platform .preinit_array_platform.*)
 *(.preinit_array .preinit_array.*)
                0x0800037c                PROVIDE (__preinit_array_end, .)
                0x0800037c                . = ALIGN (0x4)
                0x0800037c                PROVIDE (__init_array_start, .)
 *(SORT(.init_array.*))
 *(.init_array)
                0x0800037c                PROVIDE (__init_array_end, .)
                0x0800037c                . = ALIGN (0x4)
                0x0800037c                PROVIDE (__fini_array_start, .)
 *(SORT(.fini_array.*))
 *(.fini_array)
                0x0800037c                PROVIDE (__fini_array_end, .)

.flashtext
 *(.flashtext .flashtext.*)

.text           0x08000380     0x3b85
 *(.text .text.*)
 .text.NVIC_PriorityGroupConfig
                0x08000380       0x40 ./system/src/stm32f1-stdperiph/misc.o
                0x08000380                NVIC_PriorityGroupConfig
 .text.NVIC_Init
                0x080003c0       0x98 ./system/src/stm32f1-stdperiph/misc.o
                0x080003c0                NVIC_Init
 .text.GPIO_Init
                0x08000458      0x12c ./system/src/stm32f1-stdperiph/stm32f10x_gpio.o
                0x08000458                GPIO_Init
 .text.GPIO_StructInit
                0x08000584       0x10 ./system/src/stm32f1-stdperiph/stm32f10x_gpio.o
                0x08000584                GPIO_StructInit
 .text.GPIO_ReadInputDataBit
                0x08000594       0xb8 ./system/src/stm32f1-stdperiph/stm32f10x_gpio.o
                0x08000594                GPIO_ReadInputDataBit
 .text.GPIO_ReadOutputDataBit
                0x0800064c       0xb8 ./system/src/stm32f1-stdperiph/stm32f10x_gpio.o
                0x0800064c                GPIO_ReadOutputDataBit
 .text.GPIO_SetBits
                0x08000704       0x60 ./system/src/stm32f1-stdperiph/stm32f10x_gpio.o
                0x08000704                GPIO_SetBits
 .text.GPIO_ResetBits
                0x08000764       0x60 ./system/src/stm32f1-stdperiph/stm32f10x_gpio.o
                0x08000764                GPIO_ResetBits
 .text.GPIO_PinRemapConfig
                0x080007c4      0x1d0 ./system/src/stm32f1-stdperiph/stm32f10x_gpio.o
                0x080007c4                GPIO_PinRemapConfig
 .text.RCC_DeInit
                0x08000994       0x40 ./system/src/stm32f1-stdperiph/stm32f10x_rcc.o
                0x08000994                RCC_DeInit
 .text.RCC_HSEConfig
                0x080009d4       0x5c ./system/src/stm32f1-stdperiph/stm32f10x_rcc.o
                0x080009d4                RCC_HSEConfig
 .text.RCC_PLLConfig
                0x08000a30       0x98 ./system/src/stm32f1-stdperiph/stm32f10x_rcc.o
                0x08000a30                RCC_PLLConfig
 .text.RCC_PLLCmd
                0x08000ac8       0x20 ./system/src/stm32f1-stdperiph/stm32f10x_rcc.o
                0x08000ac8                RCC_PLLCmd
 .text.RCC_SYSCLKConfig
                0x08000ae8       0x28 ./system/src/stm32f1-stdperiph/stm32f10x_rcc.o
                0x08000ae8                RCC_SYSCLKConfig
 .text.RCC_GetSYSCLKSource
                0x08000b10       0x10 ./system/src/stm32f1-stdperiph/stm32f10x_rcc.o
                0x08000b10                RCC_GetSYSCLKSource
 .text.RCC_HCLKConfig
                0x08000b20       0x48 ./system/src/stm32f1-stdperiph/stm32f10x_rcc.o
                0x08000b20                RCC_HCLKConfig
 .text.RCC_PCLK1Config
                0x08000b68       0x40 ./system/src/stm32f1-stdperiph/stm32f10x_rcc.o
                0x08000b68                RCC_PCLK1Config
 .text.RCC_PCLK2Config
                0x08000ba8       0x40 ./system/src/stm32f1-stdperiph/stm32f10x_rcc.o
                0x08000ba8                RCC_PCLK2Config
 .text.RCC_GetClocksFreq
                0x08000be8       0xbc ./system/src/stm32f1-stdperiph/stm32f10x_rcc.o
                0x08000be8                RCC_GetClocksFreq
 .text.RCC_APB2PeriphClockCmd
                0x08000ca4       0x4c ./system/src/stm32f1-stdperiph/stm32f10x_rcc.o
                0x08000ca4                RCC_APB2PeriphClockCmd
 .text.RCC_APB1PeriphClockCmd
                0x08000cf0       0x4c ./system/src/stm32f1-stdperiph/stm32f10x_rcc.o
                0x08000cf0                RCC_APB1PeriphClockCmd
 .text.RCC_GetFlagStatus
                0x08000d3c       0x70 ./system/src/stm32f1-stdperiph/stm32f10x_rcc.o
                0x08000d3c                RCC_GetFlagStatus
 .text.RCC_WaitForHSEStartUp
                0x08000dac       0x34 ./system/src/stm32f1-stdperiph/stm32f10x_rcc.o
                0x08000dac                RCC_WaitForHSEStartUp
 .text.USART_Init
                0x08000de0      0x1b0 ./system/src/stm32f1-stdperiph/stm32f10x_usart.o
                0x08000de0                USART_Init
 .text.USART_Cmd
                0x08000f90       0x68 ./system/src/stm32f1-stdperiph/stm32f10x_usart.o
                0x08000f90                USART_Cmd
 .text.USART_ITConfig
                0x08000ff8       0xec ./system/src/stm32f1-stdperiph/stm32f10x_usart.o
                0x08000ff8                USART_ITConfig
 .text.USART_ReceiveData
                0x080010e4       0x44 ./system/src/stm32f1-stdperiph/stm32f10x_usart.o
                0x080010e4                USART_ReceiveData
 .text.USART_GetITStatus
                0x08001128       0xfc ./system/src/stm32f1-stdperiph/stm32f10x_usart.o
                0x08001128                USART_GetITStatus
 .text.USART_ClearITPendingBit
                0x08001224       0xa0 ./system/src/stm32f1-stdperiph/stm32f10x_usart.o
                0x08001224                USART_ClearITPendingBit
 .text._exit    0x080012c4        0x4 ./system/src/newlib/_exit.o
                0x080012c4                _exit
 .text.abort    0x080012c8       0x14 ./system/src/newlib/_exit.o
                0x080012c8                abort
 .text._sbrk    0x080012dc       0x44 ./system/src/newlib/_sbrk.o
                0x080012dc                _sbrk
 .text.__initialize_args
                0x08001320       0x10 ./system/src/newlib/_syscalls.o
                0x08001320                __initialize_args
 .text.assert_failed
                0x08001330       0x18 ./system/src/newlib/assert.o
                0x08001330                assert_failed
 .text.trace_printf
                0x08001348       0x34 ./system/src/diag/Trace.o
                0x08001348                trace_printf
 .text.trace_puts
                0x0800137c       0x20 ./system/src/diag/Trace.o
                0x0800137c                trace_puts
 .text._trace_write_semihosting_debug
                0x0800139c       0x64 ./system/src/diag/trace_impl.o
 .text.trace_write
                0x08001400        0x8 ./system/src/diag/trace_impl.o
                0x08001400                trace_write
 .text.__initialize_hardware_early
                0x08001408       0x18 ./system/src/cortexm/_initialize_hardware.o
                0x08001408                __initialize_hardware_early
 .text.__initialize_hardware
                0x08001420        0x8 ./system/src/cortexm/_initialize_hardware.o
                0x08001420                __initialize_hardware
 .text.dumpExceptionStack
                0x08001428       0xf0 ./system/src/cortexm/exception_handlers.o
                0x08001428                dumpExceptionStack
 .text.isSemihosting
                0x08001518       0x20 ./system/src/cortexm/exception_handlers.o
                0x08001518                isSemihosting
 .text.SetSysClockTo72
                0x08001538       0xc4 ./system/src/cmsis/system_stm32f10x.o
 .text.SetSysClock
                0x080015fc        0x8 ./system/src/cmsis/system_stm32f10x.o
 .text.SystemInit
                0x08001604       0x50 ./system/src/cmsis/system_stm32f10x.o
                0x08001604                SystemInit
 .text.SystemCoreClockUpdate
                0x08001654       0x94 ./system/src/cmsis/system_stm32f10x.o
                0x08001654                SystemCoreClockUpdate
 .text.uart_send_byte
                0x080016e8       0x20 ./src/UART_freertos.o
                0x080016e8                uart_send_byte
 .text.uart_send_str
                0x08001708       0x18 ./src/UART_freertos.o
                0x08001708                uart_send_str
 .text.uart_send_str_ln
                0x08001720       0x1c ./src/UART_freertos.o
                0x08001720                uart_send_str_ln
 .text.pvPortMalloc
                0x0800173c       0x18 ./src/heap_3.o
                0x0800173c                pvPortMalloc
 .text.vPortFree
                0x08001754       0x18 ./src/heap_3.o
                0x08001754                vPortFree
 .text.vListInitialise
                0x0800176c       0x18 ./src/list.o
                0x0800176c                vListInitialise
 .text.vListInitialiseItem
                0x08001784        0x8 ./src/list.o
                0x08001784                vListInitialiseItem
 .text.vListInsertEnd
                0x0800178c       0x18 ./src/list.o
                0x0800178c                vListInsertEnd
 .text.vListInsert
                0x080017a4       0x34 ./src/list.o
                0x080017a4                vListInsert
 .text.uxListRemove
                0x080017d8       0x24 ./src/list.o
                0x080017d8                uxListRemove
 .text.led_indicator_init
                0x080017fc       0x90 ./src/main.o
                0x080017fc                led_indicator_init
 .text.set_led_status
                0x0800188c       0xf0 ./src/main.o
                0x0800188c                set_led_status
 .text.esp8266ClearBuffer
                0x0800197c       0x1c ./src/main.o
                0x0800197c                esp8266ClearBuffer
 .text.esp8266RxBufferAvailable
                0x08001998       0x10 ./src/main.o
                0x08001998                esp8266RxBufferAvailable
 .text.esp8266SendCommand
                0x080019a8       0x60 ./src/main.o
                0x080019a8                esp8266SendCommand
 .text.esp8266SearchBuffer
                0x08001a08       0x28 ./src/main.o
                0x08001a08                esp8266SearchBuffer
 .text.esp8266ReadForResponse
                0x08001a30       0x34 ./src/main.o
                0x08001a30                esp8266ReadForResponse
 .text.esp8266ReadForResponses
                0x08001a64       0x4c ./src/main.o
                0x08001a64                esp8266ReadForResponses
 .text.esp8266SetMux
                0x08001ab0       0x38 ./src/main.o
                0x08001ab0                esp8266SetMux
 .text.tcp_getdata
                0x08001ae8       0x38 ./src/main.o
                0x08001ae8                tcp_getdata
 .text.esp8266SetMode
                0x08001b20       0x40 ./src/main.o
                0x08001b20                esp8266SetMode
 .text.esp8266Connect
                0x08001b60       0xa0 ./src/main.o
                0x08001b60                esp8266Connect
 .text.esp8266TcpConnect
                0x08001c00       0xb8 ./src/main.o
                0x08001c00                esp8266TcpConnect
 .text.esp8266TcpSend
                0x08001cb8       0x70 ./src/main.o
                0x08001cb8                esp8266TcpSend
 .text.esp8266ReadTcpData
                0x08001d28       0x5c ./src/main.o
                0x08001d28                esp8266ReadTcpData
 .text.USART2_IRQHandler
                0x08001d84       0x6c ./src/main.o
                0x08001d84                USART2_IRQHandler
 .text.led_ppmm
                0x08001df0       0x40 ./src/main.o
                0x08001df0                led_ppmm
 .text.vEspMain
                0x08001e30      0x1a4 ./src/main.o
                0x08001e30                vEspMain
 .text.led_toggle
                0x08001fd4       0x2c ./src/main.o
                0x08001fd4                led_toggle
 .text.vBlinker
                0x08002000       0x10 ./src/main.o
                0x08002000                vBlinker
 .text.buttonPressedHandle
                0x08002010       0x20 ./src/main.o
                0x08002010                buttonPressedHandle
 .text.vButtonCheck
                0x08002030       0x4c ./src/main.o
                0x08002030                vButtonCheck
 .text.main     0x0800207c      0x268 ./src/main.o
                0x0800207c                main
 .text.vApplicationIdleHook
                0x080022e4        0x4 ./src/main.o
                0x080022e4                vApplicationIdleHook
 .text.USART1_IRQHandler
                0x080022e8       0x78 ./src/main.o
                0x080022e8                USART1_IRQHandler
 .text.prvTaskExitError
                0x08002360       0x14 ./src/port.o
 .text.prvPortStartFirstTask
                0x08002374       0x20 ./src/port.o
 .text.pxPortInitialiseStack
                0x08002394       0x24 ./src/port.o
                0x08002394                pxPortInitialiseStack
 *fill*         0x080023b8        0x8 
 .text.SVC_Handler
                0x080023c0       0x24 ./src/port.o
                0x080023c0                SVC_Handler
 .text.vPortEnterCritical
                0x080023e4       0x20 ./src/port.o
                0x080023e4                vPortEnterCritical
 .text.vPortExitCritical
                0x08002404       0x14 ./src/port.o
                0x08002404                vPortExitCritical
 *fill*         0x08002418        0x8 
 .text.PendSV_Handler
                0x08002420       0x44 ./src/port.o
                0x08002420                PendSV_Handler
 .text.SysTick_Handler
                0x08002464       0x2c ./src/port.o
                0x08002464                SysTick_Handler
 .text.vPortSetupTimerInterrupt
                0x08002490       0x18 ./src/port.o
                0x08002490                vPortSetupTimerInterrupt
 .text.xPortStartScheduler
                0x080024a8       0x30 ./src/port.o
                0x080024a8                xPortStartScheduler
 .text.prvIsQueueFull
                0x080024d8       0x20 ./src/queue.o
 .text.prvIsQueueEmpty
                0x080024f8       0x1c ./src/queue.o
 .text.prvCopyDataToQueue
                0x08002514       0x78 ./src/queue.o
 .text.prvCopyDataFromQueue
                0x0800258c       0x24 ./src/queue.o
 .text.prvUnlockQueue
                0x080025b0       0x6c ./src/queue.o
 .text.xQueueGenericReset
                0x0800261c       0x6c ./src/queue.o
                0x0800261c                xQueueGenericReset
 .text.prvInitialiseNewQueue
                0x08002688       0x1c ./src/queue.o
 .text.xQueueGenericCreate
                0x080026a4       0x34 ./src/queue.o
                0x080026a4                xQueueGenericCreate
 .text.xQueueGenericSend
                0x080026d8      0x108 ./src/queue.o
                0x080026d8                xQueueGenericSend
 .text.xQueueGiveFromISR
                0x080027e0       0x64 ./src/queue.o
                0x080027e0                xQueueGiveFromISR
 .text.xQueueGenericReceive
                0x08002844      0x140 ./src/queue.o
                0x08002844                xQueueGenericReceive
 .text.prvResetNextTaskUnblockTime
                0x08002984       0x34 ./src/tasks.o
 .text.prvInitialiseNewTask
                0x080029b8       0x80 ./src/tasks.o
 .text.prvInitialiseTaskLists
                0x08002a38       0x5c ./src/tasks.o
 .text.prvAddNewTaskToReadyList
                0x08002a94       0xa8 ./src/tasks.o
 .text.prvAddCurrentTaskToDelayedList
                0x08002b3c       0x7c ./src/tasks.o
 .text.prvIdleTask
                0x08002bb8       0x28 ./src/tasks.o
 .text.xTaskCreate
                0x08002be0       0x64 ./src/tasks.o
                0x08002be0                xTaskCreate
 .text.vTaskStartScheduler
                0x08002c44       0x60 ./src/tasks.o
                0x08002c44                vTaskStartScheduler
 .text.vTaskSuspendAll
                0x08002ca4       0x10 ./src/tasks.o
                0x08002ca4                vTaskSuspendAll
 .text.xTaskGetTickCount
                0x08002cb4        0xc ./src/tasks.o
                0x08002cb4                xTaskGetTickCount
 .text.xTaskIncrementTick
                0x08002cc0       0xf0 ./src/tasks.o
                0x08002cc0                xTaskIncrementTick
 .text.xTaskResumeAll
                0x08002db0       0xe0 ./src/tasks.o
                0x08002db0                xTaskResumeAll
 .text.vTaskDelayUntil
                0x08002e90       0x68 ./src/tasks.o
                0x08002e90                vTaskDelayUntil
 .text.vTaskDelay
                0x08002ef8       0x34 ./src/tasks.o
                0x08002ef8                vTaskDelay
 .text.vTaskSwitchContext
                0x08002f2c       0x84 ./src/tasks.o
                0x08002f2c                vTaskSwitchContext
 .text.vTaskPlaceOnEventList
                0x08002fb0       0x1c ./src/tasks.o
                0x08002fb0                vTaskPlaceOnEventList
 .text.xTaskRemoveFromEventList
                0x08002fcc       0x78 ./src/tasks.o
                0x08002fcc                xTaskRemoveFromEventList
 .text.vTaskSetTimeOutState
                0x08003044       0x18 ./src/tasks.o
                0x08003044                vTaskSetTimeOutState
 .text.xTaskCheckForTimeOut
                0x0800305c       0x58 ./src/tasks.o
                0x0800305c                xTaskCheckForTimeOut
 .text.vTaskMissedYield
                0x080030b4        0xc ./src/tasks.o
                0x080030b4                vTaskMissedYield
 .text.vTaskPriorityInherit
                0x080030c0       0x88 ./src/tasks.o
                0x080030c0                vTaskPriorityInherit
 .text.xTaskPriorityDisinherit
                0x08003148       0x60 ./src/tasks.o
                0x08003148                xTaskPriorityDisinherit
 .text.pvTaskIncrementMutexHeldCount
                0x080031a8       0x1c ./src/tasks.o
                0x080031a8                pvTaskIncrementMutexHeldCount
 .text.__errno  0x080031c4        0xc /opt/gcc-arm-none-eabi-4_9-2015q3/bin/../lib/gcc/arm-none-eabi/4.9.3/../../../../arm-none-eabi/lib/armv7-m/libg_nano.a(lib_a-errno.o)
                0x080031c4                __errno
 .text.malloc   0x080031d0       0x10 /opt/gcc-arm-none-eabi-4_9-2015q3/bin/../lib/gcc/arm-none-eabi/4.9.3/../../../../arm-none-eabi/lib/armv7-m/libg_nano.a(lib_a-malloc.o)
                0x080031d0                malloc
 .text.free     0x080031e0       0x10 /opt/gcc-arm-none-eabi-4_9-2015q3/bin/../lib/gcc/arm-none-eabi/4.9.3/../../../../arm-none-eabi/lib/armv7-m/libg_nano.a(lib_a-malloc.o)
                0x080031e0                free
 .text.memcpy   0x080031f0       0x16 /opt/gcc-arm-none-eabi-4_9-2015q3/bin/../lib/gcc/arm-none-eabi/4.9.3/../../../../arm-none-eabi/lib/armv7-m/libg_nano.a(lib_a-memcpy.o)
                0x080031f0                memcpy
 .text.memset   0x08003206       0x10 /opt/gcc-arm-none-eabi-4_9-2015q3/bin/../lib/gcc/arm-none-eabi/4.9.3/../../../../arm-none-eabi/lib/armv7-m/libg_nano.a(lib_a-memset.o)
                0x08003206                memset
 *fill*         0x08003216        0x2 
 .text._free_r  0x08003218       0x88 /opt/gcc-arm-none-eabi-4_9-2015q3/bin/../lib/gcc/arm-none-eabi/4.9.3/../../../../arm-none-eabi/lib/armv7-m/libg_nano.a(lib_a-nano-freer.o)
                0x08003218                _free_r
 .text._malloc_r
                0x080032a0       0xac /opt/gcc-arm-none-eabi-4_9-2015q3/bin/../lib/gcc/arm-none-eabi/4.9.3/../../../../arm-none-eabi/lib/armv7-m/libg_nano.a(lib_a-nano-mallocr.o)
                0x080032a0                _malloc_r
 .text._sbrk_r  0x0800334c       0x20 /opt/gcc-arm-none-eabi-4_9-2015q3/bin/../lib/gcc/arm-none-eabi/4.9.3/../../../../arm-none-eabi/lib/armv7-m/libg_nano.a(lib_a-sbrkr.o)
                0x0800334c                _sbrk_r
 .text.sprintf  0x0800336c       0x48 /opt/gcc-arm-none-eabi-4_9-2015q3/bin/../lib/gcc/arm-none-eabi/4.9.3/../../../../arm-none-eabi/lib/armv7-m/libg_nano.a(lib_a-sprintf.o)
                0x0800336c                sprintf
                0x0800336c                siprintf
 .text.strlen   0x080033b4       0x10 /opt/gcc-arm-none-eabi-4_9-2015q3/bin/../lib/gcc/arm-none-eabi/4.9.3/../../../../arm-none-eabi/lib/armv7-m/libg_nano.a(lib_a-strlen.o)
                0x080033b4                strlen
 .text.strstr   0x080033c4       0x30 /opt/gcc-arm-none-eabi-4_9-2015q3/bin/../lib/gcc/arm-none-eabi/4.9.3/../../../../arm-none-eabi/lib/armv7-m/libg_nano.a(lib_a-strstr.o)
                0x080033c4                strstr
 .text._vsnprintf_r
                0x080033f4       0x52 /opt/gcc-arm-none-eabi-4_9-2015q3/bin/../lib/gcc/arm-none-eabi/4.9.3/../../../../arm-none-eabi/lib/armv7-m/libg_nano.a(lib_a-vsnprintf.o)
                0x080033f4                _vsnprintf_r
                0x080033f4                _vsniprintf_r
 *fill*         0x08003446        0x2 
 .text.vsnprintf
                0x08003448       0x20 /opt/gcc-arm-none-eabi-4_9-2015q3/bin/../lib/gcc/arm-none-eabi/4.9.3/../../../../arm-none-eabi/lib/armv7-m/libg_nano.a(lib_a-vsnprintf.o)
                0x08003448                vsnprintf
                0x08003448                vsniprintf
 .text.__ssputs_r
                0x08003468       0xb2 /opt/gcc-arm-none-eabi-4_9-2015q3/bin/../lib/gcc/arm-none-eabi/4.9.3/../../../../arm-none-eabi/lib/armv7-m/libg_nano.a(lib_a-nano-svfprintf.o)
                0x08003468                __ssputs_r
 *fill*         0x0800351a        0x2 
 .text._svfprintf_r
                0x0800351c      0x1e4 /opt/gcc-arm-none-eabi-4_9-2015q3/bin/../lib/gcc/arm-none-eabi/4.9.3/../../../../arm-none-eabi/lib/armv7-m/libg_nano.a(lib_a-nano-svfprintf.o)
                0x0800351c                _svfprintf_r
                0x0800351c                _svfiprintf_r
 .text._printf_common
                0x08003700       0xea /opt/gcc-arm-none-eabi-4_9-2015q3/bin/../lib/gcc/arm-none-eabi/4.9.3/../../../../arm-none-eabi/lib/armv7-m/libg_nano.a(lib_a-nano-vfprintf_i.o)
                0x08003700                _printf_common
 *fill*         0x080037ea        0x2 
 .text._printf_i
                0x080037ec      0x240 /opt/gcc-arm-none-eabi-4_9-2015q3/bin/../lib/gcc/arm-none-eabi/4.9.3/../../../../arm-none-eabi/lib/armv7-m/libg_nano.a(lib_a-nano-vfprintf_i.o)
                0x080037ec                _printf_i
 .text.memchr   0x08003a2c       0x1c /opt/gcc-arm-none-eabi-4_9-2015q3/bin/../lib/gcc/arm-none-eabi/4.9.3/../../../../arm-none-eabi/lib/armv7-m/libg_nano.a(lib_a-memchr.o)
                0x08003a2c                memchr
 .text.memmove  0x08003a48       0x36 /opt/gcc-arm-none-eabi-4_9-2015q3/bin/../lib/gcc/arm-none-eabi/4.9.3/../../../../arm-none-eabi/lib/armv7-m/libg_nano.a(lib_a-memmove.o)
                0x08003a48                memmove
 .text._realloc_r
                0x08003a7e       0x4c /opt/gcc-arm-none-eabi-4_9-2015q3/bin/../lib/gcc/arm-none-eabi/4.9.3/../../../../arm-none-eabi/lib/armv7-m/libg_nano.a(lib_a-nano-reallocr.o)
                0x08003a7e                _realloc_r
 .text._malloc_usable_size_r
                0x08003aca       0x14 /opt/gcc-arm-none-eabi-4_9-2015q3/bin/../lib/gcc/arm-none-eabi/4.9.3/../../../../arm-none-eabi/lib/armv7-m/libg_nano.a(lib_a-nano-msizer.o)
                0x08003aca                _malloc_usable_size_r
 *(.rodata .rodata.* .constdata .constdata.*)
 *fill*         0x08003ade        0x2 
 .rodata.str1.4
                0x08003ae0       0x27 ./system/src/stm32f1-stdperiph/misc.o
 *fill*         0x08003b07        0x1 
 .rodata.str1.4
                0x08003b08       0x31 ./system/src/stm32f1-stdperiph/stm32f10x_gpio.o
 *fill*         0x08003b39        0x3 
 .rodata.str1.4
                0x08003b3c       0x30 ./system/src/stm32f1-stdperiph/stm32f10x_rcc.o
 .rodata.str1.4
                0x08003b6c       0x32 ./system/src/stm32f1-stdperiph/stm32f10x_usart.o
 *fill*         0x08003b9e        0x2 
 .rodata.str1.4
                0x08003ba0       0x14 ./system/src/newlib/_exit.o
 .rodata.str1.4
                0x08003bb4       0x6b ./system/src/newlib/assert.o
                                 0x6f (size before relaxing)
 *fill*         0x08003c1f        0x1 
 .rodata.str1.4
                0x08003c20       0x29 ./system/src/diag/Trace.o
                                 0x2d (size before relaxing)
 *fill*         0x08003c49        0x3 
 .rodata.str1.4
                0x08003c4c      0x146 ./system/src/cortexm/exception_handlers.o
 *fill*         0x08003d92        0x2 
 .rodata.RESPONSE_FAIL
                0x08003d94        0x5 ./src/main.o
 *fill*         0x08003d99        0x3 
 .rodata.ESP8266_WIFI_MODE
                0x08003d9c        0x8 ./src/main.o
 .rodata.RESPONSE_OK
                0x08003da4        0x5 ./src/main.o
 *fill*         0x08003da9        0x3 
 .rodata.ESP8266_TCP_CONNECT
                0x08003dac        0xa ./src/main.o
 *fill*         0x08003db6        0x2 
 .rodata.RESPONSE_RECEIVED
                0x08003db8        0x6 ./src/main.o
 *fill*         0x08003dbe        0x2 
 .rodata.ESP8266_TCP_MULTIPLE
                0x08003dc0        0x8 ./src/main.o
 .rodata.str1.4
                0x08003dc8       0xe4 ./src/main.o
                                 0xf0 (size before relaxing)
 .rodata.RESPONSE_ERROR
                0x08003eac        0x8 ./src/main.o
 .rodata.ESP8266_CONNECT_AP
                0x08003eb4        0x7 ./src/main.o
 *fill*         0x08003ebb        0x1 
 .rodata.ESP8266_TCP_SEND
                0x08003ebc        0x9 ./src/main.o
 *fill*         0x08003ec5        0x3 
 .rodata.str1.4
                0x08003ec8        0x8 ./src/tasks.o
                                  0x5 (size before relaxing)
 .rodata.str1.1
                0x08003ed0        0x2 /opt/gcc-arm-none-eabi-4_9-2015q3/bin/../lib/gcc/arm-none-eabi/4.9.3/../../../../arm-none-eabi/lib/armv7-m/libg_nano.a(lib_a-impure.o)
 .rodata.str1.1
                0x08003ed2       0x11 /opt/gcc-arm-none-eabi-4_9-2015q3/bin/../lib/gcc/arm-none-eabi/4.9.3/../../../../arm-none-eabi/lib/armv7-m/libg_nano.a(lib_a-nano-svfprintf.o)
 .rodata.str1.1
                0x08003ee3       0x22 /opt/gcc-arm-none-eabi-4_9-2015q3/bin/../lib/gcc/arm-none-eabi/4.9.3/../../../../arm-none-eabi/lib/armv7-m/libg_nano.a(lib_a-nano-vfprintf_i.o)
 *(vtable)
 *(.eh_frame*)
 *(.glue_7)
 .glue_7        0x00000000        0x0 linker stubs
 *(.glue_7t)
 .glue_7t       0x00000000        0x0 linker stubs

.vfp11_veneer   0x08003f08        0x0
 .vfp11_veneer  0x00000000        0x0 linker stubs

.v4_bx          0x08003f08        0x0
 .v4_bx         0x00000000        0x0 linker stubs

.iplt           0x08003f08        0x0
 .iplt          0x00000000        0x0 ./system/src/stm32f1-stdperiph/misc.o

.rel.dyn        0x08003f08        0x0
 .rel.iplt      0x00000000        0x0 ./system/src/stm32f1-stdperiph/misc.o

.ARM.extab
 *(.ARM.extab* .gnu.linkonce.armextab.*)
                0x08003f08                . = ALIGN (0x4)
                0x08003f08                __exidx_start = .

.ARM.exidx
 *(.ARM.exidx* .gnu.linkonce.armexidx.*)
                0x08003f08                __exidx_end = .
                0x08003f08                . = ALIGN (0x4)
                0x08003f08                _etext = .
                0x08003f08                __etext = .

.data_CCMRAM    0x00000000        0x0 load address 0x08003f08
 FILL mask 0xff
 *(.data.CCMRAM .data.CCMRAM.*)
                0x00000000                . = ALIGN (0x4)
                0x08003f08                _sidata = LOADADDR (.data)

.data           0x20000000       0xa0 load address 0x08003f08
 FILL mask 0xff
                0x20000000                _sdata = .
                0x20000000                __data_start__ = .
 *(.data_begin .data_begin.*)
 .data_begin    0x20000000        0x4 ./system/src/newlib/_startup.o
 *(.data .data.*)
 .data.ADCPrescTable
                0x20000004        0x4 ./system/src/stm32f1-stdperiph/stm32f10x_rcc.o
 .data.APBAHBPrescTable
                0x20000008       0x10 ./system/src/stm32f1-stdperiph/stm32f10x_rcc.o
 .data.argv.4161
                0x20000018        0x8 ./system/src/newlib/_syscalls.o
 .data.AHBPrescTable
                0x20000020       0x10 ./system/src/cmsis/system_stm32f10x.o
                0x20000020                AHBPrescTable
 .data.SystemCoreClock
                0x20000030        0x4 ./system/src/cmsis/system_stm32f10x.o
                0x20000030                SystemCoreClock
 .data.uxCriticalNesting
                0x20000034        0x4 ./src/port.o
 .data.impure_data
                0x20000038       0x60 /opt/gcc-arm-none-eabi-4_9-2015q3/bin/../lib/gcc/arm-none-eabi/4.9.3/../../../../arm-none-eabi/lib/armv7-m/libg_nano.a(lib_a-impure.o)
 .data._impure_ptr
                0x20000098        0x4 /opt/gcc-arm-none-eabi-4_9-2015q3/bin/../lib/gcc/arm-none-eabi/4.9.3/../../../../arm-none-eabi/lib/armv7-m/libg_nano.a(lib_a-impure.o)
                0x20000098                _impure_ptr
 *(.data_end .data_end.*)
 .data_end      0x2000009c        0x4 ./system/src/newlib/_startup.o
                0x200000a0                . = ALIGN (0x4)
                0x200000a0                _edata = .
                0x200000a0                __data_end__ = .

.igot.plt       0x200000a0        0x0 load address 0x08003fa8
 .igot.plt      0x00000000        0x0 ./system/src/stm32f1-stdperiph/misc.o

.bss_CCMRAM     0x00000000        0x0
 *(.bss.CCMRAM .bss.CCMRAM.*)

.bss            0x200000a0      0x29c
                0x200000a0                __bss_start__ = .
                0x200000a0                _sbss = .
 *(.bss_begin .bss_begin.*)
 .bss_begin     0x200000a0        0x4 ./system/src/newlib/_startup.o
 *(.bss .bss.*)
 .bss.current_heap_end.3862
                0x200000a4        0x4 ./system/src/newlib/_sbrk.o
 .bss.name.4160
                0x200000a8        0x1 ./system/src/newlib/_syscalls.o
 *fill*         0x200000a9        0x3 
 .bss.buf.4998  0x200000ac       0x80 ./system/src/diag/Trace.o
 .bss.led_cnt   0x2000012c        0x1 ./src/main.o
                0x2000012c                led_cnt
 *fill*         0x2000012d        0x3 
 .bss.pxDelayedTaskList
                0x20000130        0x4 ./src/tasks.o
 .bss.xSchedulerRunning
                0x20000134        0x4 ./src/tasks.o
 .bss.xNumOfOverflows
                0x20000138        0x4 ./src/tasks.o
 .bss.pxOverflowDelayedTaskList
                0x2000013c        0x4 ./src/tasks.o
 .bss.uxPendedTicks
                0x20000140        0x4 ./src/tasks.o
 .bss.pxReadyTasksLists
                0x20000144       0x64 ./src/tasks.o
 .bss.uxSchedulerSuspended
                0x200001a8        0x4 ./src/tasks.o
 .bss.uxCurrentNumberOfTasks
                0x200001ac        0x4 ./src/tasks.o
 .bss.pxCurrentTCB
                0x200001b0        0x4 ./src/tasks.o
                0x200001b0                pxCurrentTCB
 .bss.xPendingReadyList
                0x200001b4       0x14 ./src/tasks.o
 .bss.xIdleTaskHandle
                0x200001c8        0x4 ./src/tasks.o
 .bss.xTickCount
                0x200001cc        0x4 ./src/tasks.o
 .bss.xNextTaskUnblockTime
                0x200001d0        0x4 ./src/tasks.o
 .bss.uxTaskNumber
                0x200001d4        0x4 ./src/tasks.o
 .bss.xDelayedTaskList1
                0x200001d8       0x14 ./src/tasks.o
 .bss.xDelayedTaskList2
                0x200001ec       0x14 ./src/tasks.o
 .bss.xSuspendedTaskList
                0x20000200       0x14 ./src/tasks.o
 .bss.uxTopReadyPriority
                0x20000214        0x4 ./src/tasks.o
 .bss.xYieldPending
                0x20000218        0x4 ./src/tasks.o
 .bss.__malloc_sbrk_start
                0x2000021c        0x4 /opt/gcc-arm-none-eabi-4_9-2015q3/bin/../lib/gcc/arm-none-eabi/4.9.3/../../../../arm-none-eabi/lib/armv7-m/libg_nano.a(lib_a-nano-mallocr.o)
                0x2000021c                __malloc_sbrk_start
 .bss.__malloc_free_list
                0x20000220        0x4 /opt/gcc-arm-none-eabi-4_9-2015q3/bin/../lib/gcc/arm-none-eabi/4.9.3/../../../../arm-none-eabi/lib/armv7-m/libg_nano.a(lib_a-nano-mallocr.o)
                0x20000220                __malloc_free_list
 *(COMMON)
 COMMON         0x20000224        0x4 ./system/src/newlib/_syscalls.o
                0x20000224                errno
 COMMON         0x20000228      0x110 ./src/main.o
                0x20000228                blinkParam
                0x2000022c                xUsartRxInterruptSemaphore_esp
                0x20000230                bufferHead
                0x20000234                tcpRxBuffer
                0x200002b4                esp8266RxBuffer
                0x20000334                xUsart1RxInterruptSemaphore
 *(.bss_end .bss_end.*)
 .bss_end       0x20000338        0x4 ./system/src/newlib/_startup.o
                0x2000033c                . = ALIGN (0x4)
                0x2000033c                __bss_end__ = .
                0x2000033c                _ebss = .

.noinit_CCMRAM
 *(.noinit.CCMRAM .noinit.CCMRAM.*)

.noinit         0x2000033c        0x0
                0x2000033c                _noinit = .
 *(.noinit .noinit.*)
                0x2000033c                . = ALIGN (0x4)
                0x2000033c                _end_noinit = .
                0x2000033c                PROVIDE (end, _end_noinit)
                0x2000033c                PROVIDE (_end, _end_noinit)
                0x2000033c                PROVIDE (__end, _end_noinit)
                0x2000033c                PROVIDE (__end__, _end_noinit)

._check_stack   0x2000033c      0x100
                0x2000043c                . = (. + _Minimum_Stack_Size)
 *fill*         0x2000033c      0x100 

.b1text
 *(.b1text)
 *(.b1rodata)
 *(.b1rodata.*)

.eb0text
 *(.eb0text)
 *(.eb0rodata)
 *(.eb0rodata.*)

.eb1text
 *(.eb1text)
 *(.eb1rodata)
 *(.eb1rodata.*)

.eb2text
 *(.eb2text)
 *(.eb2rodata)
 *(.eb2rodata.*)

.eb3text
 *(.eb3text)
 *(.eb3rodata)
 *(.eb3rodata.*)

.stab
 *(.stab)

.stabstr
 *(.stabstr)

.stab.excl
 *(.stab.excl)

.stab.exclstr
 *(.stab.exclstr)

.stab.index
 *(.stab.index)

.stab.indexstr
 *(.stab.indexstr)

.comment        0x00000000       0x70
 *(.comment)
 .comment       0x00000000       0x70 ./system/src/stm32f1-stdperiph/misc.o
                                 0x71 (size before relaxing)
 .comment       0x00000000       0x71 ./system/src/stm32f1-stdperiph/stm32f10x_gpio.o
 .comment       0x00000000       0x71 ./system/src/stm32f1-stdperiph/stm32f10x_rcc.o
 .comment       0x00000000       0x71 ./system/src/stm32f1-stdperiph/stm32f10x_usart.o
 .comment       0x00000000       0x71 ./system/src/newlib/_exit.o
 .comment       0x00000000       0x71 ./system/src/newlib/_sbrk.o
 .comment       0x00000000       0x71 ./system/src/newlib/_startup.o
 .comment       0x00000000       0x71 ./system/src/newlib/_syscalls.o
 .comment       0x00000000       0x71 ./system/src/newlib/assert.o
 .comment       0x00000000       0x71 ./system/src/diag/Trace.o
 .comment       0x00000000       0x71 ./system/src/diag/trace_impl.o
 .comment       0x00000000       0x71 ./system/src/cortexm/_initialize_hardware.o
 .comment       0x00000000       0x71 ./system/src/cortexm/exception_handlers.o
 .comment       0x00000000       0x71 ./system/src/cmsis/system_stm32f10x.o
 .comment       0x00000000       0x71 ./system/src/cmsis/vectors_stm32f10x.o
 .comment       0x00000000       0x71 ./src/UART_freertos.o
 .comment       0x00000000       0x71 ./src/heap_3.o
 .comment       0x00000000       0x71 ./src/list.o
 .comment       0x00000000       0x71 ./src/main.o
 .comment       0x00000000       0x71 ./src/port.o
 .comment       0x00000000       0x71 ./src/queue.o
 .comment       0x00000000       0x71 ./src/tasks.o

.ARM.attributes
                0x00000000       0x33
 .ARM.attributes
                0x00000000       0x33 ./system/src/stm32f1-stdperiph/misc.o
 .ARM.attributes
                0x00000033       0x33 ./system/src/stm32f1-stdperiph/stm32f10x_gpio.o
 .ARM.attributes
                0x00000066       0x33 ./system/src/stm32f1-stdperiph/stm32f10x_rcc.o
 .ARM.attributes
                0x00000099       0x33 ./system/src/stm32f1-stdperiph/stm32f10x_usart.o
 .ARM.attributes
                0x000000cc       0x33 ./system/src/newlib/_exit.o
 .ARM.attributes
                0x000000ff       0x33 ./system/src/newlib/_sbrk.o
 .ARM.attributes
                0x00000132       0x33 ./system/src/newlib/_startup.o
 .ARM.attributes
                0x00000165       0x33 ./system/src/newlib/_syscalls.o
 .ARM.attributes
                0x00000198       0x33 ./system/src/newlib/assert.o
 .ARM.attributes
                0x000001cb       0x33 ./system/src/diag/Trace.o
 .ARM.attributes
                0x000001fe       0x33 ./system/src/diag/trace_impl.o
 .ARM.attributes
                0x00000231       0x33 ./system/src/cortexm/_initialize_hardware.o
 .ARM.attributes
                0x00000264       0x33 ./system/src/cortexm/exception_handlers.o
 .ARM.attributes
                0x00000297       0x33 ./system/src/cmsis/system_stm32f10x.o
 .ARM.attributes
                0x000002ca       0x33 ./system/src/cmsis/vectors_stm32f10x.o
 .ARM.attributes
                0x000002fd       0x33 ./src/UART_freertos.o
 .ARM.attributes
                0x00000330       0x33 ./src/heap_3.o
 .ARM.attributes
                0x00000363       0x33 ./src/list.o
 .ARM.attributes
                0x00000396       0x33 ./src/main.o
 .ARM.attributes
                0x000003c9       0x33 ./src/port.o
 .ARM.attributes
                0x000003fc       0x33 ./src/queue.o
 .ARM.attributes
                0x0000042f       0x33 ./src/tasks.o
 .ARM.attributes
                0x00000462       0x2d /opt/gcc-arm-none-eabi-4_9-2015q3/bin/../lib/gcc/arm-none-eabi/4.9.3/../../../../arm-none-eabi/lib/armv7-m/libg_nano.a(lib_a-errno.o)
 .ARM.attributes
                0x0000048f       0x2d /opt/gcc-arm-none-eabi-4_9-2015q3/bin/../lib/gcc/arm-none-eabi/4.9.3/../../../../arm-none-eabi/lib/armv7-m/libg_nano.a(lib_a-impure.o)
 .ARM.attributes
                0x000004bc       0x2d /opt/gcc-arm-none-eabi-4_9-2015q3/bin/../lib/gcc/arm-none-eabi/4.9.3/../../../../arm-none-eabi/lib/armv7-m/libg_nano.a(lib_a-malloc.o)
 .ARM.attributes
                0x000004e9       0x2d /opt/gcc-arm-none-eabi-4_9-2015q3/bin/../lib/gcc/arm-none-eabi/4.9.3/../../../../arm-none-eabi/lib/armv7-m/libg_nano.a(lib_a-memcpy.o)
 .ARM.attributes
                0x00000516       0x2d /opt/gcc-arm-none-eabi-4_9-2015q3/bin/../lib/gcc/arm-none-eabi/4.9.3/../../../../arm-none-eabi/lib/armv7-m/libg_nano.a(lib_a-memset.o)
 .ARM.attributes
                0x00000543       0x2d /opt/gcc-arm-none-eabi-4_9-2015q3/bin/../lib/gcc/arm-none-eabi/4.9.3/../../../../arm-none-eabi/lib/armv7-m/libg_nano.a(lib_a-nano-freer.o)
 .ARM.attributes
                0x00000570       0x2d /opt/gcc-arm-none-eabi-4_9-2015q3/bin/../lib/gcc/arm-none-eabi/4.9.3/../../../../arm-none-eabi/lib/armv7-m/libg_nano.a(lib_a-nano-mallocr.o)
 .ARM.attributes
                0x0000059d       0x2d /opt/gcc-arm-none-eabi-4_9-2015q3/bin/../lib/gcc/arm-none-eabi/4.9.3/../../../../arm-none-eabi/lib/armv7-m/libg_nano.a(lib_a-sbrkr.o)
 .ARM.attributes
                0x000005ca       0x2d /opt/gcc-arm-none-eabi-4_9-2015q3/bin/../lib/gcc/arm-none-eabi/4.9.3/../../../../arm-none-eabi/lib/armv7-m/libg_nano.a(lib_a-sprintf.o)
 .ARM.attributes
                0x000005f7       0x2d /opt/gcc-arm-none-eabi-4_9-2015q3/bin/../lib/gcc/arm-none-eabi/4.9.3/../../../../arm-none-eabi/lib/armv7-m/libg_nano.a(lib_a-strlen.o)
 .ARM.attributes
                0x00000624       0x2d /opt/gcc-arm-none-eabi-4_9-2015q3/bin/../lib/gcc/arm-none-eabi/4.9.3/../../../../arm-none-eabi/lib/armv7-m/libg_nano.a(lib_a-strstr.o)
 .ARM.attributes
                0x00000651       0x2d /opt/gcc-arm-none-eabi-4_9-2015q3/bin/../lib/gcc/arm-none-eabi/4.9.3/../../../../arm-none-eabi/lib/armv7-m/libg_nano.a(lib_a-vsnprintf.o)
 .ARM.attributes
                0x0000067e       0x2d /opt/gcc-arm-none-eabi-4_9-2015q3/bin/../lib/gcc/arm-none-eabi/4.9.3/../../../../arm-none-eabi/lib/armv7-m/libg_nano.a(lib_a-nano-svfprintf.o)
 .ARM.attributes
                0x000006ab       0x2d /opt/gcc-arm-none-eabi-4_9-2015q3/bin/../lib/gcc/arm-none-eabi/4.9.3/../../../../arm-none-eabi/lib/armv7-m/libg_nano.a(lib_a-nano-vfprintf_i.o)
 .ARM.attributes
                0x000006d8       0x2d /opt/gcc-arm-none-eabi-4_9-2015q3/bin/../lib/gcc/arm-none-eabi/4.9.3/../../../../arm-none-eabi/lib/armv7-m/libg_nano.a(lib_a-memchr.o)
 .ARM.attributes
                0x00000705       0x2d /opt/gcc-arm-none-eabi-4_9-2015q3/bin/../lib/gcc/arm-none-eabi/4.9.3/../../../../arm-none-eabi/lib/armv7-m/libg_nano.a(lib_a-memmove.o)
 .ARM.attributes
                0x00000732       0x2d /opt/gcc-arm-none-eabi-4_9-2015q3/bin/../lib/gcc/arm-none-eabi/4.9.3/../../../../arm-none-eabi/lib/armv7-m/libg_nano.a(lib_a-nano-reallocr.o)
 .ARM.attributes
                0x0000075f       0x2d /opt/gcc-arm-none-eabi-4_9-2015q3/bin/../lib/gcc/arm-none-eabi/4.9.3/../../../../arm-none-eabi/lib/armv7-m/libg_nano.a(lib_a-nano-msizer.o)

.debug
 *(.debug)

.line
 *(.line)

.debug_srcinfo
 *(.debug_srcinfo)

.debug_sfnames
 *(.debug_sfnames)

.debug_aranges  0x00000000      0xa30
 *(.debug_aranges)
 .debug_aranges
                0x00000000       0x40 ./system/src/stm32f1-stdperiph/misc.o
 .debug_aranges
                0x00000040       0xa8 ./system/src/stm32f1-stdperiph/stm32f10x_gpio.o
 .debug_aranges
                0x000000e8      0x118 ./system/src/stm32f1-stdperiph/stm32f10x_rcc.o
 .debug_aranges
                0x00000200      0x100 ./system/src/stm32f1-stdperiph/stm32f10x_usart.o
 .debug_aranges
                0x00000300       0x28 ./system/src/newlib/_exit.o
 .debug_aranges
                0x00000328       0x20 ./system/src/newlib/_sbrk.o
 .debug_aranges
                0x00000348       0x40 ./system/src/newlib/_startup.o
 .debug_aranges
                0x00000388       0x30 ./system/src/newlib/_syscalls.o
 .debug_aranges
                0x000003b8       0x28 ./system/src/newlib/assert.o
 .debug_aranges
                0x000003e0       0x38 ./system/src/diag/Trace.o
 .debug_aranges
                0x00000418       0x30 ./system/src/diag/trace_impl.o
 .debug_aranges
                0x00000448       0x28 ./system/src/cortexm/_initialize_hardware.o
 .debug_aranges
                0x00000470       0x90 ./system/src/cortexm/exception_handlers.o
 .debug_aranges
                0x00000500       0x38 ./system/src/cmsis/system_stm32f10x.o
 .debug_aranges
                0x00000538       0x20 ./system/src/cmsis/vectors_stm32f10x.o
 .debug_aranges
                0x00000558       0x50 ./src/UART_freertos.o
 .debug_aranges
                0x000005a8       0x28 ./src/heap_3.o
 .debug_aranges
                0x000005d0       0x40 ./src/list.o
 .debug_aranges
                0x00000610      0x138 ./src/main.o
 .debug_aranges
                0x00000748       0x70 ./src/port.o
 .debug_aranges
                0x000007b8       0xf8 ./src/queue.o
 .debug_aranges
                0x000008b0      0x180 ./src/tasks.o

.debug_pubnames
 *(.debug_pubnames)

.debug_info     0x00000000     0xbc2e
 *(.debug_info .gnu.linkonce.wi.*)
 .debug_info    0x00000000      0x63b ./system/src/stm32f1-stdperiph/misc.o
 .debug_info    0x0000063b      0xbd4 ./system/src/stm32f1-stdperiph/stm32f10x_gpio.o
 .debug_info    0x0000120f      0xc6b ./system/src/stm32f1-stdperiph/stm32f10x_rcc.o
 .debug_info    0x00001e7a     0x12ab ./system/src/stm32f1-stdperiph/stm32f10x_usart.o
 .debug_info    0x00003125      0x100 ./system/src/newlib/_exit.o
 .debug_info    0x00003225      0x125 ./system/src/newlib/_sbrk.o
 .debug_info    0x0000334a      0x475 ./system/src/newlib/_startup.o
 .debug_info    0x000037bf      0x1bc ./system/src/newlib/_syscalls.o
 .debug_info    0x0000397b      0x1b0 ./system/src/newlib/assert.o
 .debug_info    0x00003b2b      0x32b ./system/src/diag/Trace.o
 .debug_info    0x00003e56      0x305 ./system/src/diag/trace_impl.o
 .debug_info    0x0000415b      0x294 ./system/src/cortexm/_initialize_hardware.o
 .debug_info    0x000043ef      0x8d8 ./system/src/cortexm/exception_handlers.o
 .debug_info    0x00004cc7      0x474 ./system/src/cmsis/system_stm32f10x.o
 .debug_info    0x0000513b       0xd1 ./system/src/cmsis/vectors_stm32f10x.o
 .debug_info    0x0000520c      0x47c ./src/UART_freertos.o
 .debug_info    0x00005688      0x17b ./src/heap_3.o
 .debug_info    0x00005803      0x29a ./src/list.o
 .debug_info    0x00005a9d     0x2d83 ./src/main.o
 .debug_info    0x00008820      0x2ff ./src/port.o
 .debug_info    0x00008b1f     0x153c ./src/queue.o
 .debug_info    0x0000a05b     0x1bd3 ./src/tasks.o

.debug_abbrev   0x00000000     0x2489
 *(.debug_abbrev)
 .debug_abbrev  0x00000000      0x188 ./system/src/stm32f1-stdperiph/misc.o
 .debug_abbrev  0x00000188      0x1f9 ./system/src/stm32f1-stdperiph/stm32f10x_gpio.o
 .debug_abbrev  0x00000381      0x1ff ./system/src/stm32f1-stdperiph/stm32f10x_rcc.o
 .debug_abbrev  0x00000580      0x1d6 ./system/src/stm32f1-stdperiph/stm32f10x_usart.o
 .debug_abbrev  0x00000756       0xa4 ./system/src/newlib/_exit.o
 .debug_abbrev  0x000007fa       0xbb ./system/src/newlib/_sbrk.o
 .debug_abbrev  0x000008b5      0x1e9 ./system/src/newlib/_startup.o
 .debug_abbrev  0x00000a9e       0xee ./system/src/newlib/_syscalls.o
 .debug_abbrev  0x00000b8c       0xc9 ./system/src/newlib/assert.o
 .debug_abbrev  0x00000c55      0x178 ./system/src/diag/Trace.o
 .debug_abbrev  0x00000dcd      0x1bd ./system/src/diag/trace_impl.o
 .debug_abbrev  0x00000f8a       0xea ./system/src/cortexm/_initialize_hardware.o
 .debug_abbrev  0x00001074      0x23e ./system/src/cortexm/exception_handlers.o
 .debug_abbrev  0x000012b2      0x157 ./system/src/cmsis/system_stm32f10x.o
 .debug_abbrev  0x00001409       0x9d ./system/src/cmsis/vectors_stm32f10x.o
 .debug_abbrev  0x000014a6      0x1a5 ./src/UART_freertos.o
 .debug_abbrev  0x0000164b      0x119 ./src/heap_3.o
 .debug_abbrev  0x00001764       0xdf ./src/list.o
 .debug_abbrev  0x00001843      0x41d ./src/main.o
 .debug_abbrev  0x00001c60      0x1e2 ./src/port.o
 .debug_abbrev  0x00001e42      0x2ea ./src/queue.o
 .debug_abbrev  0x0000212c      0x35d ./src/tasks.o

.debug_line     0x00000000     0x6bc1
 *(.debug_line)
 .debug_line    0x00000000      0x3f8 ./system/src/stm32f1-stdperiph/misc.o
 .debug_line    0x000003f8      0x8d5 ./system/src/stm32f1-stdperiph/stm32f10x_gpio.o
 .debug_line    0x00000ccd      0x81f ./system/src/stm32f1-stdperiph/stm32f10x_rcc.o
 .debug_line    0x000014ec      0xabc ./system/src/stm32f1-stdperiph/stm32f10x_usart.o
 .debug_line    0x00001fa8      0x273 ./system/src/newlib/_exit.o
 .debug_line    0x0000221b      0x220 ./system/src/newlib/_sbrk.o
 .debug_line    0x0000243b      0x2de ./system/src/newlib/_startup.o
 .debug_line    0x00002719      0x337 ./system/src/newlib/_syscalls.o
 .debug_line    0x00002a50      0x2aa ./system/src/newlib/assert.o
 .debug_line    0x00002cfa      0x2d0 ./system/src/diag/Trace.o
 .debug_line    0x00002fca      0x555 ./system/src/diag/trace_impl.o
 .debug_line    0x0000351f      0x35c ./system/src/cortexm/_initialize_hardware.o
 .debug_line    0x0000387b      0x60e ./system/src/cortexm/exception_handlers.o
 .debug_line    0x00003e89      0x3bc ./system/src/cmsis/system_stm32f10x.o
 .debug_line    0x00004245       0xf1 ./system/src/cmsis/vectors_stm32f10x.o
 .debug_line    0x00004336      0x408 ./src/UART_freertos.o
 .debug_line    0x0000473e      0x2c4 ./src/heap_3.o
 .debug_line    0x00004a02      0x30a ./src/list.o
 .debug_line    0x00004d0c      0xb77 ./src/main.o
 .debug_line    0x00005883      0x234 ./src/port.o
 .debug_line    0x00005ab7      0x6a7 ./src/queue.o
 .debug_line    0x0000615e      0xa63 ./src/tasks.o

.debug_frame    0x00000000     0x1e7c
 *(.debug_frame)
 .debug_frame   0x00000000       0x90 ./system/src/stm32f1-stdperiph/misc.o
 .debug_frame   0x00000090      0x1e8 ./system/src/stm32f1-stdperiph/stm32f10x_gpio.o
 .debug_frame   0x00000278      0x31c ./system/src/stm32f1-stdperiph/stm32f10x_rcc.o
 .debug_frame   0x00000594      0x31c ./system/src/stm32f1-stdperiph/stm32f10x_usart.o
 .debug_frame   0x000008b0       0x38 ./system/src/newlib/_exit.o
 .debug_frame   0x000008e8       0x28 ./system/src/newlib/_sbrk.o
 .debug_frame   0x00000910       0x7c ./system/src/newlib/_startup.o
 .debug_frame   0x0000098c       0x50 ./system/src/newlib/_syscalls.o
 .debug_frame   0x000009dc       0x40 ./system/src/newlib/assert.o
 .debug_frame   0x00000a1c       0x94 ./system/src/diag/Trace.o
 .debug_frame   0x00000ab0       0x60 ./system/src/diag/trace_impl.o
 .debug_frame   0x00000b10       0x40 ./system/src/cortexm/_initialize_hardware.o
 .debug_frame   0x00000b50      0x158 ./system/src/cortexm/exception_handlers.o
 .debug_frame   0x00000ca8       0x68 ./system/src/cmsis/system_stm32f10x.o
 .debug_frame   0x00000d10       0x20 ./system/src/cmsis/vectors_stm32f10x.o
 .debug_frame   0x00000d30       0xc8 ./src/UART_freertos.o
 .debug_frame   0x00000df8       0x44 ./src/heap_3.o
 .debug_frame   0x00000e3c       0x6c ./src/list.o
 .debug_frame   0x00000ea8      0x3ec ./src/main.o
 .debug_frame   0x00001294       0xd0 ./src/port.o
 .debug_frame   0x00001364      0x2dc ./src/queue.o
 .debug_frame   0x00001640      0x484 ./src/tasks.o
 .debug_frame   0x00001ac4       0x20 /opt/gcc-arm-none-eabi-4_9-2015q3/bin/../lib/gcc/arm-none-eabi/4.9.3/../../../../arm-none-eabi/lib/armv7-m/libg_nano.a(lib_a-errno.o)
 .debug_frame   0x00001ae4       0x30 /opt/gcc-arm-none-eabi-4_9-2015q3/bin/../lib/gcc/arm-none-eabi/4.9.3/../../../../arm-none-eabi/lib/armv7-m/libg_nano.a(lib_a-malloc.o)
 .debug_frame   0x00001b14       0x28 /opt/gcc-arm-none-eabi-4_9-2015q3/bin/../lib/gcc/arm-none-eabi/4.9.3/../../../../arm-none-eabi/lib/armv7-m/libg_nano.a(lib_a-memcpy.o)
 .debug_frame   0x00001b3c       0x20 /opt/gcc-arm-none-eabi-4_9-2015q3/bin/../lib/gcc/arm-none-eabi/4.9.3/../../../../arm-none-eabi/lib/armv7-m/libg_nano.a(lib_a-memset.o)
 .debug_frame   0x00001b5c       0x2c /opt/gcc-arm-none-eabi-4_9-2015q3/bin/../lib/gcc/arm-none-eabi/4.9.3/../../../../arm-none-eabi/lib/armv7-m/libg_nano.a(lib_a-nano-freer.o)
 .debug_frame   0x00001b88       0x2c /opt/gcc-arm-none-eabi-4_9-2015q3/bin/../lib/gcc/arm-none-eabi/4.9.3/../../../../arm-none-eabi/lib/armv7-m/libg_nano.a(lib_a-nano-mallocr.o)
 .debug_frame   0x00001bb4       0x2c /opt/gcc-arm-none-eabi-4_9-2015q3/bin/../lib/gcc/arm-none-eabi/4.9.3/../../../../arm-none-eabi/lib/armv7-m/libg_nano.a(lib_a-sbrkr.o)
 .debug_frame   0x00001be0       0x70 /opt/gcc-arm-none-eabi-4_9-2015q3/bin/../lib/gcc/arm-none-eabi/4.9.3/../../../../arm-none-eabi/lib/armv7-m/libg_nano.a(lib_a-sprintf.o)
 .debug_frame   0x00001c50       0x20 /opt/gcc-arm-none-eabi-4_9-2015q3/bin/../lib/gcc/arm-none-eabi/4.9.3/../../../../arm-none-eabi/lib/armv7-m/libg_nano.a(lib_a-strlen.o)
 .debug_frame   0x00001c70       0x2c /opt/gcc-arm-none-eabi-4_9-2015q3/bin/../lib/gcc/arm-none-eabi/4.9.3/../../../../arm-none-eabi/lib/armv7-m/libg_nano.a(lib_a-strstr.o)
 .debug_frame   0x00001c9c       0x50 /opt/gcc-arm-none-eabi-4_9-2015q3/bin/../lib/gcc/arm-none-eabi/4.9.3/../../../../arm-none-eabi/lib/armv7-m/libg_nano.a(lib_a-vsnprintf.o)
 .debug_frame   0x00001cec       0x8c /opt/gcc-arm-none-eabi-4_9-2015q3/bin/../lib/gcc/arm-none-eabi/4.9.3/../../../../arm-none-eabi/lib/armv7-m/libg_nano.a(lib_a-nano-svfprintf.o)
 .debug_frame   0x00001d78       0x58 /opt/gcc-arm-none-eabi-4_9-2015q3/bin/../lib/gcc/arm-none-eabi/4.9.3/../../../../arm-none-eabi/lib/armv7-m/libg_nano.a(lib_a-nano-vfprintf_i.o)
 .debug_frame   0x00001dd0       0x28 /opt/gcc-arm-none-eabi-4_9-2015q3/bin/../lib/gcc/arm-none-eabi/4.9.3/../../../../arm-none-eabi/lib/armv7-m/libg_nano.a(lib_a-memchr.o)
 .debug_frame   0x00001df8       0x28 /opt/gcc-arm-none-eabi-4_9-2015q3/bin/../lib/gcc/arm-none-eabi/4.9.3/../../../../arm-none-eabi/lib/armv7-m/libg_nano.a(lib_a-memmove.o)
 .debug_frame   0x00001e20       0x3c /opt/gcc-arm-none-eabi-4_9-2015q3/bin/../lib/gcc/arm-none-eabi/4.9.3/../../../../arm-none-eabi/lib/armv7-m/libg_nano.a(lib_a-nano-reallocr.o)
 .debug_frame   0x00001e5c       0x20 /opt/gcc-arm-none-eabi-4_9-2015q3/bin/../lib/gcc/arm-none-eabi/4.9.3/../../../../arm-none-eabi/lib/armv7-m/libg_nano.a(lib_a-nano-msizer.o)

.debug_str      0x00000000    0x5d4c5
 *(.debug_str)
 .debug_str     0x00000000    0x4e013 ./system/src/stm32f1-stdperiph/misc.o
                              0x4e1a6 (size before relaxing)
 .debug_str     0x0004e013      0x5d4 ./system/src/stm32f1-stdperiph/stm32f10x_gpio.o
                              0x4e524 (size before relaxing)
 .debug_str     0x0004e5e7      0xb4a ./system/src/stm32f1-stdperiph/stm32f10x_rcc.o
                              0x4eaf3 (size before relaxing)
 .debug_str     0x0004f131      0x80c ./system/src/stm32f1-stdperiph/stm32f10x_usart.o
                              0x4e85d (size before relaxing)
 .debug_str     0x0004f93d     0x398b ./system/src/newlib/_exit.o
                               0x5ffe (size before relaxing)
 .debug_str     0x000532c8      0x35e ./system/src/newlib/_sbrk.o
                               0x540f (size before relaxing)
 .debug_str     0x00053626      0x271 ./system/src/newlib/_startup.o
                               0x4fe7 (size before relaxing)
 .debug_str     0x00053897     0x11be ./system/src/newlib/_syscalls.o
                               0x660f (size before relaxing)
 .debug_str     0x00054a55       0xdf ./system/src/newlib/assert.o
                               0x6b07 (size before relaxing)
 .debug_str     0x00054b34      0x9bc ./system/src/diag/Trace.o
                               0x691f (size before relaxing)
 .debug_str     0x000554f0      0x378 ./system/src/diag/trace_impl.o
                              0x50fd1 (size before relaxing)
 .debug_str     0x00055868       0x5e ./system/src/cortexm/_initialize_hardware.o
                              0x4e00e (size before relaxing)
 .debug_str     0x000558c6      0x17d ./system/src/cortexm/exception_handlers.o
                              0x51d6f (size before relaxing)
 .debug_str     0x00055a43       0xa6 ./system/src/cmsis/system_stm32f10x.o
                              0x4e0b8 (size before relaxing)
 .debug_str     0x00055ae9       0x57 ./system/src/cmsis/vectors_stm32f10x.o
                               0x305d (size before relaxing)
 .debug_str     0x00055b40      0x21e ./src/UART_freertos.o
                              0x4e1ab (size before relaxing)
 .debug_str     0x00055d5e     0x3412 ./src/heap_3.o
                               0x8a7a (size before relaxing)
 .debug_str     0x00059170      0x130 ./src/list.o
                               0x8562 (size before relaxing)
 .debug_str     0x000592a0     0x1dcf ./src/main.o
                              0x579b0 (size before relaxing)
 .debug_str     0x0005b06f      0x64b ./src/port.o
                               0x6d00 (size before relaxing)
 .debug_str     0x0005b6ba      0x78e ./src/queue.o
                               0x9bd1 (size before relaxing)
 .debug_str     0x0005be48     0x167d ./src/tasks.o
                               0xa50e (size before relaxing)

.debug_loc      0x00000000     0x5a93
 *(.debug_loc)
 .debug_loc     0x00000000      0x1cc ./system/src/stm32f1-stdperiph/misc.o
 .debug_loc     0x000001cc      0x773 ./system/src/stm32f1-stdperiph/stm32f10x_gpio.o
 .debug_loc     0x0000093f      0x98f ./system/src/stm32f1-stdperiph/stm32f10x_rcc.o
 .debug_loc     0x000012ce      0xc43 ./system/src/stm32f1-stdperiph/stm32f10x_usart.o
 .debug_loc     0x00001f11       0x82 ./system/src/newlib/_sbrk.o
 .debug_loc     0x00001f93      0x265 ./system/src/newlib/_startup.o
 .debug_loc     0x000021f8       0x63 ./system/src/newlib/_syscalls.o
 .debug_loc     0x0000225b       0xec ./system/src/newlib/assert.o
 .debug_loc     0x00002347       0xf7 ./system/src/diag/Trace.o
 .debug_loc     0x0000243e      0x17c ./system/src/diag/trace_impl.o
 .debug_loc     0x000025ba      0x2a8 ./system/src/cortexm/exception_handlers.o
 .debug_loc     0x00002862       0xe4 ./system/src/cmsis/system_stm32f10x.o
 .debug_loc     0x00002946      0x4bc ./src/UART_freertos.o
 .debug_loc     0x00002e02       0x73 ./src/heap_3.o
 .debug_loc     0x00002e75       0x65 ./src/list.o
 .debug_loc     0x00002eda      0x980 ./src/main.o
 .debug_loc     0x0000385a       0x94 ./src/port.o
 .debug_loc     0x000038ee     0x10af ./src/queue.o
 .debug_loc     0x0000499d     0x10f6 ./src/tasks.o

.debug_macinfo
 *(.debug_macinfo)

.debug_weaknames
 *(.debug_weaknames)

.debug_funcnames
 *(.debug_funcnames)

.debug_typenames
 *(.debug_typenames)

.debug_varnames
 *(.debug_varnames)
OUTPUT(stm32_esp_client.elf elf32-littlearm)

.debug_ranges   0x00000000      0x9b0
 .debug_ranges  0x00000000       0x30 ./system/src/stm32f1-stdperiph/misc.o
 .debug_ranges  0x00000030       0x98 ./system/src/stm32f1-stdperiph/stm32f10x_gpio.o
 .debug_ranges  0x000000c8      0x108 ./system/src/stm32f1-stdperiph/stm32f10x_rcc.o
 .debug_ranges  0x000001d0       0xf0 ./system/src/stm32f1-stdperiph/stm32f10x_usart.o
 .debug_ranges  0x000002c0       0x18 ./system/src/newlib/_exit.o
 .debug_ranges  0x000002d8       0x10 ./system/src/newlib/_sbrk.o
 .debug_ranges  0x000002e8       0x48 ./system/src/newlib/_startup.o
 .debug_ranges  0x00000330       0x20 ./system/src/newlib/_syscalls.o
 .debug_ranges  0x00000350       0x18 ./system/src/newlib/assert.o
 .debug_ranges  0x00000368       0x28 ./system/src/diag/Trace.o
 .debug_ranges  0x00000390       0x38 ./system/src/diag/trace_impl.o
 .debug_ranges  0x000003c8       0x18 ./system/src/cortexm/_initialize_hardware.o
 .debug_ranges  0x000003e0       0x98 ./system/src/cortexm/exception_handlers.o
 .debug_ranges  0x00000478       0x28 ./system/src/cmsis/system_stm32f10x.o
 .debug_ranges  0x000004a0       0x10 ./system/src/cmsis/vectors_stm32f10x.o
 .debug_ranges  0x000004b0       0x40 ./src/UART_freertos.o
 .debug_ranges  0x000004f0       0x18 ./src/heap_3.o
 .debug_ranges  0x00000508       0x30 ./src/list.o
 .debug_ranges  0x00000538      0x128 ./src/main.o
 .debug_ranges  0x00000660       0x60 ./src/port.o
 .debug_ranges  0x000006c0      0x130 ./src/queue.o
 .debug_ranges  0x000007f0      0x1c0 ./src/tasks.o

.debug_macro    0x00000000    0x108c0
 .debug_macro   0x00000000      0x171 ./system/src/stm32f1-stdperiph/misc.o
 .debug_macro   0x00000171      0x88c ./system/src/stm32f1-stdperiph/misc.o
 .debug_macro   0x000009fd       0x50 ./system/src/stm32f1-stdperiph/misc.o
 .debug_macro   0x00000a4d      0x34e ./system/src/stm32f1-stdperiph/misc.o
 .debug_macro   0x00000d9b       0x35 ./system/src/stm32f1-stdperiph/misc.o
 .debug_macro   0x00000dd0       0x34 ./system/src/stm32f1-stdperiph/misc.o
 .debug_macro   0x00000e04      0xb8e ./system/src/stm32f1-stdperiph/misc.o
 .debug_macro   0x00001992     0x7dbe ./system/src/stm32f1-stdperiph/misc.o
 .debug_macro   0x00009750      0x2e4 ./system/src/stm32f1-stdperiph/misc.o
 .debug_macro   0x00009a34      0x144 ./system/src/stm32f1-stdperiph/misc.o
 .debug_macro   0x00009b78      0x3cf ./system/src/stm32f1-stdperiph/misc.o
 .debug_macro   0x00009f47       0xc8 ./system/src/stm32f1-stdperiph/misc.o
 .debug_macro   0x0000a00f      0x17a ./system/src/stm32f1-stdperiph/misc.o
 .debug_macro   0x0000a189       0xac ./system/src/stm32f1-stdperiph/misc.o
 .debug_macro   0x0000a235      0x3ad ./system/src/stm32f1-stdperiph/misc.o
 .debug_macro   0x0000a5e2       0x9d ./system/src/stm32f1-stdperiph/misc.o
 .debug_macro   0x0000a67f      0x2cf ./system/src/stm32f1-stdperiph/misc.o
 .debug_macro   0x0000a94e      0x279 ./system/src/stm32f1-stdperiph/misc.o
 .debug_macro   0x0000abc7      0x2ac ./system/src/stm32f1-stdperiph/misc.o
 .debug_macro   0x0000ae73      0x2b4 ./system/src/stm32f1-stdperiph/misc.o
 .debug_macro   0x0000b127       0x64 ./system/src/stm32f1-stdperiph/misc.o
 .debug_macro   0x0000b18b       0x82 ./system/src/stm32f1-stdperiph/misc.o
 .debug_macro   0x0000b20d      0x3e2 ./system/src/stm32f1-stdperiph/misc.o
 .debug_macro   0x0000b5ef       0x58 ./system/src/stm32f1-stdperiph/misc.o
 .debug_macro   0x0000b647      0x344 ./system/src/stm32f1-stdperiph/misc.o
 .debug_macro   0x0000b98b      0x2c4 ./system/src/stm32f1-stdperiph/misc.o
 .debug_macro   0x0000bc4f      0x711 ./system/src/stm32f1-stdperiph/misc.o
 .debug_macro   0x0000c360      0x222 ./system/src/stm32f1-stdperiph/misc.o
 .debug_macro   0x0000c582       0x34 ./system/src/stm32f1-stdperiph/misc.o
 .debug_macro   0x0000c5b6       0x35 ./system/src/stm32f1-stdperiph/misc.o
 .debug_macro   0x0000c5eb       0x85 ./system/src/stm32f1-stdperiph/misc.o
 .debug_macro   0x0000c670      0x1b9 ./system/src/stm32f1-stdperiph/stm32f10x_gpio.o
 .debug_macro   0x0000c829      0x2a6 ./system/src/stm32f1-stdperiph/stm32f10x_gpio.o
 .debug_macro   0x0000cacf      0x287 ./system/src/stm32f1-stdperiph/stm32f10x_rcc.o
 .debug_macro   0x0000cd56      0x3dc ./system/src/stm32f1-stdperiph/stm32f10x_rcc.o
 .debug_macro   0x0000d132      0x21f ./system/src/stm32f1-stdperiph/stm32f10x_usart.o
 .debug_macro   0x0000d351      0x21c ./system/src/stm32f1-stdperiph/stm32f10x_usart.o
 .debug_macro   0x0000d56d      0x131 ./system/src/newlib/_exit.o
 .debug_macro   0x0000d69e       0x9c ./system/src/newlib/_exit.o
 .debug_macro   0x0000d73a      0x10e ./system/src/newlib/_exit.o
 .debug_macro   0x0000d848       0x86 ./system/src/newlib/_exit.o
 .debug_macro   0x0000d8ce       0x43 ./system/src/newlib/_exit.o
 .debug_macro   0x0000d911      0x27a ./system/src/newlib/_exit.o
 .debug_macro   0x0000db8b       0x35 ./system/src/newlib/_exit.o
 .debug_macro   0x0000dbc0       0xed ./system/src/newlib/_sbrk.o
 .debug_macro   0x0000dcad      0x16d ./system/src/newlib/_sbrk.o
 .debug_macro   0x0000de1a       0x10 ./system/src/newlib/_sbrk.o
 .debug_macro   0x0000de2a      0x23b ./system/src/newlib/_sbrk.o
 .debug_macro   0x0000e065       0xf7 ./system/src/newlib/_startup.o
 .debug_macro   0x0000e15c      0x1ad ./system/src/newlib/_syscalls.o
 .debug_macro   0x0000e309       0x1c ./system/src/newlib/_syscalls.o
 .debug_macro   0x0000e325       0x10 ./system/src/newlib/_syscalls.o
 .debug_macro   0x0000e335       0x10 ./system/src/newlib/_syscalls.o
 .debug_macro   0x0000e345       0x10 ./system/src/newlib/_syscalls.o
 .debug_macro   0x0000e355       0x10 ./system/src/newlib/_syscalls.o
 .debug_macro   0x0000e365       0x35 ./system/src/newlib/_syscalls.o
 .debug_macro   0x0000e39a      0x122 ./system/src/newlib/_syscalls.o
 .debug_macro   0x0000e4bc       0x2e ./system/src/newlib/_syscalls.o
 .debug_macro   0x0000e4ea       0x82 ./system/src/newlib/_syscalls.o
 .debug_macro   0x0000e56c       0x2b ./system/src/newlib/_syscalls.o
 .debug_macro   0x0000e597      0x118 ./system/src/newlib/_syscalls.o
 .debug_macro   0x0000e6af      0x159 ./system/src/newlib/_syscalls.o
 .debug_macro   0x0000e808       0x16 ./system/src/newlib/_syscalls.o
 .debug_macro   0x0000e81e      0x14d ./system/src/newlib/assert.o
 .debug_macro   0x0000e96b       0x1c ./system/src/newlib/assert.o
 .debug_macro   0x0000e987      0x15e ./system/src/diag/Trace.o
 .debug_macro   0x0000eae5       0x16 ./system/src/diag/Trace.o
 .debug_macro   0x0000eafb       0x97 ./system/src/diag/Trace.o
 .debug_macro   0x0000eb92       0xf6 ./system/src/diag/Trace.o
 .debug_macro   0x0000ec88       0x10 ./system/src/diag/Trace.o
 .debug_macro   0x0000ec98       0x16 ./system/src/diag/Trace.o
 .debug_macro   0x0000ecae      0x197 ./system/src/diag/Trace.o
 .debug_macro   0x0000ee45       0x52 ./system/src/diag/Trace.o
 .debug_macro   0x0000ee97       0x16 ./system/src/diag/Trace.o
 .debug_macro   0x0000eead      0x25e ./system/src/diag/trace_impl.o
 .debug_macro   0x0000f10b       0x10 ./system/src/diag/trace_impl.o
 .debug_macro   0x0000f11b       0xc8 ./system/src/diag/trace_impl.o
 .debug_macro   0x0000f1e3       0x19 ./system/src/diag/trace_impl.o
 .debug_macro   0x0000f1fc       0xbe ./system/src/diag/trace_impl.o
 .debug_macro   0x0000f2ba       0x22 ./system/src/diag/trace_impl.o
 .debug_macro   0x0000f2dc      0x16b ./system/src/cortexm/_initialize_hardware.o
 .debug_macro   0x0000f447      0x294 ./system/src/cortexm/exception_handlers.o
 .debug_macro   0x0000f6db       0x3b ./system/src/cortexm/exception_handlers.o
 .debug_macro   0x0000f716       0x10 ./system/src/cortexm/exception_handlers.o
 .debug_macro   0x0000f726      0x16e ./system/src/cmsis/system_stm32f10x.o
 .debug_macro   0x0000f894       0x34 ./system/src/cmsis/vectors_stm32f10x.o
 .debug_macro   0x0000f8c8      0x170 ./src/UART_freertos.o
 .debug_macro   0x0000fa38       0x76 ./src/UART_freertos.o
 .debug_macro   0x0000faae      0x16a ./src/heap_3.o
 .debug_macro   0x0000fc18      0x14f ./src/list.o
 .debug_macro   0x0000fd67      0x3d3 ./src/main.o
 .debug_macro   0x0001013a       0x94 ./src/main.o
 .debug_macro   0x000101ce       0x78 ./src/main.o
 .debug_macro   0x00010246       0x7c ./src/main.o
 .debug_macro   0x000102c2       0x10 ./src/main.o
 .debug_macro   0x000102d2       0x1c ./src/main.o
 .debug_macro   0x000102ee       0x3a ./src/main.o
 .debug_macro   0x00010328       0x64 ./src/main.o
 .debug_macro   0x0001038c      0x137 ./src/port.o
 .debug_macro   0x000104c3      0x1c1 ./src/queue.o
 .debug_macro   0x00010684      0x22b ./src/tasks.o
 .debug_macro   0x000108af       0x11 ./src/tasks.o
